Archive member included to satisfy reference by file (symbol)

C:/ProgramData/MATLAB/SupportPackages/R2022a/toolbox/target/supportpackages/freedomk64f/bin/libcodertarget_RTIOStreamAppSvc.lib(RTIOStreamTgtAppSvcCIntrf.o)
                              k64f_rtiostream_commservice.o (sendToCommSvc)
C:/ProgramData/MATLAB/SupportPackages/R2022a/toolbox/target/supportpackages/freedomk64f/bin/libcodertarget_RTIOStreamAppSvc.lib(RTIOStreamTgtAppSvc.o)
                              C:/ProgramData/MATLAB/SupportPackages/R2022a/toolbox/target/supportpackages/freedomk64f/bin/libcodertarget_RTIOStreamAppSvc.lib(RTIOStreamTgtAppSvcCIntrf.o) (RTIOStreamTgtAppSvc::get_instance())
C:/ProgramData/MATLAB/SupportPackages/R2022a/toolbox/target/supportpackages/freedomk64f/bin/bm/libcodertarget_TargetServices.lib(CommService.o)
                              C:/ProgramData/MATLAB/SupportPackages/R2022a/toolbox/target/supportpackages/freedomk64f/bin/libcodertarget_RTIOStreamAppSvc.lib(RTIOStreamTgtAppSvc.o) (coder::tgtsvc::CommService::sendMessage(coder::tgtsvc::Message*, coder::tgtsvc::Message::Priority))
C:/ProgramData/MATLAB/SupportPackages/R2022a/toolbox/target/supportpackages/freedomk64f/bin/bm/libcodertarget_TargetServices.lib(Application.o)
                              C:/ProgramData/MATLAB/SupportPackages/R2022a/toolbox/target/supportpackages/freedomk64f/bin/bm/libcodertarget_TargetServices.lib(CommService.o) (coder::tgtsvc::Application::dispatch(coder::tgtsvc::Message*))
C:/ProgramData/MATLAB/SupportPackages/R2022a/toolbox/target/supportpackages/freedomk64f/bin/bm/libcodertarget_TargetServices.lib(Message.o)
                              C:/ProgramData/MATLAB/SupportPackages/R2022a/toolbox/target/supportpackages/freedomk64f/bin/bm/libcodertarget_TargetServices.lib(CommService.o) (coder::tgtsvc::Message::operator new(unsigned int))
C:/ProgramData/MATLAB/SupportPackages/R2022a/toolbox/target/supportpackages/freedomk64f/bin/bm/libcodertarget_TargetServices.lib(critical_section.o)
                              C:/ProgramData/MATLAB/SupportPackages/R2022a/toolbox/target/supportpackages/freedomk64f/bin/bm/libcodertarget_TargetServices.lib(CommService.o) (enter_critical_section)
C:/ProgramData/MATLAB/SupportPackages/R2022a/toolbox/target/supportpackages/freedomk64f/bin/bm/libcodertarget_TargetServices.lib(MemoryService.o)
                              C:/ProgramData/MATLAB/SupportPackages/R2022a/toolbox/target/supportpackages/freedomk64f/bin/bm/libcodertarget_TargetServices.lib(Message.o) (coder::tgtsvc::MemoryService::instance())
C:/ProgramData/MATLAB/SupportPackages/R2022a/3P.instrset/cmsis.instrset/CMSIS/RTOS/RTX/LIB/GCC/libRTX_CM4.a(rt_cmsis.o)
                              RTX_Conf_CM.o (osKernelInitialize)
C:/ProgramData/MATLAB/SupportPackages/R2022a/3P.instrset/cmsis.instrset/CMSIS/RTOS/RTX/LIB/GCC/libRTX_CM4.a(hal_cm.o)
                              C:/ProgramData/MATLAB/SupportPackages/R2022a/3P.instrset/cmsis.instrset/CMSIS/RTOS/RTX/LIB/GCC/libRTX_CM4.a(rt_cmsis.o) (rt_ret_val)
C:/ProgramData/MATLAB/SupportPackages/R2022a/3P.instrset/cmsis.instrset/CMSIS/RTOS/RTX/LIB/GCC/libRTX_CM4.a(rt_memory.o)
                              C:/ProgramData/MATLAB/SupportPackages/R2022a/3P.instrset/cmsis.instrset/CMSIS/RTOS/RTX/LIB/GCC/libRTX_CM4.a(rt_cmsis.o) (rt_init_mem)
C:/ProgramData/MATLAB/SupportPackages/R2022a/3P.instrset/cmsis.instrset/CMSIS/RTOS/RTX/LIB/GCC/libRTX_CM4.a(rt_membox.o)
                              C:/ProgramData/MATLAB/SupportPackages/R2022a/3P.instrset/cmsis.instrset/CMSIS/RTOS/RTX/LIB/GCC/libRTX_CM4.a(rt_cmsis.o) (_init_box)
C:/ProgramData/MATLAB/SupportPackages/R2022a/3P.instrset/cmsis.instrset/CMSIS/RTOS/RTX/LIB/GCC/libRTX_CM4.a(rt_mutex.o)
                              C:/ProgramData/MATLAB/SupportPackages/R2022a/3P.instrset/cmsis.instrset/CMSIS/RTOS/RTX/LIB/GCC/libRTX_CM4.a(rt_cmsis.o) (rt_mut_init)
C:/ProgramData/MATLAB/SupportPackages/R2022a/3P.instrset/cmsis.instrset/CMSIS/RTOS/RTX/LIB/GCC/libRTX_CM4.a(rt_time.o)
                              C:/ProgramData/MATLAB/SupportPackages/R2022a/3P.instrset/cmsis.instrset/CMSIS/RTOS/RTX/LIB/GCC/libRTX_CM4.a(rt_cmsis.o) (os_time)
C:/ProgramData/MATLAB/SupportPackages/R2022a/3P.instrset/cmsis.instrset/CMSIS/RTOS/RTX/LIB/GCC/libRTX_CM4.a(rt_semaphore.o)
                              C:/ProgramData/MATLAB/SupportPackages/R2022a/3P.instrset/cmsis.instrset/CMSIS/RTOS/RTX/LIB/GCC/libRTX_CM4.a(rt_cmsis.o) (rt_sem_init)
C:/ProgramData/MATLAB/SupportPackages/R2022a/3P.instrset/cmsis.instrset/CMSIS/RTOS/RTX/LIB/GCC/libRTX_CM4.a(rt_mailbox.o)
                              C:/ProgramData/MATLAB/SupportPackages/R2022a/3P.instrset/cmsis.instrset/CMSIS/RTOS/RTX/LIB/GCC/libRTX_CM4.a(rt_cmsis.o) (rt_mbx_init)
C:/ProgramData/MATLAB/SupportPackages/R2022a/3P.instrset/cmsis.instrset/CMSIS/RTOS/RTX/LIB/GCC/libRTX_CM4.a(rt_list.o)
[...]
Memory Configuration

Name             Origin             Length             Attributes
m_interrupts     0x00000000         0x00000400         xr
m_flash_config   0x00000400         0x00000010         xr
m_text           0x00000410         0x000ffbf0         xr
m_data_2         0x1fff0000         0x00010000         rw
m_data           0x20000000         0x00030000         rw
*default*        0x00000000         0xffffffff

Linker script and memory map

LOAD c:/progra~3/matlab/suppor~1/r2022a/3p778c~1.ins/gnuarm~1.ins/win/bin/../lib/gcc/arm-none-eabi/9.3.1/thumb/v7e-m+fp/hard/crti.o
LOAD c:/progra~3/matlab/suppor~1/r2022a/3p778c~1.ins/gnuarm~1.ins/win/bin/../lib/gcc/arm-none-eabi/9.3.1/thumb/v7e-m+fp/hard/crtbegin.o
LOAD c:/progra~3/matlab/suppor~1/r2022a/3p778c~1.ins/gnuarm~1.ins/win/bin/../lib/gcc/arm-none-eabi/9.3.1/../../../../arm-none-eabi/lib/thumb/v7e-m+fp/hard/crt0.o
LOAD MW_digitalIO.o
LOAD mw_sdk_interface.o
LOAD MW_AnalogInput.o
LOAD MW_PWM.o
LOAD ert_main.o
LOAD P1.o
LOAD P1_data.o
LOAD P1_tgtconn.o
LOAD updown.o
LOAD ext_work.o
LOAD startup.o
LOAD system_MK64F12.o
LOAD startup_MK64F12.o
LOAD board.o
LOAD hardware_init.o
LOAD pin_mux.o
LOAD fsl_misc_utilities.o
LOAD fsl_edma_irq.o
LOAD fsl_uart_irq.o
LOAD irq_stub.o
LOAD sbrk.o
LOAD cmsis_rtos_init.o
LOAD RTX_Conf_CM.o
LOAD mw_thread.o
LOAD mw_semaphore.o
LOAD mw_timer.o
LOAD mw_signal.o
LOAD k64f_rtiostream_interface.o
LOAD k64f_rtiostream_commservice.o
LOAD k64f_ext_svr.o
LOAD k64f_rtiostream_utils.o
LOAD tgtSvc_UARTInfo.o
LOAD C:/ProgramData/MATLAB/SupportPackages/R2022a/toolbox/target/supportpackages/freedomk64f/bin/libcodertarget_RTIOStreamAppSvc.lib
LOAD C:/ProgramData/MATLAB/SupportPackages/R2022a/toolbox/target/supportpackages/freedomk64f/bin/bm/libcodertarget_TargetServices.lib
LOAD C:/ProgramData/MATLAB/SupportPackages/R2022a/3P.instrset/cmsis.instrset/CMSIS/DSP/Lib/GCC/libarm_cortexM4lf_math.a
LOAD C:/ProgramData/MATLAB/SupportPackages/R2022a/3P.instrset/cmsis.instrset/CMSIS/RTOS/RTX/LIB/GCC/libRTX_CM4.a
LOAD C:/ProgramData/MATLAB/SupportPackages/R2022a/toolbox/target/supportpackages/freedomk64f/src/ksdk_armgcc_lib/bm/libksdk_platform.a
LOAD c:/progra~3/matlab/suppor~1/r2022a/3p778c~1.ins/gnuarm~1.ins/win/bin/../lib/gcc/arm-none-eabi/9.3.1/../../../../arm-none-eabi/lib/thumb/v7e-m+fp/hard\libstdc++.a
LOAD c:/progra~3/matlab/suppor~1/r2022a/3p778c~1.ins/gnuarm~1.ins/win/bin/../lib/gcc/arm-none-eabi/9.3.1/../../../../arm-none-eabi/lib/thumb/v7e-m+fp/hard\libm.a
START GROUP
LOAD c:/progra~3/matlab/suppor~1/r2022a/3p778c~1.ins/gnuarm~1.ins/win/bin/../lib/gcc/arm-none-eabi/9.3.1/thumb/v7e-m+fp/hard\libgcc.a
LOAD c:/progra~3/matlab/suppor~1/r2022a/3p778c~1.ins/gnuarm~1.ins/win/bin/../lib/gcc/arm-none-eabi/9.3.1/../../../../arm-none-eabi/lib/thumb/v7e-m+fp/hard\libg.a
LOAD c:/progra~3/matlab/suppor~1/r2022a/3p778c~1.ins/gnuarm~1.ins/win/bin/../lib/gcc/arm-none-eabi/9.3.1/../../../../arm-none-eabi/lib/thumb/v7e-m+fp/hard\libc.a
END GROUP
START GROUP
LOAD c:/progra~3/matlab/suppor~1/r2022a/3p778c~1.ins/gnuarm~1.ins/win/bin/../lib/gcc/arm-none-eabi/9.3.1/thumb/v7e-m+fp/hard\libgcc.a
LOAD c:/progra~3/matlab/suppor~1/r2022a/3p778c~1.ins/gnuarm~1.ins/win/bin/../lib/gcc/arm-none-eabi/9.3.1/../../../../arm-none-eabi/lib/thumb/v7e-m+fp/hard\libc.a
LOAD c:/progra~3/matlab/suppor~1/r2022a/3p778c~1.ins/gnuarm~1.ins/win/bin/../lib/gcc/arm-none-eabi/9.3.1/../../../../arm-none-eabi/lib/thumb/v7e-m+fp/hard\libnosys.a
END GROUP
LOAD c:/progra~3/matlab/suppor~1/r2022a/3p778c~1.ins/gnuarm~1.ins/win/bin/../lib/gcc/arm-none-eabi/9.3.1/thumb/v7e-m+fp/hard/crtend.o
LOAD c:/progra~3/matlab/suppor~1/r2022a/3p778c~1.ins/gnuarm~1.ins/win/bin/../lib/gcc/arm-none-eabi/9.3.1/thumb/v7e-m+fp/hard/crtn.o
                0x00000400                HEAP_SIZE = DEFINED (__heap_size__)?__heap_size__:0x400
                0x00000400                STACK_SIZE = DEFINED (__stack_size__)?__stack_size__:0x400
                0x00000000                M_VECTOR_RAM_SIZE = DEFINED (__ram_vector_table__)?0x400:0x0

.interrupts     0x00000000      0x400
                0x00000000                __VECTOR_TABLE = .
                0x00000000                . = ALIGN (0x4)
 *(.isr_vector)
 .isr_vector    0x00000000      0x400 startup_MK64F12.o
                0x00000000                __isr_vector
                0x00000400                . = ALIGN (0x4)

.flash_config   0x00000400       0x10
                0x00000400                . = ALIGN (0x4)
 *(.FlashConfig)
 .FlashConfig   0x00000400       0x10 startup_MK64F12.o
                0x00000410                . = ALIGN (0x4)

.text           0x00000440    0x1e4b0
                0x00000440                . = ALIGN (0x4)
 *(.text)
 .text          0x00000440       0x40 c:/progra~3/matlab/suppor~1/r2022a/3p778c~1.ins/gnuarm~1.ins/win/bin/../lib/gcc/arm-none-eabi/9.3.1/thumb/v7e-m+fp/hard/crtbegin.o
 .text          0x00000480       0x7c c:/progra~3/matlab/suppor~1/r2022a/3p778c~1.ins/gnuarm~1.ins/win/bin/../lib/gcc/arm-none-eabi/9.3.1/../../../../arm-none-eabi/lib/thumb/v7e-m+fp/hard/crt0.o
                0x00000480                _stack_init
                0x00000488                _start
                0x00000488                _mainCRTStartup
 .text          0x000004fc       0x14 startup_MK64F12.o
                0x000004fc                Reset_Handler
                0x0000050c                ENET_Receive_IRQHandler
                0x0000050c                ENET_1588_Timer_IRQHandler
                0x0000050c                DefaultISR
                0x0000050c                PIT2_IRQHandler
                0x0000050c                PIT0_IRQHandler
                0x0000050c                ENET_Error_IRQHandler
                0x0000050c                PIT3_IRQHandler
                0x0000050c                SDHC_IRQHandler
                0x0000050c                ENET_Transmit_IRQHandler
                0x0000050c                PIT1_IRQHandler
 .text          0x00000510      0x198 C:/ProgramData/MATLAB/SupportPackages/R2022a/3P.instrset/cmsis.instrset/CMSIS/RTOS/RTX/LIB/GCC/libRTX_CM4.a(hal_cm4.o)
                0x00000510                rt_set_PSP
                0x00000516                rt_get_PSP
                0x0000051c                os_set_env
                0x00000534                _alloc_box
                0x00000550                _free_box
                0x0000056c                SVC_Handler
                0x00000612                PendSV_Handler
                0x00000618                Sys_Switch
                0x00000672                SysTick_Handler
                0x0000067c                OS_Tick_Handler
 .text          0x000006a8     0x6ca8 c:/progra~3/matlab/suppor~1/r2022a/3p778c~1.ins/gnuarm~1.ins/win/bin/../lib/gcc/arm-none-eabi/9.3.1/../../../../arm-none-eabi/lib/thumb/v7e-m+fp/hard\libstdc++.a(cp-demangle.o)
                0x00007268                __cxa_demangle
                0x0000732c                __gcclibcxx_demangle_callback
 .text          0x00007350      0x378 c:/progra~3/matlab/suppor~1/r2022a/3p778c~1.ins/gnuarm~1.ins/win/bin/../lib/gcc/arm-none-eabi/9.3.1/thumb/v7e-m+fp/hard\libgcc.a(_arm_addsubdf3.o)
                0x00007350                __aeabi_drsub
                0x00007358                __aeabi_dsub
                0x00007358                __subdf3
                0x0000735c                __aeabi_dadd
                0x0000735c                __adddf3
                0x000075d4                __floatunsidf
                0x000075d4                __aeabi_ui2d
                0x000075f4                __floatsidf
                0x000075f4                __aeabi_i2d
                0x00007618                __aeabi_f2d
                0x00007618                __extendsfdf2
                0x0000765c                __floatundidf
                0x0000765c                __aeabi_ul2d
                0x0000766c                __floatdidf
                0x0000766c                __aeabi_l2d
 .text          0x000076c8      0x424 c:/progra~3/matlab/suppor~1/r2022a/3p778c~1.ins/gnuarm~1.ins/win/bin/../lib/gcc/arm-none-eabi/9.3.1/thumb/v7e-m+fp/hard\libgcc.a(_arm_muldivdf3.o)
                0x000076c8                __aeabi_dmul
                0x000076c8                __muldf3
                0x0000791c                __divdf3
                0x0000791c                __aeabi_ddiv
 .text          0x00007aec      0x110 c:/progra~3/matlab/suppor~1/r2022a/3p778c~1.ins/gnuarm~1.ins/win/bin/../lib/gcc/arm-none-eabi/9.3.1/thumb/v7e-m+fp/hard\libgcc.a(_arm_cmpdf2.o)
                0x00007aec                __gtdf2
                0x00007aec                __gedf2
                0x00007af4                __ltdf2
                0x00007af4                __ledf2
                0x00007afc                __nedf2
                0x00007afc                __eqdf2
                0x00007afc                __cmpdf2
                0x00007b78                __aeabi_cdrcmple
                0x00007b88                __aeabi_cdcmpeq
                0x00007b88                __aeabi_cdcmple
                0x00007b98                __aeabi_dcmpeq
                0x00007bac                __aeabi_dcmplt
                0x00007bc0                __aeabi_dcmple
                0x00007bd4                __aeabi_dcmpge
                0x00007be8                __aeabi_dcmpgt
 .text          0x00007bfc       0x40 c:/progra~3/matlab/suppor~1/r2022a/3p778c~1.ins/gnuarm~1.ins/win/bin/../lib/gcc/arm-none-eabi/9.3.1/thumb/v7e-m+fp/hard\libgcc.a(_arm_fixunsdfsi.o)
                0x00007bfc                __aeabi_d2uiz
                0x00007bfc                __fixunsdfsi
 .text          0x00007c3c       0x30 c:/progra~3/matlab/suppor~1/r2022a/3p778c~1.ins/gnuarm~1.ins/win/bin/../lib/gcc/arm-none-eabi/9.3.1/thumb/v7e-m+fp/hard\libgcc.a(_aeabi_uldivmod.o)
                0x00007c3c                __aeabi_uldivmod
 .text          0x00007c6c      0x2c4 c:/progra~3/matlab/suppor~1/r2022a/3p778c~1.ins/gnuarm~1.ins/win/bin/../lib/gcc/arm-none-eabi/9.3.1/thumb/v7e-m+fp/hard\libgcc.a(_udivmoddi4.o)
                0x00007c6c                __udivmoddi4
 .text          0x00007f30      0x9b8 c:/progra~3/matlab/suppor~1/r2022a/3p778c~1.ins/gnuarm~1.ins/win/bin/../lib/gcc/arm-none-eabi/9.3.1/thumb/v7e-m+fp/hard\libgcc.a(unwind-arm.o)
                0x000081d8                _Unwind_GetCFA
                0x000081dc                __gnu_Unwind_RaiseException
                0x0000823c                __gnu_Unwind_ForcedUnwind
                0x00008250                __gnu_Unwind_Resume
                0x00008294                __gnu_Unwind_Resume_or_Rethrow
                0x000082a4                _Unwind_Complete
                0x000082a8                _Unwind_DeleteException
                0x000082b4                _Unwind_VRS_Get
                0x000082fc                _Unwind_VRS_Set
                0x00008344                __gnu_Unwind_Backtrace
                0x00008664                __aeabi_unwind_cpp_pr0
                0x00008668                __aeabi_unwind_cpp_pr1
                0x0000866c                __aeabi_unwind_cpp_pr2
                0x00008670                _Unwind_VRS_Pop
 .text          0x000088e8      0x1ac c:/progra~3/matlab/suppor~1/r2022a/3p778c~1.ins/gnuarm~1.ins/win/bin/../lib/gcc/arm-none-eabi/9.3.1/thumb/v7e-m+fp/hard\libgcc.a(libunwind.o)
                0x000088e8                __restore_core_regs
                0x000088e8                restore_core_regs
                0x00008900                __gnu_Unwind_Restore_VFP
                0x00008908                __gnu_Unwind_Save_VFP
                0x00008910                __gnu_Unwind_Restore_VFP_D
                0x00008918                __gnu_Unwind_Save_VFP_D
                0x00008920                __gnu_Unwind_Restore_VFP_D_16_to_31
                0x00008928                __gnu_Unwind_Save_VFP_D_16_to_31
                0x00008930                __gnu_Unwind_Restore_WMMXD
                0x00008974                __gnu_Unwind_Save_WMMXD
                0x000089b8                __gnu_Unwind_Restore_WMMXC
                0x000089cc                __gnu_Unwind_Save_WMMXC
                0x000089e0                ___Unwind_RaiseException
                0x000089e0                _Unwind_RaiseException
                0x00008a04                _Unwind_Resume
                0x00008a04                ___Unwind_Resume
                0x00008a28                _Unwind_Resume_or_Rethrow
                0x00008a28                ___Unwind_Resume_or_Rethrow
                0x00008a4c                _Unwind_ForcedUnwind
                0x00008a4c                ___Unwind_ForcedUnwind
                0x00008a70                ___Unwind_Backtrace
                0x00008a70                _Unwind_Backtrace
 .text          0x00008a94      0x340 c:/progra~3/matlab/suppor~1/r2022a/3p778c~1.ins/gnuarm~1.ins/win/bin/../lib/gcc/arm-none-eabi/9.3.1/thumb/v7e-m+fp/hard\libgcc.a(pr-support.o)
                0x00008aec                __gnu_unwind_execute
                0x00008d88                __gnu_unwind_frame
                0x00008db4                _Unwind_GetRegionStart
                0x00008dc0                _Unwind_GetLanguageSpecificData
 .text          0x00008dd4        0x4 c:/progra~3/matlab/suppor~1/r2022a/3p778c~1.ins/gnuarm~1.ins/win/bin/../lib/gcc/arm-none-eabi/9.3.1/thumb/v7e-m+fp/hard\libgcc.a(_dvmd_tls.o)
                0x00008dd4                __aeabi_idiv0
                0x00008dd4                __aeabi_ldiv0
 *fill*         0x00008dd8        0x8 
 .text          0x00008de0       0xa0 c:/progra~3/matlab/suppor~1/r2022a/3p778c~1.ins/gnuarm~1.ins/win/bin/../lib/gcc/arm-none-eabi/9.3.1/../../../../arm-none-eabi/lib/thumb/v7e-m+fp/hard\libg.a(lib_a-memchr.o)
                0x00008de0                memchr
 .text          0x00008e80      0x134 c:/progra~3/matlab/suppor~1/r2022a/3p778c~1.ins/gnuarm~1.ins/win/bin/../lib/gcc/arm-none-eabi/9.3.1/../../../../arm-none-eabi/lib/thumb/v7e-m+fp/hard\libg.a(lib_a-memcpy.o)
                0x00008e80                memcpy
 *fill*         0x00008fb4        0xc 
 .text          0x00008fc0      0x2dc c:/progra~3/matlab/suppor~1/r2022a/3p778c~1.ins/gnuarm~1.ins/win/bin/../lib/gcc/arm-none-eabi/9.3.1/../../../../arm-none-eabi/lib/thumb/v7e-m+fp/hard\libg.a(lib_a-strcmp.o)
                0x00008fc8                strcmp
 *fill*         0x0000929c       0x24 
 .text          0x000092c0       0xdc c:/progra~3/matlab/suppor~1/r2022a/3p778c~1.ins/gnuarm~1.ins/win/bin/../lib/gcc/arm-none-eabi/9.3.1/../../../../arm-none-eabi/lib/thumb/v7e-m+fp/hard\libg.a(lib_a-strlen.o)
                0x000092c0                strlen
 .text          0x0000939c       0x2c c:/progra~3/matlab/suppor~1/r2022a/3p778c~1.ins/gnuarm~1.ins/win/bin/../lib/gcc/arm-none-eabi/9.3.1/thumb/v7e-m+fp/hard\libgcc.a(_arm_unorddf2.o)
                0x0000939c                __unorddf2
                0x0000939c                __aeabi_dcmpun
 .text          0x000093c8       0x50 c:/progra~3/matlab/suppor~1/r2022a/3p778c~1.ins/gnuarm~1.ins/win/bin/../lib/gcc/arm-none-eabi/9.3.1/thumb/v7e-m+fp/hard\libgcc.a(_arm_fixdfsi.o)
                0x000093c8                __aeabi_d2iz
                0x000093c8                __fixdfsi
 *(.text*)
 .text.MW_digitalIO_open
                0x00009418       0xe0 MW_digitalIO.o
                0x00009418                MW_digitalIO_open
 .text.MW_digitalIO_read
                0x000094f8       0x70 MW_digitalIO.o
                0x000094f8                MW_digitalIO_read
 .text.MW_digitalIO_write
                0x00009568       0x7e MW_digitalIO.o
                0x00009568                MW_digitalIO_write
 .text.MW_digitalIO_close
                0x000095e6       0x3c MW_digitalIO.o
                0x000095e6                MW_digitalIO_close
 *fill*         0x00009622        0x2 
 .text.MW_AnalogInSingle_Open
                0x00009624       0xa8 MW_AnalogInput.o
                0x00009624                MW_AnalogInSingle_Open
 .text.MW_AnalogIn_SetTriggerSource
                0x000096cc       0x1a MW_AnalogInput.o
                0x000096cc                MW_AnalogIn_SetTriggerSource
 *fill*         0x000096e6        0x2 
 .text.MW_AnalogInSingle_ReadResult
                0x000096e8       0xb8 MW_AnalogInput.o
                0x000096e8                MW_AnalogInSingle_ReadResult
 .text.MW_AnalogIn_Start
                0x000097a0       0x14 MW_AnalogInput.o
                0x000097a0                MW_AnalogIn_Start
 .text.MW_AnalogIn_Stop
                0x000097b4       0x14 MW_AnalogInput.o
                0x000097b4                MW_AnalogIn_Stop
 .text.MW_AnalogIn_Close
                0x000097c8       0x14 MW_AnalogInput.o
                0x000097c8                MW_AnalogIn_Close
 .text.PORT_HAL_SetMuxMode
                0x000097dc       0x58 MW_PWM.o
 .text.FTM_HAL_SetClockSource
                0x00009834       0x2e MW_PWM.o
 *fill*         0x00009862        0x2 
 .text.MW_PWM_Open
                0x00009864      0x164 MW_PWM.o
                0x00009864                MW_PWM_Open
 .text.MW_PWM_Start
                0x000099c8       0x14 MW_PWM.o
                0x000099c8                MW_PWM_Start
 .text.MW_PWM_SetDutyCycle
                0x000099dc       0x7c MW_PWM.o
                0x000099dc                MW_PWM_SetDutyCycle
 .text.MW_PWM_Stop
                0x00009a58       0x2c MW_PWM.o
                0x00009a58                MW_PWM_Stop
 .text.MW_PWM_Close
                0x00009a84       0x14 MW_PWM.o
                0x00009a84                MW_PWM_Close
 .text.baseRateTask
                0x00009a98       0xec ert_main.o
                0x00009a98                baseRateTask
 .text.terminateTask
                0x00009b84       0x58 ert_main.o
                0x00009b84                terminateTask
 .text.backgroundTask
                0x00009bdc       0x50 ert_main.o
                0x00009bdc                backgroundTask
 .text.main     0x00009c2c       0xac ert_main.o
                0x00009c2c                main
 .text.enter_atomic_CHARGING_C22_AND_j
                0x00009cd8       0x60 P1.o
 .text.enter_atomic_CHARGING_C22_AND_D
                0x00009d38       0x60 P1.o
 .text.P1_step  0x00009d98      0x9d8 P1.o
                0x00009d98                P1_step
 .text.P1_initialize
                0x0000a770      0x5dc P1.o
                0x0000a770                P1_initialize
 .text.P1_terminate
                0x0000ad4c      0x2d4 P1.o
                0x0000ad4c                P1_terminate
 .text.TgtConnInit
                0x0000b020       0x1c P1_tgtconn.o
                0x0000b020                TgtConnInit
 .text.TgtConnTerm
                0x0000b03c        0xc P1_tgtconn.o
                0x0000b03c                TgtConnTerm
 .text.SetParam
                0x0000b048      0x120 updown.o
                0x0000b048                SetParam
 .text.InitUploadSection
                0x0000b168       0xc0 updown.o
 .text.InitSysUploadTable
                0x0000b228      0x17c updown.o
 .text.UploadBufInit
                0x0000b3a4       0x70 updown.o
 .text.UploadDestroyTrigger
                0x0000b414       0xd0 updown.o
 .text.UploadLogInfoReset
                0x0000b4e4       0x6c updown.o
                0x0000b4e4                UploadLogInfoReset
 .text.UploadLogInfoTerm
                0x0000b550      0x108 updown.o
                0x0000b550                UploadLogInfoTerm
 .text.UploadPrepareForFinalFlush
                0x0000b658       0x50 updown.o
                0x0000b658                UploadPrepareForFinalFlush
 .text.UploadLogInfoInit
                0x0000b6a8      0x184 updown.o
                0x0000b6a8                UploadLogInfoInit
 .text.UploadInitTrigger
                0x0000b82c      0x1cc updown.o
                0x0000b82c                UploadInitTrigger
 .text.UploadArmTrigger
                0x0000b9f8       0xa0 updown.o
                0x0000b9f8                UploadArmTrigger
 .text.UploadEndLoggingSession
                0x0000ba98       0x38 updown.o
                0x0000ba98                UploadEndLoggingSession
 .text.UploadCancelLogging
                0x0000bad0       0x64 updown.o
                0x0000bad0                UploadCancelLogging
 .text.UploadBufDataSent
                0x0000bb34       0x68 updown.o
                0x0000bb34                UploadBufDataSent
 .text.UploadBufAssignMem
                0x0000bb9c      0x11e updown.o
 *fill*         0x0000bcba        0x2 
 .text.UploadCheckTriggerSignals
                0x0000bcbc      0x198 updown.o
 .text.UploadBufAddTimePoint
                0x0000be54      0x4d4 updown.o
                0x0000be54                UploadBufAddTimePoint
 .text.UploadCheckTrigger
                0x0000c328       0x94 updown.o
                0x0000c328                UploadCheckTrigger
 .text.UploadCheckEndTrigger
                0x0000c3bc       0x5c updown.o
                0x0000c3bc                UploadCheckEndTrigger
 .text.SetExtBufListFields
                0x0000c418      0x108 updown.o
 .text.SetExtBufListFieldsForEmptyList
                0x0000c520       0x44 updown.o
 .text.UploadBufGetData
                0x0000c564       0xbc updown.o
                0x0000c564                UploadBufGetData
 .text.rtExtModePauseIfNeeded
                0x0000c620       0x5c ext_work.o
                0x0000c620                rtExtModePauseIfNeeded
 .text.rtExtModeWaitForStartPkt
                0x0000c67c       0x64 ext_work.o
                0x0000c67c                rtExtModeWaitForStartPkt
 .text.rtExtModeOneStep
                0x0000c6e0       0x34 ext_work.o
                0x0000c6e0                rtExtModeOneStep
 .text.rtExtModeUpload
                0x0000c714       0x1e ext_work.o
                0x0000c714                rtExtModeUpload
 .text.rtExtModeCheckEndTrigger
                0x0000c732        0xc ext_work.o
                0x0000c732                rtExtModeCheckEndTrigger
 .text.rtExtModeUploadCheckTrigger
                0x0000c73e       0x16 ext_work.o
                0x0000c73e                rtExtModeUploadCheckTrigger
 .text.rtExtModeCheckInit
                0x0000c754       0x14 ext_work.o
                0x0000c754                rtExtModeCheckInit
 .text.rtExtModeShutdown
                0x0000c768       0x16 ext_work.o
                0x0000c768                rtExtModeShutdown
 .text.rtExtModeParseArgs
                0x0000c77e       0x1c ext_work.o
                0x0000c77e                rtExtModeParseArgs
 *fill*         0x0000c79a        0x2 
 .text.rtERTExtModeSetTFinal
                0x0000c79c       0x54 ext_work.o
                0x0000c79c                rtERTExtModeSetTFinal
 .text.rtSetTFinalForExtMode
                0x0000c7f0       0x16 ext_work.o
                0x0000c7f0                rtSetTFinalForExtMode
 .text.rtERTExtModeStartMsg
                0x0000c806        0xe ext_work.o
                0x0000c806                rtERTExtModeStartMsg
 .text.init_data_bss
                0x0000c814       0xd0 startup.o
                0x0000c814                init_data_bss
 .text.SystemInit
                0x0000c8e4      0x1dc system_MK64F12.o
                0x0000c8e4                SystemInit
 .text.SystemCoreClockUpdate
                0x0000cac0      0x290 system_MK64F12.o
                0x0000cac0                SystemCoreClockUpdate
 .text.PORT_HAL_SetMuxMode
                0x0000cd50       0x58 board.o
 .text.SMC_HAL_SetProtection
                0x0000cda8       0x1e board.o
 *fill*         0x0000cdc6        0x2 
 .text.BOARD_InitOsc0
                0x0000cdc8       0x30 board.o
                0x0000cdc8                BOARD_InitOsc0
 .text.BOARD_InitRtcOsc
                0x0000cdf8       0x28 board.o
                0x0000cdf8                BOARD_InitRtcOsc
 .text.BOARD_ClockInit
                0x0000ce20       0x34 board.o
                0x0000ce20                BOARD_ClockInit
 .text.hardware_init
                0x0000ce54       0x3c hardware_init.o
                0x0000ce54                hardware_init
 .text.PORT_HAL_SetMuxMode
                0x0000ce90       0x58 pin_mux.o
 .text.SIM_HAL_EnableClock
                0x0000cee8       0x44 pin_mux.o
 .text.configure_uart_pins
                0x0000cf2c      0x194 pin_mux.o
                0x0000cf2c                configure_uart_pins
 .text.DMA0_IRQHandler
                0x0000d0c0        0xe fsl_edma_irq.o
                0x0000d0c0                DMA0_IRQHandler
 .text.DMA1_IRQHandler
                0x0000d0ce        0xe fsl_edma_irq.o
                0x0000d0ce                DMA1_IRQHandler
 .text.DMA2_IRQHandler
                0x0000d0dc        0xe fsl_edma_irq.o
                0x0000d0dc                DMA2_IRQHandler
 .text.DMA3_IRQHandler
                0x0000d0ea        0xe fsl_edma_irq.o
                0x0000d0ea                DMA3_IRQHandler
 .text.DMA4_IRQHandler
                0x0000d0f8        0xe fsl_edma_irq.o
                0x0000d0f8                DMA4_IRQHandler
 .text.DMA5_IRQHandler
                0x0000d106        0xe fsl_edma_irq.o
                0x0000d106                DMA5_IRQHandler
 .text.DMA6_IRQHandler
                0x0000d114        0xe fsl_edma_irq.o
                0x0000d114                DMA6_IRQHandler
 .text.DMA7_IRQHandler
                0x0000d122        0xe fsl_edma_irq.o
                0x0000d122                DMA7_IRQHandler
 .text.DMA8_IRQHandler
                0x0000d130        0xe fsl_edma_irq.o
                0x0000d130                DMA8_IRQHandler
 .text.DMA9_IRQHandler
                0x0000d13e        0xe fsl_edma_irq.o
                0x0000d13e                DMA9_IRQHandler
 .text.DMA10_IRQHandler
                0x0000d14c        0xe fsl_edma_irq.o
                0x0000d14c                DMA10_IRQHandler
 .text.DMA11_IRQHandler
                0x0000d15a        0xe fsl_edma_irq.o
                0x0000d15a                DMA11_IRQHandler
 .text.DMA12_IRQHandler
                0x0000d168        0xe fsl_edma_irq.o
                0x0000d168                DMA12_IRQHandler
 .text.DMA13_IRQHandler
                0x0000d176        0xe fsl_edma_irq.o
                0x0000d176                DMA13_IRQHandler
 .text.DMA14_IRQHandler
                0x0000d184        0xe fsl_edma_irq.o
                0x0000d184                DMA14_IRQHandler
 .text.DMA15_IRQHandler
                0x0000d192        0xe fsl_edma_irq.o
                0x0000d192                DMA15_IRQHandler
 .text.DMA_Error_IRQHandler
                0x0000d1a0        0xe fsl_edma_irq.o
                0x0000d1a0                DMA_Error_IRQHandler
 .text.UART0_RX_TX_IRQHandler
                0x0000d1ae        0xe fsl_uart_irq.o
                0x0000d1ae                UART0_RX_TX_IRQHandler
 .text.UART1_RX_TX_IRQHandler
                0x0000d1bc        0xe fsl_uart_irq.o
                0x0000d1bc                UART1_RX_TX_IRQHandler
 .text.UART2_RX_TX_IRQHandler
                0x0000d1ca        0xe fsl_uart_irq.o
                0x0000d1ca                UART2_RX_TX_IRQHandler
 .text.UART3_RX_TX_IRQHandler
                0x0000d1d8        0xe fsl_uart_irq.o
                0x0000d1d8                UART3_RX_TX_IRQHandler
 .text.UART4_RX_TX_IRQHandler
                0x0000d1e6        0xe fsl_uart_irq.o
                0x0000d1e6                UART4_RX_TX_IRQHandler
 .text.UART5_RX_TX_IRQHandler
                0x0000d1f4        0xe fsl_uart_irq.o
                0x0000d1f4                UART5_RX_TX_IRQHandler
 .text.NMI_Handler
                0x0000d202        0x6 irq_stub.o
                0x0000d202                NMI_Handler
 .text.HardFault_Handler
                0x0000d208        0x6 irq_stub.o
                0x0000d208                HardFault_Handler
 .text.MemManage_Handler
                0x0000d20e        0x6 irq_stub.o
                0x0000d20e                MemManage_Handler
 .text.BusFault_Handler
                0x0000d214        0x6 irq_stub.o
                0x0000d214                BusFault_Handler
 .text.UsageFault_Handler
                0x0000d21a        0x6 irq_stub.o
                0x0000d21a                UsageFault_Handler
 .text.DebugMon_Handler
                0x0000d220        0x6 irq_stub.o
                0x0000d220                DebugMon_Handler
 .text.MCM_IRQHandler
                0x0000d226        0x6 irq_stub.o
                0x0000d226                MCM_IRQHandler
 .text.FTFE_IRQHandler
                0x0000d22c        0x6 irq_stub.o
                0x0000d22c                FTFE_IRQHandler
 .text.Read_Collision_IRQHandler
                0x0000d232        0x6 irq_stub.o
                0x0000d232                Read_Collision_IRQHandler
 .text.LVD_LVW_IRQHandler
                0x0000d238        0x6 irq_stub.o
                0x0000d238                LVD_LVW_IRQHandler
 .text.LLWU_IRQHandler
                0x0000d23e        0x6 irq_stub.o
                0x0000d23e                LLWU_IRQHandler
 .text.WDOG_EWM_IRQHandler
                0x0000d244        0x6 irq_stub.o
                0x0000d244                WDOG_EWM_IRQHandler
 .text.RNG_IRQHandler
                0x0000d24a        0x6 irq_stub.o
                0x0000d24a                RNG_IRQHandler
 .text.I2C0_IRQHandler
                0x0000d250        0x6 irq_stub.o
                0x0000d250                I2C0_IRQHandler
 .text.I2C1_IRQHandler
                0x0000d256        0x6 irq_stub.o
                0x0000d256                I2C1_IRQHandler
 .text.SPI0_IRQHandler
                0x0000d25c        0x6 irq_stub.o
                0x0000d25c                SPI0_IRQHandler
 .text.SPI1_IRQHandler
                0x0000d262        0x6 irq_stub.o
                0x0000d262                SPI1_IRQHandler
 .text.I2S0_Tx_IRQHandler
                0x0000d268        0x6 irq_stub.o
                0x0000d268                I2S0_Tx_IRQHandler
 .text.I2S0_Rx_IRQHandler
                0x0000d26e        0x6 irq_stub.o
                0x0000d26e                I2S0_Rx_IRQHandler
 .text.UART0_LON_IRQHandler
                0x0000d274        0x6 irq_stub.o
                0x0000d274                UART0_LON_IRQHandler
 .text.UART0_ERR_IRQHandler
                0x0000d27a        0x6 irq_stub.o
                0x0000d27a                UART0_ERR_IRQHandler
 .text.UART1_ERR_IRQHandler
                0x0000d280        0x6 irq_stub.o
                0x0000d280                UART1_ERR_IRQHandler
 .text.UART2_ERR_IRQHandler
                0x0000d286        0x6 irq_stub.o
                0x0000d286                UART2_ERR_IRQHandler
 .text.UART3_ERR_IRQHandler
                0x0000d28c        0x6 irq_stub.o
                0x0000d28c                UART3_ERR_IRQHandler
 .text.ADC0_IRQHandler
                0x0000d292        0x6 irq_stub.o
                0x0000d292                ADC0_IRQHandler
 .text.CMP0_IRQHandler
                0x0000d298        0x6 irq_stub.o
                0x0000d298                CMP0_IRQHandler
 .text.CMP1_IRQHandler
                0x0000d29e        0x6 irq_stub.o
                0x0000d29e                CMP1_IRQHandler
 .text.FTM0_IRQHandler
                0x0000d2a4        0x6 irq_stub.o
                0x0000d2a4                FTM0_IRQHandler
 .text.FTM1_IRQHandler
                0x0000d2aa        0x6 irq_stub.o
                0x0000d2aa                FTM1_IRQHandler
 .text.FTM2_IRQHandler
                0x0000d2b0        0x6 irq_stub.o
                0x0000d2b0                FTM2_IRQHandler
 .text.CMT_IRQHandler
                0x0000d2b6        0x6 irq_stub.o
                0x0000d2b6                CMT_IRQHandler
 .text.RTC_IRQHandler
                0x0000d2bc        0x6 irq_stub.o
                0x0000d2bc                RTC_IRQHandler
 .text.RTC_Seconds_IRQHandler
                0x0000d2c2        0x6 irq_stub.o
                0x0000d2c2                RTC_Seconds_IRQHandler
 .text.PDB0_IRQHandler
                0x0000d2c8        0x6 irq_stub.o
                0x0000d2c8                PDB0_IRQHandler
 .text.USB0_IRQHandler
                0x0000d2ce        0x6 irq_stub.o
                0x0000d2ce                USB0_IRQHandler
 .text.USBDCD_IRQHandler
                0x0000d2d4        0x6 irq_stub.o
                0x0000d2d4                USBDCD_IRQHandler
 .text.Reserved71_IRQHandler
                0x0000d2da        0x6 irq_stub.o
                0x0000d2da                Reserved71_IRQHandler
 .text.DAC0_IRQHandler
                0x0000d2e0        0x6 irq_stub.o
                0x0000d2e0                DAC0_IRQHandler
 .text.MCG_IRQHandler
                0x0000d2e6        0x6 irq_stub.o
                0x0000d2e6                MCG_IRQHandler
 .text.LPTMR0_IRQHandler
                0x0000d2ec        0x6 irq_stub.o
                0x0000d2ec                LPTMR0_IRQHandler
 .text.PORTA_IRQHandler
                0x0000d2f2        0x6 irq_stub.o
                0x0000d2f2                PORTA_IRQHandler
 .text.PORTB_IRQHandler
                0x0000d2f8        0x6 irq_stub.o
                0x0000d2f8                PORTB_IRQHandler
 .text.PORTC_IRQHandler
                0x0000d2fe        0x6 irq_stub.o
                0x0000d2fe                PORTC_IRQHandler
 .text.PORTD_IRQHandler
                0x0000d304        0x6 irq_stub.o
                0x0000d304                PORTD_IRQHandler
 .text.PORTE_IRQHandler
                0x0000d30a        0x6 irq_stub.o
                0x0000d30a                PORTE_IRQHandler
 .text.SWI_IRQHandler
                0x0000d310        0x6 irq_stub.o
                0x0000d310                SWI_IRQHandler
 .text.SPI2_IRQHandler
                0x0000d316        0x6 irq_stub.o
                0x0000d316                SPI2_IRQHandler
 .text.UART4_ERR_IRQHandler
                0x0000d31c        0x6 irq_stub.o
                0x0000d31c                UART4_ERR_IRQHandler
 .text.UART5_ERR_IRQHandler
                0x0000d322        0x6 irq_stub.o
                0x0000d322                UART5_ERR_IRQHandler
 .text.CMP2_IRQHandler
                0x0000d328        0x6 irq_stub.o
                0x0000d328                CMP2_IRQHandler
 .text.FTM3_IRQHandler
                0x0000d32e        0x6 irq_stub.o
                0x0000d32e                FTM3_IRQHandler
 .text.DAC1_IRQHandler
                0x0000d334        0x6 irq_stub.o
                0x0000d334                DAC1_IRQHandler
 .text.ADC1_IRQHandler
                0x0000d33a        0x6 irq_stub.o
                0x0000d33a                ADC1_IRQHandler
 .text.I2C2_IRQHandler
                0x0000d340        0x6 irq_stub.o
                0x0000d340                I2C2_IRQHandler
 .text.CAN0_ORed_Message_buffer_IRQHandler
                0x0000d346        0x6 irq_stub.o
                0x0000d346                CAN0_ORed_Message_buffer_IRQHandler
 .text.CAN0_Bus_Off_IRQHandler
                0x0000d34c        0x6 irq_stub.o
                0x0000d34c                CAN0_Bus_Off_IRQHandler
 .text.CAN0_Error_IRQHandler
                0x0000d352        0x6 irq_stub.o
                0x0000d352                CAN0_Error_IRQHandler
 .text.CAN0_Tx_Warning_IRQHandler
                0x0000d358        0x6 irq_stub.o
                0x0000d358                CAN0_Tx_Warning_IRQHandler
 .text.CAN0_Rx_Warning_IRQHandler
                0x0000d35e        0x6 irq_stub.o
                0x0000d35e                CAN0_Rx_Warning_IRQHandler
 .text.CAN0_Wake_Up_IRQHandler
                0x0000d364        0x6 irq_stub.o
                0x0000d364                CAN0_Wake_Up_IRQHandler
 *fill*         0x0000d36a        0x2 
 .text._sbrk    0x0000d36c       0x5c sbrk.o
                0x0000d36c                _sbrk
 .text.schedulerTask
                0x0000d3c8       0x1c cmsis_rtos_init.o
                0x0000d3c8                schedulerTask
 .text.mw_initSignalEvents
                0x0000d3e4       0x40 cmsis_rtos_init.o
                0x0000d3e4                mw_initSignalEvents
 .text.mw_RTOSInit
                0x0000d424       0xa8 cmsis_rtos_init.o
                0x0000d424                mw_RTOSInit
 .text.os_idle_demon
                0x0000d4cc        0x8 RTX_Conf_CM.o
                0x0000d4cc                os_idle_demon
 .text.os_error
                0x0000d4d4       0x2c RTX_Conf_CM.o
                0x0000d4d4                os_error
 .text.rt_init_robin
                0x0000d500        0x4 RTX_Conf_CM.o
                0x0000d500                rt_init_robin
 .text.rt_chk_robin
                0x0000d504        0x4 RTX_Conf_CM.o
                0x0000d504                rt_chk_robin
 .text.software_init_hook
                0x0000d508       0x34 RTX_Conf_CM.o
                0x0000d508                software_init_hook
 .text.mw_osThreadCreate
                0x0000d53c       0x52 mw_thread.o
                0x0000d53c                mw_osThreadCreate
 .text.mw_osThreadGetId
                0x0000d58e        0xe mw_thread.o
                0x0000d58e                mw_osThreadGetId
 .text.mw_osThreadExit
                0x0000d59c       0x22 mw_thread.o
                0x0000d59c                mw_osThreadExit
 .text.mw_osThreadJoin
                0x0000d5be       0x1a mw_thread.o
                0x0000d5be                mw_osThreadJoin
 .text.mw_osTimerCreate
                0x0000d5d8       0x4e mw_timer.o
                0x0000d5d8                mw_osTimerCreate
 .text.mw_osTimerStart
                0x0000d626       0x24 mw_timer.o
                0x0000d626                mw_osTimerStart
 .text.mw_osSignalSet
                0x0000d64a       0x2e mw_signal.o
                0x0000d64a                mw_osSignalSet
 .text.mw_osSignalClear
                0x0000d678       0x26 mw_signal.o
                0x0000d678                mw_osSignalClear
 .text.mw_osSignalWaitEver
                0x0000d69e       0x20 mw_signal.o
                0x0000d69e                mw_osSignalWaitEver
 .text.mw_osSignalEventCreate
                0x0000d6be       0x20 mw_signal.o
                0x0000d6be                mw_osSignalEventCreate
 .text.mw_osSignalEventRelease
                0x0000d6de       0x26 mw_signal.o
                0x0000d6de                mw_osSignalEventRelease
 .text.mw_osSignalEventWaitEver
                0x0000d704       0x34 mw_signal.o
                0x0000d704                mw_osSignalEventWaitEver
 .text.ExtProcessArgs
                0x0000d738       0xc8 k64f_rtiostream_interface.o
                0x0000d738                ExtProcessArgs
 .text.ExtUserDataCreate
                0x0000d800       0x14 k64f_rtiostream_interface.o
                0x0000d800                ExtUserDataCreate
 .text.ExtInit  0x0000d814       0x1a k64f_rtiostream_interface.o
                0x0000d814                ExtInit
 .text.ExtSetHostPkt
                0x0000d82e       0x48 k64f_rtiostream_interface.o
                0x0000d82e                ExtSetHostPkt
 .text.ExtGetHostPkt
                0x0000d876       0x46 k64f_rtiostream_interface.o
                0x0000d876                ExtGetHostPkt
 .text.ExtWaitForStartPktFromHost
                0x0000d8bc       0x18 k64f_rtiostream_interface.o
                0x0000d8bc                ExtWaitForStartPktFromHost
 .text.ExtUserDataDestroy
                0x0000d8d4       0x14 k64f_rtiostream_interface.o
                0x0000d8d4                ExtUserDataDestroy
 .text.ExtModeSleep
                0x0000d8e8       0x18 k64f_rtiostream_interface.o
                0x0000d8e8                ExtModeSleep
 .text.ExtOpenConnection
                0x0000d900       0x22 k64f_rtiostream_interface.o
                0x0000d900                ExtOpenConnection
 .text.ExtForceDisconnect
                0x0000d922       0x14 k64f_rtiostream_interface.o
                0x0000d922                ExtForceDisconnect
 .text.ExtCloseConnection
                0x0000d936       0x14 k64f_rtiostream_interface.o
                0x0000d936                ExtCloseConnection
 .text.ExtShutDown
                0x0000d94a       0x1a k64f_rtiostream_interface.o
                0x0000d94a                ExtShutDown
 .text.initializeCommService
                0x0000d964        0xe k64f_rtiostream_commservice.o
                0x0000d964                initializeCommService
 .text.terminateCommService
                0x0000d972        0xc k64f_rtiostream_commservice.o
                0x0000d972                terminateCommService
 .text.rtIOStreamOpen
                0x0000d97e       0x18 k64f_rtiostream_commservice.o
                0x0000d97e                rtIOStreamOpen
 .text.rtIOStreamSend
                0x0000d996       0x32 k64f_rtiostream_commservice.o
                0x0000d996                rtIOStreamSend
 .text.rtIOStreamRecv
                0x0000d9c8       0x32 k64f_rtiostream_commservice.o
                0x0000d9c8                rtIOStreamRecv
 .text.rtIOStreamClose
                0x0000d9fa       0x16 k64f_rtiostream_commservice.o
                0x0000d9fa                rtIOStreamClose
 .text.GrowRecvBufIfNeeded
                0x0000da10       0x60 k64f_ext_svr.o
 .text.GetPktHdr
                0x0000da70       0x80 k64f_ext_svr.o
 .text.ClearPkt
                0x0000daf0       0x60 k64f_ext_svr.o
 .text.GetPkt   0x0000db50       0x8c k64f_ext_svr.o
 .text.DisconnectFromHost
                0x0000dbdc       0x68 k64f_ext_svr.o
 .text.ForceDisconnectFromHost
                0x0000dc44       0x4c k64f_ext_svr.o
 .text.ProcessConnectPkt
                0x0000dc90      0x180 k64f_ext_svr.o
 .text.SendPktHdrToHost
                0x0000de10       0x50 k64f_ext_svr.o
 .text.SendPktDataToHost
                0x0000de60       0x48 k64f_ext_svr.o
 .text.SendPktToHost
                0x0000dea8       0x4e k64f_ext_svr.o
                0x0000dea8                SendPktToHost
 .text.SendResponseStatus
                0x0000def6       0x38 k64f_ext_svr.o
 .text.ProcessSetParamPkt
                0x0000df2e       0x64 k64f_ext_svr.o
 .text.ProcessGetParamsPkt
                0x0000df92      0x12a k64f_ext_svr.o
 .text.ProcessSelectTriggerSignalPkt
                0x0000e0bc       0xa8 k64f_ext_svr.o
 .text.ProcessCancelLoggingArmTriggerPkt
                0x0000e164       0x7e k64f_ext_svr.o
 *fill*         0x0000e1e2        0x2 
 .text.ExtParseArgsAndInitUD
                0x0000e1e4       0x68 k64f_ext_svr.o
                0x0000e1e4                ExtParseArgsAndInitUD
 .text.ExtWaitForStartPkt
                0x0000e24c       0x18 k64f_ext_svr.o
                0x0000e24c                ExtWaitForStartPkt
 .text.UploadServerWork
                0x0000e264       0xcc k64f_ext_svr.o
                0x0000e264                UploadServerWork
 .text.rt_UploadServerWork
                0x0000e330       0x2c k64f_ext_svr.o
                0x0000e330                rt_UploadServerWork
 .text.rt_ExtModeInit
                0x0000e35c       0x54 k64f_ext_svr.o
                0x0000e35c                rt_ExtModeInit
 .text.rt_ExtModeSleep
                0x0000e3b0       0x24 k64f_ext_svr.o
                0x0000e3b0                rt_ExtModeSleep
 .text.rt_PktServerWork
                0x0000e3d4      0x264 k64f_ext_svr.o
                0x0000e3d4                rt_PktServerWork
 .text.ExtModeShutdown
                0x0000e638       0x44 k64f_ext_svr.o
 .text.rt_ExtModeShutdown
                0x0000e67c       0x84 k64f_ext_svr.o
                0x0000e67c                rt_ExtModeShutdown
 .text.rt_UploadCheckTrigger
                0x0000e700       0x2c k64f_ext_svr.o
                0x0000e700                rt_UploadCheckTrigger
 .text.rt_UploadCheckEndTrigger
                0x0000e72c       0x28 k64f_ext_svr.o
                0x0000e72c                rt_UploadCheckEndTrigger
 .text.rt_UploadBufAddTimePoint
                0x0000e754       0x34 k64f_ext_svr.o
                0x0000e754                rt_UploadBufAddTimePoint
 .text.rtIOStreamBlockingSend
                0x0000e788       0x70 k64f_rtiostream_utils.o
                0x0000e788                rtIOStreamBlockingSend
 .text.getUARTBaudrate
                0x0000e7f8       0x12 tgtSvc_UARTInfo.o
                0x0000e7f8                getUARTBaudrate
 .text.getUARTInstance
                0x0000e80a       0x10 tgtSvc_UARTInfo.o
                0x0000e80a                getUARTInstance
 *fill*         0x0000e81a        0x2 
 .text.sendToCommSvc
                0x0000e81c       0x1c C:/ProgramData/MATLAB/SupportPackages/R2022a/toolbox/target/supportpackages/freedomk64f/bin/libcodertarget_RTIOStreamAppSvc.lib(RTIOStreamTgtAppSvcCIntrf.o)
                0x0000e81c                sendToCommSvc
 .text.receiveFromCommSvc
                0x0000e838       0x1c C:/ProgramData/MATLAB/SupportPackages/R2022a/toolbox/target/supportpackages/freedomk64f/bin/libcodertarget_RTIOStreamAppSvc.lib(RTIOStreamTgtAppSvcCIntrf.o)
                0x0000e838                receiveFromCommSvc
 .text._ZN19RTIOStreamTgtAppSvc2idEv
                0x0000e854        0x4 C:/ProgramData/MATLAB/SupportPackages/R2022a/toolbox/target/supportpackages/freedomk64f/bin/libcodertarget_RTIOStreamAppSvc.lib(RTIOStreamTgtAppSvc.o)
                0x0000e854                RTIOStreamTgtAppSvc::id()
 .text._ZN19RTIOStreamTgtAppSvc13handleConnectEb
                0x0000e858        0x4 C:/ProgramData/MATLAB/SupportPackages/R2022a/toolbox/target/supportpackages/freedomk64f/bin/libcodertarget_RTIOStreamAppSvc.lib(RTIOStreamTgtAppSvc.o)
                0x0000e858                RTIOStreamTgtAppSvc::handleConnect(bool)
 .text._ZNK5coder6tgtsvc7Message7payloadEv.part.1
                0x0000e85c       0x1c C:/ProgramData/MATLAB/SupportPackages/R2022a/toolbox/target/supportpackages/freedomk64f/bin/libcodertarget_RTIOStreamAppSvc.lib(RTIOStreamTgtAppSvc.o)
 .text.unlikely._ZNK5coder6tgtsvc7Message6headerEv.part.2
                0x0000e878       0x1c C:/ProgramData/MATLAB/SupportPackages/R2022a/toolbox/target/supportpackages/freedomk64f/bin/libcodertarget_RTIOStreamAppSvc.lib(RTIOStreamTgtAppSvc.o)
 .text._ZN19RTIOStreamTgtAppSvcD2Ev
                0x0000e894       0x64 C:/ProgramData/MATLAB/SupportPackages/R2022a/toolbox/target/supportpackages/freedomk64f/bin/libcodertarget_RTIOStreamAppSvc.lib(RTIOStreamTgtAppSvc.o)
                0x0000e894                RTIOStreamTgtAppSvc::~RTIOStreamTgtAppSvc()
                0x0000e894                RTIOStreamTgtAppSvc::~RTIOStreamTgtAppSvc()
 .text._ZN19RTIOStreamTgtAppSvcD0Ev
                0x0000e8f8       0x14 C:/ProgramData/MATLAB/SupportPackages/R2022a/toolbox/target/supportpackages/freedomk64f/bin/libcodertarget_RTIOStreamAppSvc.lib(RTIOStreamTgtAppSvc.o)
                0x0000e8f8                RTIOStreamTgtAppSvc::~RTIOStreamTgtAppSvc()
 .text._ZN19RTIOStreamTgtAppSvc13handleMessageEPN5coder6tgtsvc7MessageE
                0x0000e90c       0xac C:/ProgramData/MATLAB/SupportPackages/R2022a/toolbox/target/supportpackages/freedomk64f/bin/libcodertarget_RTIOStreamAppSvc.lib(RTIOStreamTgtAppSvc.o)
                0x0000e90c                RTIOStreamTgtAppSvc::handleMessage(coder::tgtsvc::Message*)
 .text._ZN19RTIOStreamTgtAppSvc12get_instanceEv
                0x0000e9b8       0x80 C:/ProgramData/MATLAB/SupportPackages/R2022a/toolbox/target/supportpackages/freedomk64f/bin/libcodertarget_RTIOStreamAppSvc.lib(RTIOStreamTgtAppSvc.o)
                0x0000e9b8                RTIOStreamTgtAppSvc::get_instance()
 .text._ZN19RTIOStreamTgtAppSvc21sendDataToCommServiceEPKvjPj
                0x0000ea38      0x1b8 C:/ProgramData/MATLAB/SupportPackages/R2022a/toolbox/target/supportpackages/freedomk64f/bin/libcodertarget_RTIOStreamAppSvc.lib(RTIOStreamTgtAppSvc.o)
                0x0000ea38                RTIOStreamTgtAppSvc::sendDataToCommService(void const*, unsigned int, unsigned int*)
 .text._ZN19RTIOStreamTgtAppSvc26receiveDataFromCommServiceEPvjPj
                0x0000ebf0       0xe0 C:/ProgramData/MATLAB/SupportPackages/R2022a/toolbox/target/supportpackages/freedomk64f/bin/libcodertarget_RTIOStreamAppSvc.lib(RTIOStreamTgtAppSvc.o)
                0x0000ebf0                RTIOStreamTgtAppSvc::receiveDataFromCommService(void*, unsigned int, unsigned int*)
 .text._ZN5coder6tgtsvc11CommServiceD2Ev
                0x0000ecd0       0x18 C:/ProgramData/MATLAB/SupportPackages/R2022a/toolbox/target/supportpackages/freedomk64f/bin/bm/libcodertarget_TargetServices.lib(CommService.o)
                0x0000ecd0                coder::tgtsvc::CommService::~CommService()
                0x0000ecd0                coder::tgtsvc::CommService::~CommService()
 .text.unlikely._ZNK5coder6tgtsvc7Message7payloadEv.part.5
                0x0000ece8       0x1c C:/ProgramData/MATLAB/SupportPackages/R2022a/toolbox/target/supportpackages/freedomk64f/bin/bm/libcodertarget_TargetServices.lib(CommService.o)
 .text.unlikely._ZNK5coder6tgtsvc7Message6headerEv.part.6
                0x0000ed04       0x1c C:/ProgramData/MATLAB/SupportPackages/R2022a/toolbox/target/supportpackages/freedomk64f/bin/bm/libcodertarget_TargetServices.lib(CommService.o)
 .text._ZN5coder6tgtsvc11CommService13initializeDMAEv.part.7
                0x0000ed20       0x64 C:/ProgramData/MATLAB/SupportPackages/R2022a/toolbox/target/supportpackages/freedomk64f/bin/bm/libcodertarget_TargetServices.lib(CommService.o)
 .text._ZN5coder6tgtsvc11CommService15deinitializeDMAEv.part.8
                0x0000ed84       0x48 C:/ProgramData/MATLAB/SupportPackages/R2022a/toolbox/target/supportpackages/freedomk64f/bin/bm/libcodertarget_TargetServices.lib(CommService.o)
 .text._ZN5coder6tgtsvc11StatusFlags8instanceEv
                0x0000edcc        0x8 C:/ProgramData/MATLAB/SupportPackages/R2022a/toolbox/target/supportpackages/freedomk64f/bin/bm/libcodertarget_TargetServices.lib(CommService.o)
                0x0000edcc                coder::tgtsvc::StatusFlags::instance()
 .text._ZN5coder6tgtsvc11CommService11sendMessageEPNS0_7MessageENS2_8PriorityE
                0x0000edd4       0xa8 C:/ProgramData/MATLAB/SupportPackages/R2022a/toolbox/target/supportpackages/freedomk64f/bin/bm/libcodertarget_TargetServices.lib(CommService.o)
                0x0000edd4                coder::tgtsvc::CommService::sendMessage(coder::tgtsvc::Message*, coder::tgtsvc::Message::Priority)
 .text._ZN5coder6tgtsvc11CommService16updateSendStatusEv
                0x0000ee7c       0x64 C:/ProgramData/MATLAB/SupportPackages/R2022a/toolbox/target/supportpackages/freedomk64f/bin/bm/libcodertarget_TargetServices.lib(CommService.o)
                0x0000ee7c                coder::tgtsvc::CommService::updateSendStatus()
 .text._ZN5coder6tgtsvc11CommService5resetEv
                0x0000eee0      0x140 C:/ProgramData/MATLAB/SupportPackages/R2022a/toolbox/target/supportpackages/freedomk64f/bin/bm/libcodertarget_TargetServices.lib(CommService.o)
                0x0000eee0                coder::tgtsvc::CommService::reset()
 .text._ZN5coder6tgtsvc11CommServiceC2Ev
                0x0000f020       0x90 C:/ProgramData/MATLAB/SupportPackages/R2022a/toolbox/target/supportpackages/freedomk64f/bin/bm/libcodertarget_TargetServices.lib(CommService.o)
                0x0000f020                coder::tgtsvc::CommService::CommService()
                0x0000f020                coder::tgtsvc::CommService::CommService()
 .text._ZN5coder6tgtsvc11CommService8instanceEv
                0x0000f0b0       0x4c C:/ProgramData/MATLAB/SupportPackages/R2022a/toolbox/target/supportpackages/freedomk64f/bin/bm/libcodertarget_TargetServices.lib(CommService.o)
                0x0000f0b0                coder::tgtsvc::CommService::instance()
 .text.receiveComplete
                0x0000f0fc       0x5c C:/ProgramData/MATLAB/SupportPackages/R2022a/toolbox/target/supportpackages/freedomk64f/bin/bm/libcodertarget_TargetServices.lib(CommService.o)
                0x0000f0fc                receiveComplete
 .text.sendComplete
                0x0000f158       0x70 C:/ProgramData/MATLAB/SupportPackages/R2022a/toolbox/target/supportpackages/freedomk64f/bin/bm/libcodertarget_TargetServices.lib(CommService.o)
                0x0000f158                sendComplete
 .text._ZN5coder6tgtsvc11CommService12sendQueuePopEv
                0x0000f1c8       0x60 C:/ProgramData/MATLAB/SupportPackages/R2022a/toolbox/target/supportpackages/freedomk64f/bin/bm/libcodertarget_TargetServices.lib(CommService.o)
                0x0000f1c8                coder::tgtsvc::CommService::sendQueuePop()
 .text._ZN5coder6tgtsvc11CommService17connectedSendTaskEv
                0x0000f228      0x278 C:/ProgramData/MATLAB/SupportPackages/R2022a/toolbox/target/supportpackages/freedomk64f/bin/bm/libcodertarget_TargetServices.lib(CommService.o)
                0x0000f228                coder::tgtsvc::CommService::connectedSendTask()
 .text._ZN5coder6tgtsvc11CommService22verifyNextSerialPacketEv
                0x0000f4a0      0x170 C:/ProgramData/MATLAB/SupportPackages/R2022a/toolbox/target/supportpackages/freedomk64f/bin/bm/libcodertarget_TargetServices.lib(CommService.o)
                0x0000f4a0                coder::tgtsvc::CommService::verifyNextSerialPacket()
 .text._ZN5coder6tgtsvc11CommService13handleMessageEPNS0_7MessageE
                0x0000f610      0x164 C:/ProgramData/MATLAB/SupportPackages/R2022a/toolbox/target/supportpackages/freedomk64f/bin/bm/libcodertarget_TargetServices.lib(CommService.o)
                0x0000f610                coder::tgtsvc::CommService::handleMessage(coder::tgtsvc::Message*)
 .text._ZN5coder6tgtsvc11CommService13handleAppDataEv
                0x0000f774      0x240 C:/ProgramData/MATLAB/SupportPackages/R2022a/toolbox/target/supportpackages/freedomk64f/bin/bm/libcodertarget_TargetServices.lib(CommService.o)
                0x0000f774                coder::tgtsvc::CommService::handleAppData()
 .text._ZN5coder6tgtsvc11CommService17connectedRecvTaskEv
                0x0000f9b4       0xc0 C:/ProgramData/MATLAB/SupportPackages/R2022a/toolbox/target/supportpackages/freedomk64f/bin/bm/libcodertarget_TargetServices.lib(CommService.o)
                0x0000f9b4                coder::tgtsvc::CommService::connectedRecvTask()
 .text._ZN5coder6tgtsvc11CommService3runEv
                0x0000fa74      0x1cc C:/ProgramData/MATLAB/SupportPackages/R2022a/toolbox/target/supportpackages/freedomk64f/bin/bm/libcodertarget_TargetServices.lib(CommService.o)
                0x0000fa74                coder::tgtsvc::CommService::run()
 .text.runCommService
                0x0000fc40       0xac C:/ProgramData/MATLAB/SupportPackages/R2022a/toolbox/target/supportpackages/freedomk64f/bin/bm/libcodertarget_TargetServices.lib(CommService.o)
                0x0000fc40                runCommService
 .text.terminateCommServiceTask
                0x0000fcec       0x40 C:/ProgramData/MATLAB/SupportPackages/R2022a/toolbox/target/supportpackages/freedomk64f/bin/bm/libcodertarget_TargetServices.lib(CommService.o)
                0x0000fcec                terminateCommServiceTask
 .text.setCommServiceErrorState
                0x0000fd2c       0x10 C:/ProgramData/MATLAB/SupportPackages/R2022a/toolbox/target/supportpackages/freedomk64f/bin/bm/libcodertarget_TargetServices.lib(CommService.o)
                0x0000fd2c                setCommServiceErrorState
 .text.startup._GLOBAL__sub_I_receiveComplete
                0x0000fd3c       0x1c C:/ProgramData/MATLAB/SupportPackages/R2022a/toolbox/target/supportpackages/freedomk64f/bin/bm/libcodertarget_TargetServices.lib(CommService.o)
 .text._ZN5coder6tgtsvc11Application8dispatchEPNS0_7MessageE
                0x0000fd58       0x80 C:/ProgramData/MATLAB/SupportPackages/R2022a/toolbox/target/supportpackages/freedomk64f/bin/bm/libcodertarget_TargetServices.lib(Application.o)
                0x0000fd58                coder::tgtsvc::Application::dispatch(coder::tgtsvc::Message*)
 .text._ZN5coder6tgtsvc11Application17connectionChangedEb
                0x0000fdd8       0x24 C:/ProgramData/MATLAB/SupportPackages/R2022a/toolbox/target/supportpackages/freedomk64f/bin/bm/libcodertarget_TargetServices.lib(Application.o)
                0x0000fdd8                coder::tgtsvc::Application::connectionChanged(bool)
 .text._ZN5coder6tgtsvc7MessagenwEj
                0x0000fdfc       0x14 C:/ProgramData/MATLAB/SupportPackages/R2022a/toolbox/target/supportpackages/freedomk64f/bin/bm/libcodertarget_TargetServices.lib(Message.o)
                0x0000fdfc                coder::tgtsvc::Message::operator new(unsigned int)
 .text._ZN5coder6tgtsvc7MessagedlEPv
                0x0000fe10       0x1c C:/ProgramData/MATLAB/SupportPackages/R2022a/toolbox/target/supportpackages/freedomk64f/bin/bm/libcodertarget_TargetServices.lib(Message.o)
                0x0000fe10                coder::tgtsvc::Message::operator delete(void*)
 .text._ZN5coder6tgtsvc7Message5allocEt
                0x0000fe2c       0x14 C:/ProgramData/MATLAB/SupportPackages/R2022a/toolbox/target/supportpackages/freedomk64f/bin/bm/libcodertarget_TargetServices.lib(Message.o)
                0x0000fe2c                coder::tgtsvc::Message::alloc(unsigned short)
 .text._ZNK5coder6tgtsvc7Message15payloadCapacityEv
                0x0000fe40        0xc C:/ProgramData/MATLAB/SupportPackages/R2022a/toolbox/target/supportpackages/freedomk64f/bin/bm/libcodertarget_TargetServices.lib(Message.o)
                0x0000fe40                coder::tgtsvc::Message::payloadCapacity() const
 .text._ZN5coder6tgtsvc7Message18maxPayloadCapacityEv
                0x0000fe4c        0xc C:/ProgramData/MATLAB/SupportPackages/R2022a/toolbox/target/supportpackages/freedomk64f/bin/bm/libcodertarget_TargetServices.lib(Message.o)
                0x0000fe4c                coder::tgtsvc::Message::maxPayloadCapacity()
 .text.enter_critical_section
                0x0000fe58       0x10 C:/ProgramData/MATLAB/SupportPackages/R2022a/toolbox/target/supportpackages/freedomk64f/bin/bm/libcodertarget_TargetServices.lib(critical_section.o)
                0x0000fe58                enter_critical_section
 .text.leave_critical_section
                0x0000fe68       0x30 C:/ProgramData/MATLAB/SupportPackages/R2022a/toolbox/target/supportpackages/freedomk64f/bin/bm/libcodertarget_TargetServices.lib(critical_section.o)
                0x0000fe68                leave_critical_section
 .text._ZN5coder6tgtsvc13MemoryServiceD2Ev
                0x0000fe98        0x4 C:/ProgramData/MATLAB/SupportPackages/R2022a/toolbox/target/supportpackages/freedomk64f/bin/bm/libcodertarget_TargetServices.lib(MemoryService.o)
                0x0000fe98                coder::tgtsvc::MemoryService::~MemoryService()
                0x0000fe98                coder::tgtsvc::MemoryService::~MemoryService()
 .text._ZN5coder6tgtsvc13MemoryService8instanceEv
                0x0000fe9c       0x64 C:/ProgramData/MATLAB/SupportPackages/R2022a/toolbox/target/supportpackages/freedomk64f/bin/bm/libcodertarget_TargetServices.lib(MemoryService.o)
                0x0000fe9c                coder::tgtsvc::MemoryService::instance()
 .text._ZN5coder6tgtsvc13MemoryService5allocEj
                0x0000ff00       0x2c C:/ProgramData/MATLAB/SupportPackages/R2022a/toolbox/target/supportpackages/freedomk64f/bin/bm/libcodertarget_TargetServices.lib(MemoryService.o)
                0x0000ff00                coder::tgtsvc::MemoryService::alloc(unsigned int)
 .text._ZN5coder6tgtsvc13MemoryService4freeEPv
                0x0000ff2c       0x1c C:/ProgramData/MATLAB/SupportPackages/R2022a/toolbox/target/supportpackages/freedomk64f/bin/bm/libcodertarget_TargetServices.lib(MemoryService.o)
                0x0000ff2c                coder::tgtsvc::MemoryService::free(void*)
 .text.osThreadExit
                0x0000ff48       0x18 C:/ProgramData/MATLAB/SupportPackages/R2022a/3P.instrset/cmsis.instrset/CMSIS/RTOS/RTX/LIB/GCC/libRTX_CM4.a(rt_cmsis.o)
                0x0000ff48                osThreadExit
 .text.svcKernelInitialize
                0x0000ff60      0x104 C:/ProgramData/MATLAB/SupportPackages/R2022a/3P.instrset/cmsis.instrset/CMSIS/RTOS/RTX/LIB/GCC/libRTX_CM4.a(rt_cmsis.o)
                0x0000ff60                svcKernelInitialize
 .text.svcKernelStart
                0x00010064       0x48 C:/ProgramData/MATLAB/SupportPackages/R2022a/3P.instrset/cmsis.instrset/CMSIS/RTOS/RTX/LIB/GCC/libRTX_CM4.a(rt_cmsis.o)
                0x00010064                svcKernelStart
 .text.osKernelInitialize
                0x000100ac       0x28 C:/ProgramData/MATLAB/SupportPackages/R2022a/3P.instrset/cmsis.instrset/CMSIS/RTOS/RTX/LIB/GCC/libRTX_CM4.a(rt_cmsis.o)
                0x000100ac                osKernelInitialize
 .text.osKernelStart
                0x000100d4       0x74 C:/ProgramData/MATLAB/SupportPackages/R2022a/3P.instrset/cmsis.instrset/CMSIS/RTOS/RTX/LIB/GCC/libRTX_CM4.a(rt_cmsis.o)
                0x000100d4                osKernelStart
 .text.svcThreadCreate
                0x00010148       0x7c C:/ProgramData/MATLAB/SupportPackages/R2022a/3P.instrset/cmsis.instrset/CMSIS/RTOS/RTX/LIB/GCC/libRTX_CM4.a(rt_cmsis.o)
                0x00010148                svcThreadCreate
 .text.svcThreadGetId
                0x000101c4       0x18 C:/ProgramData/MATLAB/SupportPackages/R2022a/3P.instrset/cmsis.instrset/CMSIS/RTOS/RTX/LIB/GCC/libRTX_CM4.a(rt_cmsis.o)
                0x000101c4                svcThreadGetId
 .text.svcThreadTerminate
                0x000101dc       0x48 C:/ProgramData/MATLAB/SupportPackages/R2022a/3P.instrset/cmsis.instrset/CMSIS/RTOS/RTX/LIB/GCC/libRTX_CM4.a(rt_cmsis.o)
                0x000101dc                svcThreadTerminate
 .text.osThreadCreate
                0x00010224       0xa4 C:/ProgramData/MATLAB/SupportPackages/R2022a/3P.instrset/cmsis.instrset/CMSIS/RTOS/RTX/LIB/GCC/libRTX_CM4.a(rt_cmsis.o)
                0x00010224                osThreadCreate
 .text.osThreadGetId
                0x000102c8       0x18 C:/ProgramData/MATLAB/SupportPackages/R2022a/3P.instrset/cmsis.instrset/CMSIS/RTOS/RTX/LIB/GCC/libRTX_CM4.a(rt_cmsis.o)
                0x000102c8                osThreadGetId
 .text.osThreadTerminate
                0x000102e0       0x18 C:/ProgramData/MATLAB/SupportPackages/R2022a/3P.instrset/cmsis.instrset/CMSIS/RTOS/RTX/LIB/GCC/libRTX_CM4.a(rt_cmsis.o)
                0x000102e0                osThreadTerminate
 .text.svcTimerCreate
                0x000102f8       0x40 C:/ProgramData/MATLAB/SupportPackages/R2022a/3P.instrset/cmsis.instrset/CMSIS/RTOS/RTX/LIB/GCC/libRTX_CM4.a(rt_cmsis.o)
                0x000102f8                svcTimerCreate
 .text.svcTimerStart
                0x00010338       0xdc C:/ProgramData/MATLAB/SupportPackages/R2022a/3P.instrset/cmsis.instrset/CMSIS/RTOS/RTX/LIB/GCC/libRTX_CM4.a(rt_cmsis.o)
                0x00010338                svcTimerStart
 .text.svcTimerCall
                0x00010414       0x18 C:/ProgramData/MATLAB/SupportPackages/R2022a/3P.instrset/cmsis.instrset/CMSIS/RTOS/RTX/LIB/GCC/libRTX_CM4.a(rt_cmsis.o)
                0x00010414                svcTimerCall
 .text.sysTimerTick
                0x0001042c       0xc8 C:/ProgramData/MATLAB/SupportPackages/R2022a/3P.instrset/cmsis.instrset/CMSIS/RTOS/RTX/LIB/GCC/libRTX_CM4.a(rt_cmsis.o)
                0x0001042c                sysTimerTick
 .text.osTimerCreate
                0x000104f4       0x68 C:/ProgramData/MATLAB/SupportPackages/R2022a/3P.instrset/cmsis.instrset/CMSIS/RTOS/RTX/LIB/GCC/libRTX_CM4.a(rt_cmsis.o)
                0x000104f4                osTimerCreate
 .text.osTimerStart
                0x0001055c       0x18 C:/ProgramData/MATLAB/SupportPackages/R2022a/3P.instrset/cmsis.instrset/CMSIS/RTOS/RTX/LIB/GCC/libRTX_CM4.a(rt_cmsis.o)
                0x0001055c                osTimerStart
 .text.osTimerThread
                0x00010574       0x3c C:/ProgramData/MATLAB/SupportPackages/R2022a/3P.instrset/cmsis.instrset/CMSIS/RTOS/RTX/LIB/GCC/libRTX_CM4.a(rt_cmsis.o)
                0x00010574                osTimerThread
 .text.svcSignalSet
                0x000105b0       0x2c C:/ProgramData/MATLAB/SupportPackages/R2022a/3P.instrset/cmsis.instrset/CMSIS/RTOS/RTX/LIB/GCC/libRTX_CM4.a(rt_cmsis.o)
                0x000105b0                svcSignalSet
 .text.svcSignalClear
                0x000105dc       0x2c C:/ProgramData/MATLAB/SupportPackages/R2022a/3P.instrset/cmsis.instrset/CMSIS/RTOS/RTX/LIB/GCC/libRTX_CM4.a(rt_cmsis.o)
                0x000105dc                svcSignalClear
 .text.svcSignalWait
                0x00010608      0x100 C:/ProgramData/MATLAB/SupportPackages/R2022a/3P.instrset/cmsis.instrset/CMSIS/RTOS/RTX/LIB/GCC/libRTX_CM4.a(rt_cmsis.o)
                0x00010608                svcSignalWait
 .text.osSignalSet
                0x00010708       0x40 C:/ProgramData/MATLAB/SupportPackages/R2022a/3P.instrset/cmsis.instrset/CMSIS/RTOS/RTX/LIB/GCC/libRTX_CM4.a(rt_cmsis.o)
                0x00010708                osSignalSet
 .text.osSignalClear
                0x00010748       0x1c C:/ProgramData/MATLAB/SupportPackages/R2022a/3P.instrset/cmsis.instrset/CMSIS/RTOS/RTX/LIB/GCC/libRTX_CM4.a(rt_cmsis.o)
                0x00010748                osSignalClear
 .text.osSignalWait
                0x00010764       0x2c C:/ProgramData/MATLAB/SupportPackages/R2022a/3P.instrset/cmsis.instrset/CMSIS/RTOS/RTX/LIB/GCC/libRTX_CM4.a(rt_cmsis.o)
                0x00010764                osSignalWait
 .text.svcMessageGet
                0x00010790       0xbc C:/ProgramData/MATLAB/SupportPackages/R2022a/3P.instrset/cmsis.instrset/CMSIS/RTOS/RTX/LIB/GCC/libRTX_CM4.a(rt_cmsis.o)
                0x00010790                svcMessageGet
 .text.rt_init_stack
                0x0001084c       0xa8 C:/ProgramData/MATLAB/SupportPackages/R2022a/3P.instrset/cmsis.instrset/CMSIS/RTOS/RTX/LIB/GCC/libRTX_CM4.a(hal_cm.o)
                0x0001084c                rt_init_stack
 .text.rt_ret_val
                0x000108f4       0x14 C:/ProgramData/MATLAB/SupportPackages/R2022a/3P.instrset/cmsis.instrset/CMSIS/RTOS/RTX/LIB/GCC/libRTX_CM4.a(hal_cm.o)
                0x000108f4                rt_ret_val
 .text.rt_ret_val2
                0x00010908       0x24 C:/ProgramData/MATLAB/SupportPackages/R2022a/3P.instrset/cmsis.instrset/CMSIS/RTOS/RTX/LIB/GCC/libRTX_CM4.a(hal_cm.o)
                0x00010908                rt_ret_val2
 .text.dbg_init
                0x0001092c       0x34 C:/ProgramData/MATLAB/SupportPackages/R2022a/3P.instrset/cmsis.instrset/CMSIS/RTOS/RTX/LIB/GCC/libRTX_CM4.a(hal_cm.o)
                0x0001092c                dbg_init
 .text.dbg_task_notify
                0x00010960       0x2c C:/ProgramData/MATLAB/SupportPackages/R2022a/3P.instrset/cmsis.instrset/CMSIS/RTOS/RTX/LIB/GCC/libRTX_CM4.a(hal_cm.o)
                0x00010960                dbg_task_notify
 .text.dbg_task_switch
                0x0001098c       0x14 C:/ProgramData/MATLAB/SupportPackages/R2022a/3P.instrset/cmsis.instrset/CMSIS/RTOS/RTX/LIB/GCC/libRTX_CM4.a(hal_cm.o)
                0x0001098c                dbg_task_switch
 .text.rt_init_mem
                0x000109a0       0x1c C:/ProgramData/MATLAB/SupportPackages/R2022a/3P.instrset/cmsis.instrset/CMSIS/RTOS/RTX/LIB/GCC/libRTX_CM4.a(rt_memory.o)
                0x000109a0                rt_init_mem
 .text.rt_alloc_mem
                0x000109bc       0x48 C:/ProgramData/MATLAB/SupportPackages/R2022a/3P.instrset/cmsis.instrset/CMSIS/RTOS/RTX/LIB/GCC/libRTX_CM4.a(rt_memory.o)
                0x000109bc                rt_alloc_mem
 .text.rt_free_mem
                0x00010a04       0x54 C:/ProgramData/MATLAB/SupportPackages/R2022a/3P.instrset/cmsis.instrset/CMSIS/RTOS/RTX/LIB/GCC/libRTX_CM4.a(rt_memory.o)
                0x00010a04                rt_free_mem
 .text._init_box
                0x00010a58       0x58 C:/ProgramData/MATLAB/SupportPackages/R2022a/3P.instrset/cmsis.instrset/CMSIS/RTOS/RTX/LIB/GCC/libRTX_CM4.a(rt_membox.o)
                0x00010a58                _init_box
 .text.rt_alloc_box
                0x00010ab0       0x1c C:/ProgramData/MATLAB/SupportPackages/R2022a/3P.instrset/cmsis.instrset/CMSIS/RTOS/RTX/LIB/GCC/libRTX_CM4.a(rt_membox.o)
                0x00010ab0                rt_alloc_box
 .text.rt_free_box
                0x00010acc       0x28 C:/ProgramData/MATLAB/SupportPackages/R2022a/3P.instrset/cmsis.instrset/CMSIS/RTOS/RTX/LIB/GCC/libRTX_CM4.a(rt_membox.o)
                0x00010acc                rt_free_box
 .text.rt_sem_psh
                0x00010af4       0x34 C:/ProgramData/MATLAB/SupportPackages/R2022a/3P.instrset/cmsis.instrset/CMSIS/RTOS/RTX/LIB/GCC/libRTX_CM4.a(rt_semaphore.o)
                0x00010af4                rt_sem_psh
 .text.rt_mbx_init
                0x00010b28       0x18 C:/ProgramData/MATLAB/SupportPackages/R2022a/3P.instrset/cmsis.instrset/CMSIS/RTOS/RTX/LIB/GCC/libRTX_CM4.a(rt_mailbox.o)
                0x00010b28                rt_mbx_init
 .text.rt_mbx_wait
                0x00010b40       0xa8 C:/ProgramData/MATLAB/SupportPackages/R2022a/3P.instrset/cmsis.instrset/CMSIS/RTOS/RTX/LIB/GCC/libRTX_CM4.a(rt_mailbox.o)
                0x00010b40                rt_mbx_wait
 .text.rt_mbx_check
                0x00010be8        0x8 C:/ProgramData/MATLAB/SupportPackages/R2022a/3P.instrset/cmsis.instrset/CMSIS/RTOS/RTX/LIB/GCC/libRTX_CM4.a(rt_mailbox.o)
                0x00010be8                rt_mbx_check
 .text.isr_mbx_send
                0x00010bf0       0x10 C:/ProgramData/MATLAB/SupportPackages/R2022a/3P.instrset/cmsis.instrset/CMSIS/RTOS/RTX/LIB/GCC/libRTX_CM4.a(rt_mailbox.o)
                0x00010bf0                isr_mbx_send
 .text.rt_mbx_psh
                0x00010c00       0xe8 C:/ProgramData/MATLAB/SupportPackages/R2022a/3P.instrset/cmsis.instrset/CMSIS/RTOS/RTX/LIB/GCC/libRTX_CM4.a(rt_mailbox.o)
                0x00010c00                rt_mbx_psh
 .text.rt_put_prio
                0x00010ce8       0x50 C:/ProgramData/MATLAB/SupportPackages/R2022a/3P.instrset/cmsis.instrset/CMSIS/RTOS/RTX/LIB/GCC/libRTX_CM4.a(rt_list.o)
                0x00010ce8                rt_put_prio
 .text.rt_get_first
                0x00010d38       0x28 C:/ProgramData/MATLAB/SupportPackages/R2022a/3P.instrset/cmsis.instrset/CMSIS/RTOS/RTX/LIB/GCC/libRTX_CM4.a(rt_list.o)
                0x00010d38                rt_get_first
 .text.rt_put_rdy_first
                0x00010d60       0x14 C:/ProgramData/MATLAB/SupportPackages/R2022a/3P.instrset/cmsis.instrset/CMSIS/RTOS/RTX/LIB/GCC/libRTX_CM4.a(rt_list.o)
                0x00010d60                rt_put_rdy_first
 .text.rt_resort_prio
                0x00010d74       0xac C:/ProgramData/MATLAB/SupportPackages/R2022a/3P.instrset/cmsis.instrset/CMSIS/RTOS/RTX/LIB/GCC/libRTX_CM4.a(rt_list.o)
                0x00010d74                rt_resort_prio
 .text.rt_put_dly
                0x00010e20       0x60 C:/ProgramData/MATLAB/SupportPackages/R2022a/3P.instrset/cmsis.instrset/CMSIS/RTOS/RTX/LIB/GCC/libRTX_CM4.a(rt_list.o)
                0x00010e20                rt_put_dly
 .text.rt_dec_dly
                0x00010e80       0xbc C:/ProgramData/MATLAB/SupportPackages/R2022a/3P.instrset/cmsis.instrset/CMSIS/RTOS/RTX/LIB/GCC/libRTX_CM4.a(rt_list.o)
                0x00010e80                rt_dec_dly
 .text.rt_rmv_list
                0x00010f3c       0x2c C:/ProgramData/MATLAB/SupportPackages/R2022a/3P.instrset/cmsis.instrset/CMSIS/RTOS/RTX/LIB/GCC/libRTX_CM4.a(rt_list.o)
                0x00010f3c                rt_rmv_list
 .text.rt_rmv_dly
                0x00010f68       0x30 C:/ProgramData/MATLAB/SupportPackages/R2022a/3P.instrset/cmsis.instrset/CMSIS/RTOS/RTX/LIB/GCC/libRTX_CM4.a(rt_list.o)
                0x00010f68                rt_rmv_dly
 .text.rt_psq_enq
                0x00010f98       0x44 C:/ProgramData/MATLAB/SupportPackages/R2022a/3P.instrset/cmsis.instrset/CMSIS/RTOS/RTX/LIB/GCC/libRTX_CM4.a(rt_list.o)
                0x00010f98                rt_psq_enq
 .text.rt_evt_wait
                0x00010fdc       0x44 C:/ProgramData/MATLAB/SupportPackages/R2022a/3P.instrset/cmsis.instrset/CMSIS/RTOS/RTX/LIB/GCC/libRTX_CM4.a(rt_event.o)
                0x00010fdc                rt_evt_wait
 .text.rt_evt_set
                0x00011020       0x58 C:/ProgramData/MATLAB/SupportPackages/R2022a/3P.instrset/cmsis.instrset/CMSIS/RTOS/RTX/LIB/GCC/libRTX_CM4.a(rt_event.o)
                0x00011020                rt_evt_set
 .text.rt_evt_clr
                0x00011078       0x18 C:/ProgramData/MATLAB/SupportPackages/R2022a/3P.instrset/cmsis.instrset/CMSIS/RTOS/RTX/LIB/GCC/libRTX_CM4.a(rt_event.o)
                0x00011078                rt_evt_clr
 .text.isr_evt_set
                0x00011090       0x24 C:/ProgramData/MATLAB/SupportPackages/R2022a/3P.instrset/cmsis.instrset/CMSIS/RTOS/RTX/LIB/GCC/libRTX_CM4.a(rt_event.o)
                0x00011090                isr_evt_set
 .text.rt_evt_psh
                0x000110b4       0x50 C:/ProgramData/MATLAB/SupportPackages/R2022a/3P.instrset/cmsis.instrset/CMSIS/RTOS/RTX/LIB/GCC/libRTX_CM4.a(rt_event.o)
                0x000110b4                rt_evt_psh
 .text.rt_psh_req
                0x00011104       0x20 C:/ProgramData/MATLAB/SupportPackages/R2022a/3P.instrset/cmsis.instrset/CMSIS/RTOS/RTX/LIB/GCC/libRTX_CM4.a(rt_system.o)
                0x00011104                rt_psh_req
 .text.rt_pop_req
                0x00011124       0x9c C:/ProgramData/MATLAB/SupportPackages/R2022a/3P.instrset/cmsis.instrset/CMSIS/RTOS/RTX/LIB/GCC/libRTX_CM4.a(rt_system.o)
                0x00011124                rt_pop_req
 .text.os_tick_init
                0x000111c0       0x40 C:/ProgramData/MATLAB/SupportPackages/R2022a/3P.instrset/cmsis.instrset/CMSIS/RTOS/RTX/LIB/GCC/libRTX_CM4.a(rt_system.o)
                0x000111c0                os_tick_init
 .text.os_tick_irqack
                0x00011200        0x4 C:/ProgramData/MATLAB/SupportPackages/R2022a/3P.instrset/cmsis.instrset/CMSIS/RTOS/RTX/LIB/GCC/libRTX_CM4.a(rt_system.o)
                0x00011200                os_tick_irqack
 .text.rt_systick
                0x00011204       0x3c C:/ProgramData/MATLAB/SupportPackages/R2022a/3P.instrset/cmsis.instrset/CMSIS/RTOS/RTX/LIB/GCC/libRTX_CM4.a(rt_system.o)
                0x00011204                rt_systick
 .text.rt_stk_check
                0x00011240       0x24 C:/ProgramData/MATLAB/SupportPackages/R2022a/3P.instrset/cmsis.instrset/CMSIS/RTOS/RTX/LIB/GCC/libRTX_CM4.a(rt_system.o)
                0x00011240                rt_stk_check
 .text.rt_switch_req
                0x00011264       0x24 C:/ProgramData/MATLAB/SupportPackages/R2022a/3P.instrset/cmsis.instrset/CMSIS/RTOS/RTX/LIB/GCC/libRTX_CM4.a(rt_task.o)
                0x00011264                rt_switch_req
 .text.rt_dispatch
                0x00011288       0x78 C:/ProgramData/MATLAB/SupportPackages/R2022a/3P.instrset/cmsis.instrset/CMSIS/RTOS/RTX/LIB/GCC/libRTX_CM4.a(rt_task.o)
                0x00011288                rt_dispatch
 .text.rt_block
                0x00011300       0x50 C:/ProgramData/MATLAB/SupportPackages/R2022a/3P.instrset/cmsis.instrset/CMSIS/RTOS/RTX/LIB/GCC/libRTX_CM4.a(rt_task.o)
                0x00011300                rt_block
 .text.rt_tsk_self
                0x00011350       0x10 C:/ProgramData/MATLAB/SupportPackages/R2022a/3P.instrset/cmsis.instrset/CMSIS/RTOS/RTX/LIB/GCC/libRTX_CM4.a(rt_task.o)
                0x00011350                rt_tsk_self
 .text.rt_tsk_prio
                0x00011360       0xa0 C:/ProgramData/MATLAB/SupportPackages/R2022a/3P.instrset/cmsis.instrset/CMSIS/RTOS/RTX/LIB/GCC/libRTX_CM4.a(rt_task.o)
                0x00011360                rt_tsk_prio
 .text.rt_tsk_create
                0x00011400       0xc8 C:/ProgramData/MATLAB/SupportPackages/R2022a/3P.instrset/cmsis.instrset/CMSIS/RTOS/RTX/LIB/GCC/libRTX_CM4.a(rt_task.o)
                0x00011400                rt_tsk_create
 .text.rt_tsk_delete
                0x000114c8      0x1bc C:/ProgramData/MATLAB/SupportPackages/R2022a/3P.instrset/cmsis.instrset/CMSIS/RTOS/RTX/LIB/GCC/libRTX_CM4.a(rt_task.o)
                0x000114c8                rt_tsk_delete
 .text.rt_sys_init
                0x00011684       0xdc C:/ProgramData/MATLAB/SupportPackages/R2022a/3P.instrset/cmsis.instrset/CMSIS/RTOS/RTX/LIB/GCC/libRTX_CM4.a(rt_task.o)
                0x00011684                rt_sys_init
 .text.rt_sys_start
                0x00011760       0x8c C:/ProgramData/MATLAB/SupportPackages/R2022a/3P.instrset/cmsis.instrset/CMSIS/RTOS/RTX/LIB/GCC/libRTX_CM4.a(rt_task.o)
                0x00011760                rt_sys_start
 .text.OSA_TimeInit
                0x000117ec       0x40 C:/ProgramData/MATLAB/SupportPackages/R2022a/toolbox/target/supportpackages/freedomk64f/src/ksdk_armgcc_lib/bm/libksdk_platform.a(fsl_os_abstraction_bm.o)
                0x000117ec                OSA_TimeInit
 .text.OSA_SemaCreate
                0x0001182c       0x2c C:/ProgramData/MATLAB/SupportPackages/R2022a/toolbox/target/supportpackages/freedomk64f/src/ksdk_armgcc_lib/bm/libksdk_platform.a(fsl_os_abstraction_bm.o)
                0x0001182c                OSA_SemaCreate
 .text.OSA_SemaPost
                0x00011858       0x3c C:/ProgramData/MATLAB/SupportPackages/R2022a/toolbox/target/supportpackages/freedomk64f/src/ksdk_armgcc_lib/bm/libksdk_platform.a(fsl_os_abstraction_bm.o)
                0x00011858                OSA_SemaPost
 .text.OSA_SemaDestroy
                0x00011894       0x20 C:/ProgramData/MATLAB/SupportPackages/R2022a/toolbox/target/supportpackages/freedomk64f/src/ksdk_armgcc_lib/bm/libksdk_platform.a(fsl_os_abstraction_bm.o)
                0x00011894                OSA_SemaDestroy
 .text.task_init
                0x000118b4       0x38 C:/ProgramData/MATLAB/SupportPackages/R2022a/toolbox/target/supportpackages/freedomk64f/src/ksdk_armgcc_lib/bm/libksdk_platform.a(fsl_os_abstraction_bm.o)
                0x000118b4                task_init
 .text.OSA_Init
                0x000118ec        0xe C:/ProgramData/MATLAB/SupportPackages/R2022a/toolbox/target/supportpackages/freedomk64f/src/ksdk_armgcc_lib/bm/libksdk_platform.a(fsl_os_abstraction_bm.o)
                0x000118ec                OSA_Init
 *fill*         0x000118fa        0x2 
 .text.CLOCK_SYS_SetMcgPeeToFbe
                0x000118fc       0x34 C:/ProgramData/MATLAB/SupportPackages/R2022a/toolbox/target/supportpackages/freedomk64f/src/ksdk_armgcc_lib/bm/libksdk_platform.a(fsl_clock_manager.o)
 .text.CLOCK_SYS_SetMcgMode
                0x00011930      0x124 C:/ProgramData/MATLAB/SupportPackages/R2022a/toolbox/target/supportpackages/freedomk64f/src/ksdk_armgcc_lib/bm/libksdk_platform.a(fsl_clock_manager.o)
                0x00011930                CLOCK_SYS_SetMcgMode
 .text.CLOCK_SYS_SetOscerConfigration
                0x00011a54       0x20 C:/ProgramData/MATLAB/SupportPackages/R2022a/toolbox/target/supportpackages/freedomk64f/src/ksdk_armgcc_lib/bm/libksdk_platform.a(fsl_clock_manager.o)
                0x00011a54                CLOCK_SYS_SetOscerConfigration
 .text.CLOCK_SYS_OscInit
                0x00011a74       0x98 C:/ProgramData/MATLAB/SupportPackages/R2022a/toolbox/target/supportpackages/freedomk64f/src/ksdk_armgcc_lib/bm/libksdk_platform.a(fsl_clock_manager.o)
                0x00011a74                CLOCK_SYS_OscInit
 .text.CLOCK_SYS_RtcOscInit
                0x00011b0c       0x6c C:/ProgramData/MATLAB/SupportPackages/R2022a/toolbox/target/supportpackages/freedomk64f/src/ksdk_armgcc_lib/bm/libksdk_platform.a(fsl_clock_manager.o)
                0x00011b0c                CLOCK_SYS_RtcOscInit
 .text.SIM_HAL_GetGateCmd.constprop.0
                0x00011b78       0x20 C:/ProgramData/MATLAB/SupportPackages/R2022a/toolbox/target/supportpackages/freedomk64f/src/ksdk_armgcc_lib/bm/libksdk_platform.a(fsl_clock_MK64F12.o)
 .text.SIM_HAL_DisableClock.constprop.0
                0x00011b98       0x1c C:/ProgramData/MATLAB/SupportPackages/R2022a/toolbox/target/supportpackages/freedomk64f/src/ksdk_armgcc_lib/bm/libksdk_platform.a(fsl_clock_MK64F12.o)
 .text.SIM_HAL_EnableClock.constprop.0
                0x00011bb4       0x1c C:/ProgramData/MATLAB/SupportPackages/R2022a/toolbox/target/supportpackages/freedomk64f/src/ksdk_armgcc_lib/bm/libksdk_platform.a(fsl_clock_MK64F12.o)
 .text.CLOCK_SYS_GetCoreClockFreq
                0x00011bd0       0x24 C:/ProgramData/MATLAB/SupportPackages/R2022a/toolbox/target/supportpackages/freedomk64f/src/ksdk_armgcc_lib/bm/libksdk_platform.a(fsl_clock_MK64F12.o)
                0x00011bd0                CLOCK_SYS_GetCoreClockFreq
 .text.CLOCK_SYS_SetConfiguration
                0x00011bf4       0x94 C:/ProgramData/MATLAB/SupportPackages/R2022a/toolbox/target/supportpackages/freedomk64f/src/ksdk_armgcc_lib/bm/libksdk_platform.a(fsl_clock_MK64F12.o)
                0x00011bf4                CLOCK_SYS_SetConfiguration
 .text.CLOCK_SYS_FllStableDelay
                0x00011c88       0x18 C:/ProgramData/MATLAB/SupportPackages/R2022a/toolbox/target/supportpackages/freedomk64f/src/ksdk_armgcc_lib/bm/libksdk_platform.a(fsl_clock_MK64F12.o)
 .text.CLOCK_SYS_GetBusClockFreq
                0x00011ca0       0x24 C:/ProgramData/MATLAB/SupportPackages/R2022a/toolbox/target/supportpackages/freedomk64f/src/ksdk_armgcc_lib/bm/libksdk_platform.a(fsl_clock_MK64F12.o)
                0x00011ca0                CLOCK_SYS_GetBusClockFreq
 .text.CLOCK_SYS_GetUartFreq
                0x00011cc4       0x16 C:/ProgramData/MATLAB/SupportPackages/R2022a/toolbox/target/supportpackages/freedomk64f/src/ksdk_armgcc_lib/bm/libksdk_platform.a(fsl_clock_MK64F12.o)
                0x00011cc4                CLOCK_SYS_GetUartFreq
 *fill*         0x00011cda        0x2 
 .text.CLOCK_SYS_GetFtmExternalFreq
                0x00011cdc       0x20 C:/ProgramData/MATLAB/SupportPackages/R2022a/toolbox/target/supportpackages/freedomk64f/src/ksdk_armgcc_lib/bm/libksdk_platform.a(fsl_clock_MK64F12.o)
                0x00011cdc                CLOCK_SYS_GetFtmExternalFreq
 .text.CLOCK_SYS_EnablePortClock
                0x00011cfc       0x30 C:/ProgramData/MATLAB/SupportPackages/R2022a/toolbox/target/supportpackages/freedomk64f/src/ksdk_armgcc_lib/bm/libksdk_platform.a(fsl_clock_MK64F12.o)
                0x00011cfc                CLOCK_SYS_EnablePortClock
 .text.CLOCK_SYS_EnableAdcClock
                0x00011d2c       0x30 C:/ProgramData/MATLAB/SupportPackages/R2022a/toolbox/target/supportpackages/freedomk64f/src/ksdk_armgcc_lib/bm/libksdk_platform.a(fsl_clock_MK64F12.o)
                0x00011d2c                CLOCK_SYS_EnableAdcClock
 .text.CLOCK_SYS_EnableFtmClock
                0x00011d5c       0x30 C:/ProgramData/MATLAB/SupportPackages/R2022a/toolbox/target/supportpackages/freedomk64f/src/ksdk_armgcc_lib/bm/libksdk_platform.a(fsl_clock_MK64F12.o)
                0x00011d5c                CLOCK_SYS_EnableFtmClock
 .text.CLOCK_SYS_EnableUartClock
                0x00011d8c       0x30 C:/ProgramData/MATLAB/SupportPackages/R2022a/toolbox/target/supportpackages/freedomk64f/src/ksdk_armgcc_lib/bm/libksdk_platform.a(fsl_clock_MK64F12.o)
                0x00011d8c                CLOCK_SYS_EnableUartClock
 .text.CLOCK_SYS_DisableUartClock
                0x00011dbc       0x30 C:/ProgramData/MATLAB/SupportPackages/R2022a/toolbox/target/supportpackages/freedomk64f/src/ksdk_armgcc_lib/bm/libksdk_platform.a(fsl_clock_MK64F12.o)
                0x00011dbc                CLOCK_SYS_DisableUartClock
 .text.CLOCK_SYS_GetUartGateCmd
                0x00011dec       0x30 C:/ProgramData/MATLAB/SupportPackages/R2022a/toolbox/target/supportpackages/freedomk64f/src/ksdk_armgcc_lib/bm/libksdk_platform.a(fsl_clock_MK64F12.o)
                0x00011dec                CLOCK_SYS_GetUartGateCmd
 .text.INT_SYS_EnableIRQGlobal
                0x00011e1c       0x14 C:/ProgramData/MATLAB/SupportPackages/R2022a/toolbox/target/supportpackages/freedomk64f/src/ksdk_armgcc_lib/bm/libksdk_platform.a(fsl_interrupt_manager.o)
                0x00011e1c                INT_SYS_EnableIRQGlobal
 .text.INT_SYS_DisableIRQGlobal
                0x00011e30       0x10 C:/ProgramData/MATLAB/SupportPackages/R2022a/toolbox/target/supportpackages/freedomk64f/src/ksdk_armgcc_lib/bm/libksdk_platform.a(fsl_interrupt_manager.o)
                0x00011e30                INT_SYS_DisableIRQGlobal
 .text.ADC16_HAL_GetChnConvCompletedFlag.part.0
                0x00011e40       0x1c C:/ProgramData/MATLAB/SupportPackages/R2022a/toolbox/target/supportpackages/freedomk64f/src/ksdk_armgcc_lib/bm/libksdk_platform.a(fsl_adc16_driver.o)
 .text.ADC16_DRV_StructInitUserConfigDefault
                0x00011e5c       0x24 C:/ProgramData/MATLAB/SupportPackages/R2022a/toolbox/target/supportpackages/freedomk64f/src/ksdk_armgcc_lib/bm/libksdk_platform.a(fsl_adc16_driver.o)
                0x00011e5c                ADC16_DRV_StructInitUserConfigDefault
 .text.ADC16_DRV_Init
                0x00011e80       0x90 C:/ProgramData/MATLAB/SupportPackages/R2022a/toolbox/target/supportpackages/freedomk64f/src/ksdk_armgcc_lib/bm/libksdk_platform.a(fsl_adc16_driver.o)
                0x00011e80                ADC16_DRV_Init
 .text.ADC16_DRV_SetChnMux
                0x00011f10       0x40 C:/ProgramData/MATLAB/SupportPackages/R2022a/toolbox/target/supportpackages/freedomk64f/src/ksdk_armgcc_lib/bm/libksdk_platform.a(fsl_adc16_driver.o)
                0x00011f10                ADC16_DRV_SetChnMux
 .text.ADC16_DRV_ConfigConvChn
                0x00011f50       0x38 C:/ProgramData/MATLAB/SupportPackages/R2022a/toolbox/target/supportpackages/freedomk64f/src/ksdk_armgcc_lib/bm/libksdk_platform.a(fsl_adc16_driver.o)
                0x00011f50                ADC16_DRV_ConfigConvChn
 .text.ADC16_DRV_WaitConvDone
                0x00011f88       0x48 C:/ProgramData/MATLAB/SupportPackages/R2022a/toolbox/target/supportpackages/freedomk64f/src/ksdk_armgcc_lib/bm/libksdk_platform.a(fsl_adc16_driver.o)
                0x00011f88                ADC16_DRV_WaitConvDone
 .text.ADC16_DRV_GetConvValueRAW
                0x00011fd0       0x50 C:/ProgramData/MATLAB/SupportPackages/R2022a/toolbox/target/supportpackages/freedomk64f/src/ksdk_armgcc_lib/bm/libksdk_platform.a(fsl_adc16_driver.o)
                0x00011fd0                ADC16_DRV_GetConvValueRAW
 .text.INT_SYS_EnableIRQ
                0x00012020       0x48 C:/ProgramData/MATLAB/SupportPackages/R2022a/toolbox/target/supportpackages/freedomk64f/src/ksdk_armgcc_lib/bm/libksdk_platform.a(fsl_edma_driver.o)
 .text.EDMA_DRV_ClaimChannel
                0x00012068       0x70 C:/ProgramData/MATLAB/SupportPackages/R2022a/toolbox/target/supportpackages/freedomk64f/src/ksdk_armgcc_lib/bm/libksdk_platform.a(fsl_edma_driver.o)
 .text.EDMA_DRV_Init
                0x000120d8       0x84 C:/ProgramData/MATLAB/SupportPackages/R2022a/toolbox/target/supportpackages/freedomk64f/src/ksdk_armgcc_lib/bm/libksdk_platform.a(fsl_edma_driver.o)
                0x000120d8                EDMA_DRV_Init
 .text.EDMA_DRV_InstallCallback
                0x0001215c        0x8 C:/ProgramData/MATLAB/SupportPackages/R2022a/toolbox/target/supportpackages/freedomk64f/src/ksdk_armgcc_lib/bm/libksdk_platform.a(fsl_edma_driver.o)
                0x0001215c                EDMA_DRV_InstallCallback
 .text.EDMA_DRV_RequestChannel
                0x00012164       0x70 C:/ProgramData/MATLAB/SupportPackages/R2022a/toolbox/target/supportpackages/freedomk64f/src/ksdk_armgcc_lib/bm/libksdk_platform.a(fsl_edma_driver.o)
                0x00012164                EDMA_DRV_RequestChannel
 .text.EDMA_DRV_ReleaseChannel
                0x000121d4       0x44 C:/ProgramData/MATLAB/SupportPackages/R2022a/toolbox/target/supportpackages/freedomk64f/src/ksdk_armgcc_lib/bm/libksdk_platform.a(fsl_edma_driver.o)
                0x000121d4                EDMA_DRV_ReleaseChannel
 .text.EDMA_DRV_IRQHandler
                0x00012218       0x30 C:/ProgramData/MATLAB/SupportPackages/R2022a/toolbox/target/supportpackages/freedomk64f/src/ksdk_armgcc_lib/bm/libksdk_platform.a(fsl_edma_driver.o)
                0x00012218                EDMA_DRV_IRQHandler
 .text.EDMA_DRV_ErrorIRQHandler
                0x00012248       0x8c C:/ProgramData/MATLAB/SupportPackages/R2022a/toolbox/target/supportpackages/freedomk64f/src/ksdk_armgcc_lib/bm/libksdk_platform.a(fsl_edma_driver.o)
                0x00012248                EDMA_DRV_ErrorIRQHandler
 .text.FTM_HAL_SetClockSource
                0x000122d4       0x12 C:/ProgramData/MATLAB/SupportPackages/R2022a/toolbox/target/supportpackages/freedomk64f/src/ksdk_armgcc_lib/bm/libksdk_platform.a(fsl_ftm_driver.o)
 *fill*         0x000122e6        0x2 
 .text.FTM_HAL_SetChnCountVal.part.0
                0x000122e8       0x1c C:/ProgramData/MATLAB/SupportPackages/R2022a/toolbox/target/supportpackages/freedomk64f/src/ksdk_armgcc_lib/bm/libksdk_platform.a(fsl_ftm_driver.o)
 .text.FTM_DRV_Init
                0x00012304      0x10c C:/ProgramData/MATLAB/SupportPackages/R2022a/toolbox/target/supportpackages/freedomk64f/src/ksdk_armgcc_lib/bm/libksdk_platform.a(fsl_ftm_driver.o)
                0x00012304                FTM_DRV_Init
 .text.FTM_DRV_SetClock
                0x00012410       0x54 C:/ProgramData/MATLAB/SupportPackages/R2022a/toolbox/target/supportpackages/freedomk64f/src/ksdk_armgcc_lib/bm/libksdk_platform.a(fsl_ftm_driver.o)
                0x00012410                FTM_DRV_SetClock
 .text.FTM_DRV_GetClock
                0x00012464       0x68 C:/ProgramData/MATLAB/SupportPackages/R2022a/toolbox/target/supportpackages/freedomk64f/src/ksdk_armgcc_lib/bm/libksdk_platform.a(fsl_ftm_driver.o)
                0x00012464                FTM_DRV_GetClock
 .text.FTM_DRV_PwmStart
                0x000124cc      0x1cc C:/ProgramData/MATLAB/SupportPackages/R2022a/toolbox/target/supportpackages/freedomk64f/src/ksdk_armgcc_lib/bm/libksdk_platform.a(fsl_ftm_driver.o)
                0x000124cc                FTM_DRV_PwmStart
 .text.PORT_HAL_SetMuxMode.part.0
                0x00012698       0x1c C:/ProgramData/MATLAB/SupportPackages/R2022a/toolbox/target/supportpackages/freedomk64f/src/ksdk_armgcc_lib/bm/libksdk_platform.a(fsl_gpio_driver.o)
 .text.GPIO_DRV_InputPinInit
                0x000126b4       0xe4 C:/ProgramData/MATLAB/SupportPackages/R2022a/toolbox/target/supportpackages/freedomk64f/src/ksdk_armgcc_lib/bm/libksdk_platform.a(fsl_gpio_driver.o)
                0x000126b4                GPIO_DRV_InputPinInit
 .text.GPIO_DRV_OutputPinInit
                0x00012798       0x78 C:/ProgramData/MATLAB/SupportPackages/R2022a/toolbox/target/supportpackages/freedomk64f/src/ksdk_armgcc_lib/bm/libksdk_platform.a(fsl_gpio_driver.o)
                0x00012798                GPIO_DRV_OutputPinInit
 .text.GPIO_DRV_WritePinOutput
                0x00012810       0x1c C:/ProgramData/MATLAB/SupportPackages/R2022a/toolbox/target/supportpackages/freedomk64f/src/ksdk_armgcc_lib/bm/libksdk_platform.a(fsl_gpio_driver.o)
                0x00012810                GPIO_DRV_WritePinOutput
 .text.GPIO_DRV_ReadPinInput
                0x0001282c       0x3c C:/ProgramData/MATLAB/SupportPackages/R2022a/toolbox/target/supportpackages/freedomk64f/src/ksdk_armgcc_lib/bm/libksdk_platform.a(fsl_gpio_driver.o)
                0x0001282c                GPIO_DRV_ReadPinInput
 .text.LPTMR_HAL_SetTimerWorkingMode
                0x00012868       0x3c C:/ProgramData/MATLAB/SupportPackages/R2022a/toolbox/target/supportpackages/freedomk64f/src/ksdk_armgcc_lib/bm/libksdk_platform.a(fsl_lptmr_hal.o)
                0x00012868                LPTMR_HAL_SetTimerWorkingMode
 .text.LPTMR_HAL_SetPrescalerMode
                0x000128a4       0x1c C:/ProgramData/MATLAB/SupportPackages/R2022a/toolbox/target/supportpackages/freedomk64f/src/ksdk_armgcc_lib/bm/libksdk_platform.a(fsl_lptmr_hal.o)
                0x000128a4                LPTMR_HAL_SetPrescalerMode
 .text.CLOCK_HAL_TestOscFreq
                0x000128c0       0x28 C:/ProgramData/MATLAB/SupportPackages/R2022a/toolbox/target/supportpackages/freedomk64f/src/ksdk_armgcc_lib/bm/libksdk_platform.a(fsl_mcg_hal.o)
                0x000128c0                CLOCK_HAL_TestOscFreq
 .text.CLOCK_HAL_GetMcgExternalClkFreq
                0x000128e8        0xa C:/ProgramData/MATLAB/SupportPackages/R2022a/toolbox/target/supportpackages/freedomk64f/src/ksdk_armgcc_lib/bm/libksdk_platform.a(fsl_mcg_hal.o)
 .text.CLOCK_HAL_TestFllExternalRefFreq
                0x000128f2       0x2c C:/ProgramData/MATLAB/SupportPackages/R2022a/toolbox/target/supportpackages/freedomk64f/src/ksdk_armgcc_lib/bm/libksdk_platform.a(fsl_mcg_hal.o)
                0x000128f2                CLOCK_HAL_TestFllExternalRefFreq
 *fill*         0x0001291e        0x2 
 .text.CLOCK_HAL_GetFllRefClk
                0x00012920       0x40 C:/ProgramData/MATLAB/SupportPackages/R2022a/toolbox/target/supportpackages/freedomk64f/src/ksdk_armgcc_lib/bm/libksdk_platform.a(fsl_mcg_hal.o)
                0x00012920                CLOCK_HAL_GetFllRefClk
 .text.CLOCK_HAL_TestFllFreq
                0x00012960       0x34 C:/ProgramData/MATLAB/SupportPackages/R2022a/toolbox/target/supportpackages/freedomk64f/src/ksdk_armgcc_lib/bm/libksdk_platform.a(fsl_mcg_hal.o)
                0x00012960                CLOCK_HAL_TestFllFreq
 .text.CLOCK_HAL_GetFllClk
                0x00012994       0x3c C:/ProgramData/MATLAB/SupportPackages/R2022a/toolbox/target/supportpackages/freedomk64f/src/ksdk_armgcc_lib/bm/libksdk_platform.a(fsl_mcg_hal.o)
                0x00012994                CLOCK_HAL_GetFllClk
 .text.CLOCK_HAL_UpdateFastClkInternalRefDiv
                0x000129d0       0x58 C:/ProgramData/MATLAB/SupportPackages/R2022a/toolbox/target/supportpackages/freedomk64f/src/ksdk_armgcc_lib/bm/libksdk_platform.a(fsl_mcg_hal.o)
                0x000129d0                CLOCK_HAL_UpdateFastClkInternalRefDiv
 .text.CLOCK_HAL_GetPll0Clk
                0x00012a28       0x48 C:/ProgramData/MATLAB/SupportPackages/R2022a/toolbox/target/supportpackages/freedomk64f/src/ksdk_armgcc_lib/bm/libksdk_platform.a(fsl_mcg_hal.o)
                0x00012a28                CLOCK_HAL_GetPll0Clk
 .text.CLOCK_HAL_EnablePll0InFllMode
                0x00012a70       0x38 C:/ProgramData/MATLAB/SupportPackages/R2022a/toolbox/target/supportpackages/freedomk64f/src/ksdk_armgcc_lib/bm/libksdk_platform.a(fsl_mcg_hal.o)
                0x00012a70                CLOCK_HAL_EnablePll0InFllMode
 .text.CLOCK_HAL_GetInternalRefClk
                0x00012aa8       0x40 C:/ProgramData/MATLAB/SupportPackages/R2022a/toolbox/target/supportpackages/freedomk64f/src/ksdk_armgcc_lib/bm/libksdk_platform.a(fsl_mcg_hal.o)
                0x00012aa8                CLOCK_HAL_GetInternalRefClk
 .text.CLOCK_HAL_GetOutClk
                0x00012ae8       0x22 C:/ProgramData/MATLAB/SupportPackages/R2022a/toolbox/target/supportpackages/freedomk64f/src/ksdk_armgcc_lib/bm/libksdk_platform.a(fsl_mcg_hal.o)