Archive member included to satisfy reference by file (symbol)

C:/Users/ramu7/OneDrive/Desktop/Unistuff/3K04/PaceMaker/PaceMaker_3K04/slprj/ert/_sharedutils/rtwshared.lib(rt_nonfinite.o)
                              Group30_SFWR_Assignment1_SIMULINK.o (rt_InitInfAndNaN)
C:/Users/ramu7/OneDrive/Desktop/Unistuff/3K04/PaceMaker/PaceMaker_3K04/slprj/ert/_sharedutils/rtwshared.lib(rt_roundd_snf.o)
                              Group30_SFWR_Assignment1_SIMULINK.o (rt_roundd_snf)
C:/Users/ramu7/OneDrive/Desktop/Unistuff/3K04/PaceMaker/PaceMaker_3K04/slprj/ert/_sharedutils/rtwshared.lib(rtGetInf.o)
                              C:/Users/ramu7/OneDrive/Desktop/Unistuff/3K04/PaceMaker/PaceMaker_3K04/slprj/ert/_sharedutils/rtwshared.lib(rt_nonfinite.o) (rtGetInf)
C:/Users/ramu7/OneDrive/Desktop/Unistuff/3K04/PaceMaker/PaceMaker_3K04/slprj/ert/_sharedutils/rtwshared.lib(rtGetNaN.o)
                              C:/Users/ramu7/OneDrive/Desktop/Unistuff/3K04/PaceMaker/PaceMaker_3K04/slprj/ert/_sharedutils/rtwshared.lib(rt_nonfinite.o) (rtGetNaN)
C:/ProgramData/MATLAB/SupportPackages/R2022a/3P.instrset/cmsis.instrset/CMSIS/RTOS/RTX/LIB/GCC/libRTX_CM4.a(rt_cmsis.o)
                              RTX_Conf_CM.o (osKernelInitialize)
C:/ProgramData/MATLAB/SupportPackages/R2022a/3P.instrset/cmsis.instrset/CMSIS/RTOS/RTX/LIB/GCC/libRTX_CM4.a(hal_cm.o)
                              C:/ProgramData/MATLAB/SupportPackages/R2022a/3P.instrset/cmsis.instrset/CMSIS/RTOS/RTX/LIB/GCC/libRTX_CM4.a(rt_cmsis.o) (rt_ret_val)
C:/ProgramData/MATLAB/SupportPackages/R2022a/3P.instrset/cmsis.instrset/CMSIS/RTOS/RTX/LIB/GCC/libRTX_CM4.a(rt_memory.o)
                              C:/ProgramData/MATLAB/SupportPackages/R2022a/3P.instrset/cmsis.instrset/CMSIS/RTOS/RTX/LIB/GCC/libRTX_CM4.a(rt_cmsis.o) (rt_init_mem)
C:/ProgramData/MATLAB/SupportPackages/R2022a/3P.instrset/cmsis.instrset/CMSIS/RTOS/RTX/LIB/GCC/libRTX_CM4.a(rt_membox.o)
                              C:/ProgramData/MATLAB/SupportPackages/R2022a/3P.instrset/cmsis.instrset/CMSIS/RTOS/RTX/LIB/GCC/libRTX_CM4.a(rt_cmsis.o) (_init_box)
C:/ProgramData/MATLAB/SupportPackages/R2022a/3P.instrset/cmsis.instrset/CMSIS/RTOS/RTX/LIB/GCC/libRTX_CM4.a(rt_mutex.o)
                              C:/ProgramData/MATLAB/SupportPackages/R2022a/3P.instrset/cmsis.instrset/CMSIS/RTOS/RTX/LIB/GCC/libRTX_CM4.a(rt_cmsis.o) (rt_mut_init)
C:/ProgramData/MATLAB/SupportPackages/R2022a/3P.instrset/cmsis.instrset/CMSIS/RTOS/RTX/LIB/GCC/libRTX_CM4.a(rt_time.o)
                              C:/ProgramData/MATLAB/SupportPackages/R2022a/3P.instrset/cmsis.instrset/CMSIS/RTOS/RTX/LIB/GCC/libRTX_CM4.a(rt_cmsis.o) (os_time)
C:/ProgramData/MATLAB/SupportPackages/R2022a/3P.instrset/cmsis.instrset/CMSIS/RTOS/RTX/LIB/GCC/libRTX_CM4.a(rt_semaphore.o)
                              C:/ProgramData/MATLAB/SupportPackages/R2022a/3P.instrset/cmsis.instrset/CMSIS/RTOS/RTX/LIB/GCC/libRTX_CM4.a(rt_cmsis.o) (rt_sem_init)
C:/ProgramData/MATLAB/SupportPackages/R2022a/3P.instrset/cmsis.instrset/CMSIS/RTOS/RTX/LIB/GCC/libRTX_CM4.a(rt_mailbox.o)
                              C:/ProgramData/MATLAB/SupportPackages/R2022a/3P.instrset/cmsis.instrset/CMSIS/RTOS/RTX/LIB/GCC/libRTX_CM4.a(rt_cmsis.o) (rt_mbx_init)
C:/ProgramData/MATLAB/SupportPackages/R2022a/3P.instrset/cmsis.instrset/CMSIS/RTOS/RTX/LIB/GCC/libRTX_CM4.a(rt_list.o)
                              C:/ProgramData/MATLAB/SupportPackages/R2022a/3P.instrset/cmsis.instrset/CMSIS/RTOS/RTX/LIB/GCC/libRTX_CM4.a(rt_cmsis.o) (rt_put_prio)
C:/ProgramData/MATLAB/SupportPackages/R2022a/3P.instrset/cmsis.instrset/CMSIS/RTOS/RTX/LIB/GCC/libRTX_CM4.a(rt_event.o)
                              C:/ProgramData/MATLAB/SupportPackages/R2022a/3P.instrset/cmsis.instrset/CMSIS/RTOS/RTX/LIB/GCC/libRTX_CM4.a(rt_cmsis.o) (rt_evt_wait)
C:/ProgramData/MATLAB/SupportPackages/R2022a/3P.instrset/cmsis.instrset/CMSIS/RTOS/RTX/LIB/GCC/libRTX_CM4.a(rt_system.o)
                              C:/ProgramData/MATLAB/SupportPackages/R2022a/3P.instrset/cmsis.instrset/CMSIS/RTOS/RTX/LIB/GCC/libRTX_CM4.a(rt_cmsis.o) (rt_suspend)
C:/ProgramData/MATLAB/SupportPackages/R2022a/3P.instrset/cmsis.instrset/CMSIS/RTOS/RTX/LIB/GCC/libRTX_CM4.a(rt_task.o)
                              C:/ProgramData/MATLAB/SupportPackages/R2022a/3P.instrset/cmsis.instrset/CMSIS/RTOS/RTX/LIB/GCC/libRTX_CM4.a(rt_system.o) (rt_switch_req)
C:/ProgramData/MATLAB/SupportPackages/R2022a/3P.instrset/cmsis.instrset/CMSIS/RTOS/RTX/LIB/GCC/libRTX_CM4.a(hal_cm4.o)
                              C:/ProgramData/MATLAB/SupportPackages/R2022a/3P.instrset/cmsis.instrset/CMSIS/RTOS/RTX/LIB/GCC/libRTX_CM4.a(rt_task.o) (rt_get_PSP)
C:/ProgramData/MATLAB/SupportPackages/R2022a/3P.instrset/cmsis.instrset/CMSIS/RTOS/RTX/LIB/GCC/libRTX_CM4.a(svc_table.o)
                              C:/ProgramData/MATLAB/SupportPackages/R2022a/3P.instrset/cmsis.instrset/CMSIS/RTOS/RTX/LIB/GCC/libRTX_CM4.a(hal_cm4.o) (SVC_Table)
[...]
Memory Configuration

Name             Origin             Length             Attributes
m_interrupts     0x00000000         0x00000400         xr
m_flash_config   0x00000400         0x00000010         xr
m_text           0x00000410         0x000ffbf0         xr
m_data_2         0x1fff0000         0x00010000         rw
m_data           0x20000000         0x00030000         rw
*default*        0x00000000         0xffffffff

Linker script and memory map

LOAD c:/progra~3/matlab/suppor~1/r2022a/3p778c~1.ins/gnuarm~1.ins/win/bin/../lib/gcc/arm-none-eabi/9.3.1/thumb/v7e-m+fp/hard/crti.o
LOAD c:/progra~3/matlab/suppor~1/r2022a/3p778c~1.ins/gnuarm~1.ins/win/bin/../lib/gcc/arm-none-eabi/9.3.1/thumb/v7e-m+fp/hard/crtbegin.o
LOAD c:/progra~3/matlab/suppor~1/r2022a/3p778c~1.ins/gnuarm~1.ins/win/bin/../lib/gcc/arm-none-eabi/9.3.1/../../../../arm-none-eabi/lib/thumb/v7e-m+fp/hard/crt0.o
LOAD MW_digitalIO.o
LOAD mw_sdk_interface.o
LOAD MW_PWM.o
LOAD MW_SCI.o
LOAD ert_main.o
LOAD Group30_SFWR_Assignment1_SIMULINK.o
LOAD Group30_SFWR_Assignment1_SIMULINK_data.o
LOAD Transmit_DCM.o
LOAD startup.o
LOAD system_MK64F12.o
LOAD startup_MK64F12.o
LOAD board.o
LOAD hardware_init.o
LOAD pin_mux.o
LOAD fsl_misc_utilities.o
LOAD fsl_edma_irq.o
LOAD fsl_uart_irq.o
LOAD irq_stub.o
LOAD sbrk.o
LOAD cmsis_rtos_init.o
LOAD RTX_Conf_CM.o
LOAD mw_thread.o
LOAD mw_semaphore.o
LOAD mw_timer.o
LOAD mw_signal.o
LOAD C:/Users/ramu7/OneDrive/Desktop/Unistuff/3K04/PaceMaker/PaceMaker_3K04/slprj/ert/_sharedutils/rtwshared.lib
LOAD C:/ProgramData/MATLAB/SupportPackages/R2022a/3P.instrset/cmsis.instrset/CMSIS/DSP/Lib/GCC/libarm_cortexM4lf_math.a
LOAD C:/ProgramData/MATLAB/SupportPackages/R2022a/3P.instrset/cmsis.instrset/CMSIS/RTOS/RTX/LIB/GCC/libRTX_CM4.a
LOAD C:/ProgramData/MATLAB/SupportPackages/R2022a/toolbox/target/supportpackages/freedomk64f/src/ksdk_armgcc_lib/bm/libksdk_platform.a
LOAD c:/progra~3/matlab/suppor~1/r2022a/3p778c~1.ins/gnuarm~1.ins/win/bin/../lib/gcc/arm-none-eabi/9.3.1/../../../../arm-none-eabi/lib/thumb/v7e-m+fp/hard\libstdc++.a
LOAD c:/progra~3/matlab/suppor~1/r2022a/3p778c~1.ins/gnuarm~1.ins/win/bin/../lib/gcc/arm-none-eabi/9.3.1/../../../../arm-none-eabi/lib/thumb/v7e-m+fp/hard\libm.a
START GROUP
LOAD c:/progra~3/matlab/suppor~1/r2022a/3p778c~1.ins/gnuarm~1.ins/win/bin/../lib/gcc/arm-none-eabi/9.3.1/thumb/v7e-m+fp/hard\libgcc.a
LOAD c:/progra~3/matlab/suppor~1/r2022a/3p778c~1.ins/gnuarm~1.ins/win/bin/../lib/gcc/arm-none-eabi/9.3.1/../../../../arm-none-eabi/lib/thumb/v7e-m+fp/hard\libg.a
LOAD c:/progra~3/matlab/suppor~1/r2022a/3p778c~1.ins/gnuarm~1.ins/win/bin/../lib/gcc/arm-none-eabi/9.3.1/../../../../arm-none-eabi/lib/thumb/v7e-m+fp/hard\libc.a
END GROUP
START GROUP
LOAD c:/progra~3/matlab/suppor~1/r2022a/3p778c~1.ins/gnuarm~1.ins/win/bin/../lib/gcc/arm-none-eabi/9.3.1/thumb/v7e-m+fp/hard\libgcc.a
LOAD c:/progra~3/matlab/suppor~1/r2022a/3p778c~1.ins/gnuarm~1.ins/win/bin/../lib/gcc/arm-none-eabi/9.3.1/../../../../arm-none-eabi/lib/thumb/v7e-m+fp/hard\libc.a
LOAD c:/progra~3/matlab/suppor~1/r2022a/3p778c~1.ins/gnuarm~1.ins/win/bin/../lib/gcc/arm-none-eabi/9.3.1/../../../../arm-none-eabi/lib/thumb/v7e-m+fp/hard\libnosys.a
END GROUP
LOAD c:/progra~3/matlab/suppor~1/r2022a/3p778c~1.ins/gnuarm~1.ins/win/bin/../lib/gcc/arm-none-eabi/9.3.1/thumb/v7e-m+fp/hard/crtend.o
LOAD c:/progra~3/matlab/suppor~1/r2022a/3p778c~1.ins/gnuarm~1.ins/win/bin/../lib/gcc/arm-none-eabi/9.3.1/thumb/v7e-m+fp/hard/crtn.o
                0x00000400                HEAP_SIZE = DEFINED (__heap_size__)?__heap_size__:0x400
                0x00000400                STACK_SIZE = DEFINED (__stack_size__)?__stack_size__:0x400
                0x00000000                M_VECTOR_RAM_SIZE = DEFINED (__ram_vector_table__)?0x400:0x0

.interrupts     0x00000000      0x400
                0x00000000                __VECTOR_TABLE = .
                0x00000000                . = ALIGN (0x4)
 *(.isr_vector)
 .isr_vector    0x00000000      0x400 startup_MK64F12.o
                0x00000000                __isr_vector
                0x00000400                . = ALIGN (0x4)

.flash_config   0x00000400       0x10
                0x00000400                . = ALIGN (0x4)
 *(.FlashConfig)
 .FlashConfig   0x00000400       0x10 startup_MK64F12.o
                0x00000410                . = ALIGN (0x4)

.text           0x00000440     0xd7b8
                0x00000440                . = ALIGN (0x4)
 *(.text)
 .text          0x00000440       0x40 c:/progra~3/matlab/suppor~1/r2022a/3p778c~1.ins/gnuarm~1.ins/win/bin/../lib/gcc/arm-none-eabi/9.3.1/thumb/v7e-m+fp/hard/crtbegin.o
 .text          0x00000480       0x7c c:/progra~3/matlab/suppor~1/r2022a/3p778c~1.ins/gnuarm~1.ins/win/bin/../lib/gcc/arm-none-eabi/9.3.1/../../../../arm-none-eabi/lib/thumb/v7e-m+fp/hard/crt0.o
                0x00000480                _stack_init
                0x00000488                _start
                0x00000488                _mainCRTStartup
 .text          0x000004fc       0x14 startup_MK64F12.o
                0x000004fc                Reset_Handler
                0x0000050c                ENET_Receive_IRQHandler
                0x0000050c                ENET_1588_Timer_IRQHandler
                0x0000050c                DefaultISR
                0x0000050c                PIT2_IRQHandler
                0x0000050c                PIT0_IRQHandler
                0x0000050c                ENET_Error_IRQHandler
                0x0000050c                PIT3_IRQHandler
                0x0000050c                SDHC_IRQHandler
                0x0000050c                ENET_Transmit_IRQHandler
                0x0000050c                PIT1_IRQHandler
 .text          0x00000510      0x198 C:/ProgramData/MATLAB/SupportPackages/R2022a/3P.instrset/cmsis.instrset/CMSIS/RTOS/RTX/LIB/GCC/libRTX_CM4.a(hal_cm4.o)
                0x00000510                rt_set_PSP
                0x00000516                rt_get_PSP
                0x0000051c                os_set_env
                0x00000534                _alloc_box
                0x00000550                _free_box
                0x0000056c                SVC_Handler
                0x00000612                PendSV_Handler
                0x00000618                Sys_Switch
                0x00000672                SysTick_Handler
                0x0000067c                OS_Tick_Handler
 .text          0x000006a8      0x378 c:/progra~3/matlab/suppor~1/r2022a/3p778c~1.ins/gnuarm~1.ins/win/bin/../lib/gcc/arm-none-eabi/9.3.1/thumb/v7e-m+fp/hard\libgcc.a(_arm_addsubdf3.o)
                0x000006a8                __aeabi_drsub
                0x000006b0                __aeabi_dsub
                0x000006b0                __subdf3
                0x000006b4                __aeabi_dadd
                0x000006b4                __adddf3
                0x0000092c                __floatunsidf
                0x0000092c                __aeabi_ui2d
                0x0000094c                __floatsidf
                0x0000094c                __aeabi_i2d
                0x00000970                __aeabi_f2d
                0x00000970                __extendsfdf2
                0x000009b4                __floatundidf
                0x000009b4                __aeabi_ul2d
                0x000009c4                __floatdidf
                0x000009c4                __aeabi_l2d
 .text          0x00000a20      0x424 c:/progra~3/matlab/suppor~1/r2022a/3p778c~1.ins/gnuarm~1.ins/win/bin/../lib/gcc/arm-none-eabi/9.3.1/thumb/v7e-m+fp/hard\libgcc.a(_arm_muldivdf3.o)
                0x00000a20                __aeabi_dmul
                0x00000a20                __muldf3
                0x00000c74                __divdf3
                0x00000c74                __aeabi_ddiv
 .text          0x00000e44      0x110 c:/progra~3/matlab/suppor~1/r2022a/3p778c~1.ins/gnuarm~1.ins/win/bin/../lib/gcc/arm-none-eabi/9.3.1/thumb/v7e-m+fp/hard\libgcc.a(_arm_cmpdf2.o)
                0x00000e44                __gtdf2
                0x00000e44                __gedf2
                0x00000e4c                __ltdf2
                0x00000e4c                __ledf2
                0x00000e54                __nedf2
                0x00000e54                __eqdf2
                0x00000e54                __cmpdf2
                0x00000ed0                __aeabi_cdrcmple
                0x00000ee0                __aeabi_cdcmpeq
                0x00000ee0                __aeabi_cdcmple
                0x00000ef0                __aeabi_dcmpeq
                0x00000f04                __aeabi_dcmplt
                0x00000f18                __aeabi_dcmple
                0x00000f2c                __aeabi_dcmpge
                0x00000f40                __aeabi_dcmpgt
 .text          0x00000f54       0x2c c:/progra~3/matlab/suppor~1/r2022a/3p778c~1.ins/gnuarm~1.ins/win/bin/../lib/gcc/arm-none-eabi/9.3.1/thumb/v7e-m+fp/hard\libgcc.a(_arm_unorddf2.o)
                0x00000f54                __unorddf2
                0x00000f54                __aeabi_dcmpun
 .text          0x00000f80       0x40 c:/progra~3/matlab/suppor~1/r2022a/3p778c~1.ins/gnuarm~1.ins/win/bin/../lib/gcc/arm-none-eabi/9.3.1/thumb/v7e-m+fp/hard\libgcc.a(_arm_fixunsdfsi.o)
                0x00000f80                __aeabi_d2uiz
                0x00000f80                __fixunsdfsi
 .text          0x00000fc0       0xa0 c:/progra~3/matlab/suppor~1/r2022a/3p778c~1.ins/gnuarm~1.ins/win/bin/../lib/gcc/arm-none-eabi/9.3.1/thumb/v7e-m+fp/hard\libgcc.a(_arm_truncdfsf2.o)
                0x00000fc0                __truncdfsf2
                0x00000fc0                __aeabi_d2f
 .text          0x00001060       0x30 c:/progra~3/matlab/suppor~1/r2022a/3p778c~1.ins/gnuarm~1.ins/win/bin/../lib/gcc/arm-none-eabi/9.3.1/thumb/v7e-m+fp/hard\libgcc.a(_aeabi_uldivmod.o)
                0x00001060                __aeabi_uldivmod
 .text          0x00001090      0x2c4 c:/progra~3/matlab/suppor~1/r2022a/3p778c~1.ins/gnuarm~1.ins/win/bin/../lib/gcc/arm-none-eabi/9.3.1/thumb/v7e-m+fp/hard\libgcc.a(_udivmoddi4.o)
                0x00001090                __udivmoddi4
 .text          0x00001354      0x9b8 c:/progra~3/matlab/suppor~1/r2022a/3p778c~1.ins/gnuarm~1.ins/win/bin/../lib/gcc/arm-none-eabi/9.3.1/thumb/v7e-m+fp/hard\libgcc.a(unwind-arm.o)
                0x000015fc                _Unwind_GetCFA
                0x00001600                __gnu_Unwind_RaiseException
                0x00001660                __gnu_Unwind_ForcedUnwind
                0x00001674                __gnu_Unwind_Resume
                0x000016b8                __gnu_Unwind_Resume_or_Rethrow
                0x000016c8                _Unwind_Complete
                0x000016cc                _Unwind_DeleteException
                0x000016d8                _Unwind_VRS_Get
                0x00001720                _Unwind_VRS_Set
                0x00001768                __gnu_Unwind_Backtrace
                0x00001a88                __aeabi_unwind_cpp_pr0
                0x00001a8c                __aeabi_unwind_cpp_pr1
                0x00001a90                __aeabi_unwind_cpp_pr2
                0x00001a94                _Unwind_VRS_Pop
 .text          0x00001d0c      0x1ac c:/progra~3/matlab/suppor~1/r2022a/3p778c~1.ins/gnuarm~1.ins/win/bin/../lib/gcc/arm-none-eabi/9.3.1/thumb/v7e-m+fp/hard\libgcc.a(libunwind.o)
                0x00001d0c                __restore_core_regs
                0x00001d0c                restore_core_regs
                0x00001d24                __gnu_Unwind_Restore_VFP
                0x00001d2c                __gnu_Unwind_Save_VFP
                0x00001d34                __gnu_Unwind_Restore_VFP_D
                0x00001d3c                __gnu_Unwind_Save_VFP_D
                0x00001d44                __gnu_Unwind_Restore_VFP_D_16_to_31
                0x00001d4c                __gnu_Unwind_Save_VFP_D_16_to_31
                0x00001d54                __gnu_Unwind_Restore_WMMXD
                0x00001d98                __gnu_Unwind_Save_WMMXD
                0x00001ddc                __gnu_Unwind_Restore_WMMXC
                0x00001df0                __gnu_Unwind_Save_WMMXC
                0x00001e04                ___Unwind_RaiseException
                0x00001e04                _Unwind_RaiseException
                0x00001e28                _Unwind_Resume
                0x00001e28                ___Unwind_Resume
                0x00001e4c                _Unwind_Resume_or_Rethrow
                0x00001e4c                ___Unwind_Resume_or_Rethrow
                0x00001e70                _Unwind_ForcedUnwind
                0x00001e70                ___Unwind_ForcedUnwind
                0x00001e94                ___Unwind_Backtrace
                0x00001e94                _Unwind_Backtrace
 .text          0x00001eb8      0x340 c:/progra~3/matlab/suppor~1/r2022a/3p778c~1.ins/gnuarm~1.ins/win/bin/../lib/gcc/arm-none-eabi/9.3.1/thumb/v7e-m+fp/hard\libgcc.a(pr-support.o)
                0x00001f10                __gnu_unwind_execute
                0x000021ac                __gnu_unwind_frame
                0x000021d8                _Unwind_GetRegionStart
                0x000021e4                _Unwind_GetLanguageSpecificData
 .text          0x000021f8        0x4 c:/progra~3/matlab/suppor~1/r2022a/3p778c~1.ins/gnuarm~1.ins/win/bin/../lib/gcc/arm-none-eabi/9.3.1/thumb/v7e-m+fp/hard\libgcc.a(_dvmd_tls.o)
                0x000021f8                __aeabi_idiv0
                0x000021f8                __aeabi_ldiv0
 .text          0x000021fc      0x134 c:/progra~3/matlab/suppor~1/r2022a/3p778c~1.ins/gnuarm~1.ins/win/bin/../lib/gcc/arm-none-eabi/9.3.1/../../../../arm-none-eabi/lib/thumb/v7e-m+fp/hard\libg.a(lib_a-memcpy.o)
                0x000021fc                memcpy
 .text          0x00002330       0xa0 c:/progra~3/matlab/suppor~1/r2022a/3p778c~1.ins/gnuarm~1.ins/win/bin/../lib/gcc/arm-none-eabi/9.3.1/../../../../arm-none-eabi/lib/thumb/v7e-m+fp/hard\libg.a(lib_a-memchr.o)
                0x00002330                memchr
 *fill*         0x000023d0       0x30 
 .text          0x00002400       0xdc c:/progra~3/matlab/suppor~1/r2022a/3p778c~1.ins/gnuarm~1.ins/win/bin/../lib/gcc/arm-none-eabi/9.3.1/../../../../arm-none-eabi/lib/thumb/v7e-m+fp/hard\libg.a(lib_a-strlen.o)
                0x00002400                strlen
 *(.text*)
 .text.MW_digitalIO_open
                0x000024dc       0xe0 MW_digitalIO.o
                0x000024dc                MW_digitalIO_open
 .text.MW_digitalIO_read
                0x000025bc       0x70 MW_digitalIO.o
                0x000025bc                MW_digitalIO_read
 .text.MW_digitalIO_write
                0x0000262c       0x7e MW_digitalIO.o
                0x0000262c                MW_digitalIO_write
 .text.MW_digitalIO_close
                0x000026aa       0x3c MW_digitalIO.o
                0x000026aa                MW_digitalIO_close
 *fill*         0x000026e6        0x2 
 .text.PORT_HAL_SetMuxMode
                0x000026e8       0x58 MW_PWM.o
 .text.FTM_HAL_SetClockSource
                0x00002740       0x2e MW_PWM.o
 *fill*         0x0000276e        0x2 
 .text.MW_PWM_Open
                0x00002770      0x164 MW_PWM.o
                0x00002770                MW_PWM_Open
 .text.MW_PWM_Start
                0x000028d4       0x14 MW_PWM.o
                0x000028d4                MW_PWM_Start
 .text.MW_PWM_SetDutyCycle
                0x000028e8       0x7c MW_PWM.o
                0x000028e8                MW_PWM_SetDutyCycle
 .text.MW_PWM_Stop
                0x00002964       0x2c MW_PWM.o
                0x00002964                MW_PWM_Stop
 .text.MW_PWM_Close
                0x00002990       0x14 MW_PWM.o
                0x00002990                MW_PWM_Close
 .text.EDMA_HAL_HTCDSetDestAddr
                0x000029a4       0x48 MW_SCI.o
 .text.EDMA_HAL_HTCDSetIntCmd
                0x000029ec       0x58 MW_SCI.o
 .text.MW_SCI_Open
                0x00002a44      0x5b0 MW_SCI.o
                0x00002a44                MW_SCI_Open
 .text.MW_SCI_SetBaudrate
                0x00002ff4       0x18 MW_SCI.o
                0x00002ff4                MW_SCI_SetBaudrate
 .text.MW_SCI_SetFrameFormat
                0x0000300c       0x28 MW_SCI.o
                0x0000300c                MW_SCI_SetFrameFormat
 .text.MW_SCI_Receive
                0x00003034       0xa4 MW_SCI.o
                0x00003034                MW_SCI_Receive
 .text.MW_SCI_Transmit
                0x000030d8       0x80 MW_SCI.o
                0x000030d8                MW_SCI_Transmit
 .text.MW_SCI_Close
                0x00003158       0x14 MW_SCI.o
                0x00003158                MW_SCI_Close
 .text.MW_UART_DRV_EdmaStartReceiveData
                0x0000316c       0xac MW_SCI.o
 .text.MW_UART_DRV_EdmaRxCallback
                0x00003218       0x1c MW_SCI.o
 .text.MW_UART_DRV_EdmaCompleteReceiveData
                0x00003234      0x120 MW_SCI.o
 .text.subrateTask
                0x00003354       0x60 ert_main.o
                0x00003354                subrateTask
 .text.baseRateTask
                0x000033b4       0x8c ert_main.o
                0x000033b4                baseRateTask
 .text.terminateTask
                0x00003440       0x9c ert_main.o
                0x00003440                terminateTask
 .text.main     0x000034dc       0x54 ert_main.o
                0x000034dc                main
 .text.rate_monotonic_scheduler
                0x00003530       0x2c Group30_SFWR_Assignment1_SIMULINK.o
 .text.Group30_SFWR_SystemCore_setup_b
                0x0000355c       0x78 Group30_SFWR_Assignment1_SIMULINK.o
 .text.Group30_SFWR_Assignment1_SIMULINK_step0
                0x000035d4        0xc Group30_SFWR_Assignment1_SIMULINK.o
                0x000035d4                Group30_SFWR_Assignment1_SIMULINK_step0
 .text.Group30_SFWR_Assignment1_SIMULINK_step1
                0x000035e0      0xc6c Group30_SFWR_Assignment1_SIMULINK.o
                0x000035e0                Group30_SFWR_Assignment1_SIMULINK_step1
 .text.Group30_SFWR_Assignment1_SIMULINK_step
                0x0000424c       0x2a Group30_SFWR_Assignment1_SIMULINK.o
                0x0000424c                Group30_SFWR_Assignment1_SIMULINK_step
 *fill*         0x00004276        0x2 
 .text.Group30_SFWR_Assignment1_SIMULINK_initialize
                0x00004278      0x48c Group30_SFWR_Assignment1_SIMULINK.o
                0x00004278                Group30_SFWR_Assignment1_SIMULINK_initialize
 .text.Group30_SFWR_Assignment1_SIMULINK_terminate
                0x00004704      0x310 Group30_SFWR_Assignment1_SIMULINK.o
                0x00004704                Group30_SFWR_Assignment1_SIMULINK_terminate
 .text.Group30_SFWR_A_SystemCore_setup
                0x00004a14       0x64 Transmit_DCM.o
 .text.Transmit_DCM_Init
                0x00004a78       0x28 Transmit_DCM.o
                0x00004a78                Transmit_DCM_Init
 .text.Transmit_DCM
                0x00004aa0       0xec Transmit_DCM.o
                0x00004aa0                Transmit_DCM
 .text.Transmit_DCM_Term
                0x00004b8c       0x40 Transmit_DCM.o
                0x00004b8c                Transmit_DCM_Term
 .text.init_data_bss
                0x00004bcc       0xd0 startup.o
                0x00004bcc                init_data_bss
 .text.SystemInit
                0x00004c9c      0x1dc system_MK64F12.o
                0x00004c9c                SystemInit
 .text.SystemCoreClockUpdate
                0x00004e78      0x290 system_MK64F12.o
                0x00004e78                SystemCoreClockUpdate
 .text.PORT_HAL_SetMuxMode
                0x00005108       0x58 board.o
 .text.SMC_HAL_SetProtection
                0x00005160       0x1e board.o
 *fill*         0x0000517e        0x2 
 .text.BOARD_InitOsc0
                0x00005180       0x30 board.o
                0x00005180                BOARD_InitOsc0
 .text.BOARD_InitRtcOsc
                0x000051b0       0x28 board.o
                0x000051b0                BOARD_InitRtcOsc
 .text.BOARD_ClockInit
                0x000051d8       0x34 board.o
                0x000051d8                BOARD_ClockInit
 .text.hardware_init
                0x0000520c       0x30 hardware_init.o
                0x0000520c                hardware_init
 .text.PORT_HAL_SetMuxMode
                0x0000523c       0x58 pin_mux.o
 .text.SIM_HAL_EnableClock
                0x00005294       0x44 pin_mux.o
 .text.configure_uart_pins
                0x000052d8      0x194 pin_mux.o
                0x000052d8                configure_uart_pins
 .text.DMA0_IRQHandler
                0x0000546c        0xe fsl_edma_irq.o
                0x0000546c                DMA0_IRQHandler
 .text.DMA1_IRQHandler
                0x0000547a        0xe fsl_edma_irq.o
                0x0000547a                DMA1_IRQHandler
 .text.DMA2_IRQHandler
                0x00005488        0xe fsl_edma_irq.o
                0x00005488                DMA2_IRQHandler
 .text.DMA3_IRQHandler
                0x00005496        0xe fsl_edma_irq.o
                0x00005496                DMA3_IRQHandler
 .text.DMA4_IRQHandler
                0x000054a4        0xe fsl_edma_irq.o
                0x000054a4                DMA4_IRQHandler
 .text.DMA5_IRQHandler
                0x000054b2        0xe fsl_edma_irq.o
                0x000054b2                DMA5_IRQHandler
 .text.DMA6_IRQHandler
                0x000054c0        0xe fsl_edma_irq.o
                0x000054c0                DMA6_IRQHandler
 .text.DMA7_IRQHandler
                0x000054ce        0xe fsl_edma_irq.o
                0x000054ce                DMA7_IRQHandler
 .text.DMA8_IRQHandler
                0x000054dc        0xe fsl_edma_irq.o
                0x000054dc                DMA8_IRQHandler
 .text.DMA9_IRQHandler
                0x000054ea        0xe fsl_edma_irq.o
                0x000054ea                DMA9_IRQHandler
 .text.DMA10_IRQHandler
                0x000054f8        0xe fsl_edma_irq.o
                0x000054f8                DMA10_IRQHandler
 .text.DMA11_IRQHandler
                0x00005506        0xe fsl_edma_irq.o
                0x00005506                DMA11_IRQHandler
 .text.DMA12_IRQHandler
                0x00005514        0xe fsl_edma_irq.o
                0x00005514                DMA12_IRQHandler
 .text.DMA13_IRQHandler
                0x00005522        0xe fsl_edma_irq.o
                0x00005522                DMA13_IRQHandler
 .text.DMA14_IRQHandler
                0x00005530        0xe fsl_edma_irq.o
                0x00005530                DMA14_IRQHandler
 .text.DMA15_IRQHandler
                0x0000553e        0xe fsl_edma_irq.o
                0x0000553e                DMA15_IRQHandler
 .text.DMA_Error_IRQHandler
                0x0000554c        0xe fsl_edma_irq.o
                0x0000554c                DMA_Error_IRQHandler
 .text.UART0_RX_TX_IRQHandler
                0x0000555a        0xe fsl_uart_irq.o
                0x0000555a                UART0_RX_TX_IRQHandler
 .text.UART1_RX_TX_IRQHandler
                0x00005568        0xe fsl_uart_irq.o
                0x00005568                UART1_RX_TX_IRQHandler
 .text.UART2_RX_TX_IRQHandler
                0x00005576        0xe fsl_uart_irq.o
                0x00005576                UART2_RX_TX_IRQHandler
 .text.UART3_RX_TX_IRQHandler
                0x00005584        0xe fsl_uart_irq.o
                0x00005584                UART3_RX_TX_IRQHandler
 .text.UART4_RX_TX_IRQHandler
                0x00005592        0xe fsl_uart_irq.o
                0x00005592                UART4_RX_TX_IRQHandler
 .text.UART5_RX_TX_IRQHandler
                0x000055a0        0xe fsl_uart_irq.o
                0x000055a0                UART5_RX_TX_IRQHandler
 .text.NMI_Handler
                0x000055ae        0x6 irq_stub.o
                0x000055ae                NMI_Handler
 .text.HardFault_Handler
                0x000055b4        0x6 irq_stub.o
                0x000055b4                HardFault_Handler
 .text.MemManage_Handler
                0x000055ba        0x6 irq_stub.o
                0x000055ba                MemManage_Handler
 .text.BusFault_Handler
                0x000055c0        0x6 irq_stub.o
                0x000055c0                BusFault_Handler
 .text.UsageFault_Handler
                0x000055c6        0x6 irq_stub.o
                0x000055c6                UsageFault_Handler
 .text.DebugMon_Handler
                0x000055cc        0x6 irq_stub.o
                0x000055cc                DebugMon_Handler
 .text.MCM_IRQHandler
                0x000055d2        0x6 irq_stub.o
                0x000055d2                MCM_IRQHandler
 .text.FTFE_IRQHandler
                0x000055d8        0x6 irq_stub.o
                0x000055d8                FTFE_IRQHandler
 .text.Read_Collision_IRQHandler
                0x000055de        0x6 irq_stub.o
                0x000055de                Read_Collision_IRQHandler
 .text.LVD_LVW_IRQHandler
                0x000055e4        0x6 irq_stub.o
                0x000055e4                LVD_LVW_IRQHandler
 .text.LLWU_IRQHandler
                0x000055ea        0x6 irq_stub.o
                0x000055ea                LLWU_IRQHandler
 .text.WDOG_EWM_IRQHandler
                0x000055f0        0x6 irq_stub.o
                0x000055f0                WDOG_EWM_IRQHandler
 .text.RNG_IRQHandler
                0x000055f6        0x6 irq_stub.o
                0x000055f6                RNG_IRQHandler
 .text.I2C0_IRQHandler
                0x000055fc        0x6 irq_stub.o
                0x000055fc                I2C0_IRQHandler
 .text.I2C1_IRQHandler
                0x00005602        0x6 irq_stub.o
                0x00005602                I2C1_IRQHandler
 .text.SPI0_IRQHandler
                0x00005608        0x6 irq_stub.o
                0x00005608                SPI0_IRQHandler
 .text.SPI1_IRQHandler
                0x0000560e        0x6 irq_stub.o
                0x0000560e                SPI1_IRQHandler
 .text.I2S0_Tx_IRQHandler
                0x00005614        0x6 irq_stub.o
                0x00005614                I2S0_Tx_IRQHandler
 .text.I2S0_Rx_IRQHandler
                0x0000561a        0x6 irq_stub.o
                0x0000561a                I2S0_Rx_IRQHandler
 .text.UART0_LON_IRQHandler
                0x00005620        0x6 irq_stub.o
                0x00005620                UART0_LON_IRQHandler
 .text.UART0_ERR_IRQHandler
                0x00005626        0x6 irq_stub.o
                0x00005626                UART0_ERR_IRQHandler
 .text.UART1_ERR_IRQHandler
                0x0000562c        0x6 irq_stub.o
                0x0000562c                UART1_ERR_IRQHandler
 .text.UART2_ERR_IRQHandler
                0x00005632        0x6 irq_stub.o
                0x00005632                UART2_ERR_IRQHandler
 .text.UART3_ERR_IRQHandler
                0x00005638        0x6 irq_stub.o
                0x00005638                UART3_ERR_IRQHandler
 .text.ADC0_IRQHandler
                0x0000563e        0x6 irq_stub.o
                0x0000563e                ADC0_IRQHandler
 .text.CMP0_IRQHandler
                0x00005644        0x6 irq_stub.o
                0x00005644                CMP0_IRQHandler
 .text.CMP1_IRQHandler
                0x0000564a        0x6 irq_stub.o
                0x0000564a                CMP1_IRQHandler
 .text.FTM0_IRQHandler
                0x00005650        0x6 irq_stub.o
                0x00005650                FTM0_IRQHandler
 .text.FTM1_IRQHandler
                0x00005656        0x6 irq_stub.o
                0x00005656                FTM1_IRQHandler
 .text.FTM2_IRQHandler
                0x0000565c        0x6 irq_stub.o
                0x0000565c                FTM2_IRQHandler
 .text.CMT_IRQHandler
                0x00005662        0x6 irq_stub.o
                0x00005662                CMT_IRQHandler
 .text.RTC_IRQHandler
                0x00005668        0x6 irq_stub.o
                0x00005668                RTC_IRQHandler
 .text.RTC_Seconds_IRQHandler
                0x0000566e        0x6 irq_stub.o
                0x0000566e                RTC_Seconds_IRQHandler
 .text.PDB0_IRQHandler
                0x00005674        0x6 irq_stub.o
                0x00005674                PDB0_IRQHandler
 .text.USB0_IRQHandler
                0x0000567a        0x6 irq_stub.o
                0x0000567a                USB0_IRQHandler
 .text.USBDCD_IRQHandler
                0x00005680        0x6 irq_stub.o
                0x00005680                USBDCD_IRQHandler
 .text.Reserved71_IRQHandler
                0x00005686        0x6 irq_stub.o
                0x00005686                Reserved71_IRQHandler
 .text.DAC0_IRQHandler
                0x0000568c        0x6 irq_stub.o
                0x0000568c                DAC0_IRQHandler
 .text.MCG_IRQHandler
                0x00005692        0x6 irq_stub.o
                0x00005692                MCG_IRQHandler
 .text.LPTMR0_IRQHandler
                0x00005698        0x6 irq_stub.o
                0x00005698                LPTMR0_IRQHandler
 .text.PORTA_IRQHandler
                0x0000569e        0x6 irq_stub.o
                0x0000569e                PORTA_IRQHandler
 .text.PORTB_IRQHandler
                0x000056a4        0x6 irq_stub.o
                0x000056a4                PORTB_IRQHandler
 .text.PORTC_IRQHandler
                0x000056aa        0x6 irq_stub.o
                0x000056aa                PORTC_IRQHandler
 .text.PORTD_IRQHandler
                0x000056b0        0x6 irq_stub.o
                0x000056b0                PORTD_IRQHandler
 .text.PORTE_IRQHandler
                0x000056b6        0x6 irq_stub.o
                0x000056b6                PORTE_IRQHandler
 .text.SWI_IRQHandler
                0x000056bc        0x6 irq_stub.o
                0x000056bc                SWI_IRQHandler
 .text.SPI2_IRQHandler
                0x000056c2        0x6 irq_stub.o
                0x000056c2                SPI2_IRQHandler
 .text.UART4_ERR_IRQHandler
                0x000056c8        0x6 irq_stub.o
                0x000056c8                UART4_ERR_IRQHandler
 .text.UART5_ERR_IRQHandler
                0x000056ce        0x6 irq_stub.o
                0x000056ce                UART5_ERR_IRQHandler
 .text.CMP2_IRQHandler
                0x000056d4        0x6 irq_stub.o
                0x000056d4                CMP2_IRQHandler
 .text.FTM3_IRQHandler
                0x000056da        0x6 irq_stub.o
                0x000056da                FTM3_IRQHandler
 .text.DAC1_IRQHandler
                0x000056e0        0x6 irq_stub.o
                0x000056e0                DAC1_IRQHandler
 .text.ADC1_IRQHandler
                0x000056e6        0x6 irq_stub.o
                0x000056e6                ADC1_IRQHandler
 .text.I2C2_IRQHandler
                0x000056ec        0x6 irq_stub.o
                0x000056ec                I2C2_IRQHandler
 .text.CAN0_ORed_Message_buffer_IRQHandler
                0x000056f2        0x6 irq_stub.o
                0x000056f2                CAN0_ORed_Message_buffer_IRQHandler
 .text.CAN0_Bus_Off_IRQHandler
                0x000056f8        0x6 irq_stub.o
                0x000056f8                CAN0_Bus_Off_IRQHandler
 .text.CAN0_Error_IRQHandler
                0x000056fe        0x6 irq_stub.o
                0x000056fe                CAN0_Error_IRQHandler
 .text.CAN0_Tx_Warning_IRQHandler
                0x00005704        0x6 irq_stub.o
                0x00005704                CAN0_Tx_Warning_IRQHandler
 .text.CAN0_Rx_Warning_IRQHandler
                0x0000570a        0x6 irq_stub.o
                0x0000570a                CAN0_Rx_Warning_IRQHandler
 .text.CAN0_Wake_Up_IRQHandler
                0x00005710        0x6 irq_stub.o
                0x00005710                CAN0_Wake_Up_IRQHandler
 *fill*         0x00005716        0x2 
 .text._sbrk    0x00005718       0x5c sbrk.o
                0x00005718                _sbrk
 .text.schedulerTask
                0x00005774       0x1c cmsis_rtos_init.o
                0x00005774                schedulerTask
 .text.mw_initSignalEvents
                0x00005790       0x78 cmsis_rtos_init.o
                0x00005790                mw_initSignalEvents
 .text.mw_RTOSInit
                0x00005808      0x108 cmsis_rtos_init.o
                0x00005808                mw_RTOSInit
 .text.os_idle_demon
                0x00005910        0x8 RTX_Conf_CM.o
                0x00005910                os_idle_demon
 .text.os_error
                0x00005918       0x2c RTX_Conf_CM.o
                0x00005918                os_error
 .text.rt_init_robin
                0x00005944        0x4 RTX_Conf_CM.o
                0x00005944                rt_init_robin
 .text.rt_chk_robin
                0x00005948        0x4 RTX_Conf_CM.o
                0x00005948                rt_chk_robin
 .text.software_init_hook
                0x0000594c       0x34 RTX_Conf_CM.o
                0x0000594c                software_init_hook
 .text.mw_osThreadCreate
                0x00005980       0x52 mw_thread.o
                0x00005980                mw_osThreadCreate
 .text.mw_osThreadGetId
                0x000059d2        0xe mw_thread.o
                0x000059d2                mw_osThreadGetId
 .text.mw_osThreadExit
                0x000059e0       0x22 mw_thread.o
                0x000059e0                mw_osThreadExit
 .text.mw_osThreadJoin
                0x00005a02       0x1a mw_thread.o
                0x00005a02                mw_osThreadJoin
 .text.mw_osTimerCreate
                0x00005a1c       0x4e mw_timer.o
                0x00005a1c                mw_osTimerCreate
 .text.mw_osTimerStart
                0x00005a6a       0x24 mw_timer.o
                0x00005a6a                mw_osTimerStart
 .text.mw_osSignalSet
                0x00005a8e       0x2e mw_signal.o
                0x00005a8e                mw_osSignalSet
 .text.mw_osSignalClear
                0x00005abc       0x26 mw_signal.o
                0x00005abc                mw_osSignalClear
 .text.mw_osSignalWaitEver
                0x00005ae2       0x20 mw_signal.o
                0x00005ae2                mw_osSignalWaitEver
 .text.mw_osSignalEventCreate
                0x00005b02       0x20 mw_signal.o
                0x00005b02                mw_osSignalEventCreate
 .text.mw_osSignalEventRelease
                0x00005b22       0x26 mw_signal.o
                0x00005b22                mw_osSignalEventRelease
 .text.mw_osSignalEventWaitEver
                0x00005b48       0x34 mw_signal.o
                0x00005b48                mw_osSignalEventWaitEver
 .text.mw_osSignalEventDelete
                0x00005b7c       0x14 mw_signal.o
                0x00005b7c                mw_osSignalEventDelete
 .text.rt_InitInfAndNaN
                0x00005b90       0x88 C:/Users/ramu7/OneDrive/Desktop/Unistuff/3K04/PaceMaker/PaceMaker_3K04/slprj/ert/_sharedutils/rtwshared.lib(rt_nonfinite.o)
                0x00005b90                rt_InitInfAndNaN
 .text.rtIsInf  0x00005c18       0x48 C:/Users/ramu7/OneDrive/Desktop/Unistuff/3K04/PaceMaker/PaceMaker_3K04/slprj/ert/_sharedutils/rtwshared.lib(rt_nonfinite.o)
                0x00005c18                rtIsInf
 .text.rtIsNaN  0x00005c60       0x6c C:/Users/ramu7/OneDrive/Desktop/Unistuff/3K04/PaceMaker/PaceMaker_3K04/slprj/ert/_sharedutils/rtwshared.lib(rt_nonfinite.o)
                0x00005c60                rtIsNaN
 .text.rtIsNaNF
                0x00005ccc       0x38 C:/Users/ramu7/OneDrive/Desktop/Unistuff/3K04/PaceMaker/PaceMaker_3K04/slprj/ert/_sharedutils/rtwshared.lib(rt_nonfinite.o)
                0x00005ccc                rtIsNaNF
 .text.rt_roundd_snf
                0x00005d04       0xf4 C:/Users/ramu7/OneDrive/Desktop/Unistuff/3K04/PaceMaker/PaceMaker_3K04/slprj/ert/_sharedutils/rtwshared.lib(rt_roundd_snf.o)
                0x00005d04                rt_roundd_snf
 .text.rtGetInf
                0x00005df8       0x60 C:/Users/ramu7/OneDrive/Desktop/Unistuff/3K04/PaceMaker/PaceMaker_3K04/slprj/ert/_sharedutils/rtwshared.lib(rtGetInf.o)
                0x00005df8                rtGetInf
 .text.rtGetInfF
                0x00005e58       0x20 C:/Users/ramu7/OneDrive/Desktop/Unistuff/3K04/PaceMaker/PaceMaker_3K04/slprj/ert/_sharedutils/rtwshared.lib(rtGetInf.o)
                0x00005e58                rtGetInfF
 .text.rtGetMinusInf
                0x00005e78       0x60 C:/Users/ramu7/OneDrive/Desktop/Unistuff/3K04/PaceMaker/PaceMaker_3K04/slprj/ert/_sharedutils/rtwshared.lib(rtGetInf.o)
                0x00005e78                rtGetMinusInf
 .text.rtGetMinusInfF
                0x00005ed8       0x24 C:/Users/ramu7/OneDrive/Desktop/Unistuff/3K04/PaceMaker/PaceMaker_3K04/slprj/ert/_sharedutils/rtwshared.lib(rtGetInf.o)
                0x00005ed8                rtGetMinusInfF
 .text.rtGetNaN
                0x00005efc       0x60 C:/Users/ramu7/OneDrive/Desktop/Unistuff/3K04/PaceMaker/PaceMaker_3K04/slprj/ert/_sharedutils/rtwshared.lib(rtGetNaN.o)
                0x00005efc                rtGetNaN
 .text.rtGetNaNF
                0x00005f5c       0x28 C:/Users/ramu7/OneDrive/Desktop/Unistuff/3K04/PaceMaker/PaceMaker_3K04/slprj/ert/_sharedutils/rtwshared.lib(rtGetNaN.o)
                0x00005f5c                rtGetNaNF
 .text.osThreadExit
                0x00005f84       0x18 C:/ProgramData/MATLAB/SupportPackages/R2022a/3P.instrset/cmsis.instrset/CMSIS/RTOS/RTX/LIB/GCC/libRTX_CM4.a(rt_cmsis.o)
                0x00005f84                osThreadExit
 .text.svcKernelInitialize
                0x00005f9c      0x104 C:/ProgramData/MATLAB/SupportPackages/R2022a/3P.instrset/cmsis.instrset/CMSIS/RTOS/RTX/LIB/GCC/libRTX_CM4.a(rt_cmsis.o)
                0x00005f9c                svcKernelInitialize
 .text.svcKernelStart
                0x000060a0       0x48 C:/ProgramData/MATLAB/SupportPackages/R2022a/3P.instrset/cmsis.instrset/CMSIS/RTOS/RTX/LIB/GCC/libRTX_CM4.a(rt_cmsis.o)
                0x000060a0                svcKernelStart
 .text.osKernelInitialize
                0x000060e8       0x28 C:/ProgramData/MATLAB/SupportPackages/R2022a/3P.instrset/cmsis.instrset/CMSIS/RTOS/RTX/LIB/GCC/libRTX_CM4.a(rt_cmsis.o)
                0x000060e8                osKernelInitialize
 .text.osKernelStart
                0x00006110       0x74 C:/ProgramData/MATLAB/SupportPackages/R2022a/3P.instrset/cmsis.instrset/CMSIS/RTOS/RTX/LIB/GCC/libRTX_CM4.a(rt_cmsis.o)
                0x00006110                osKernelStart
 .text.svcThreadCreate
                0x00006184       0x7c C:/ProgramData/MATLAB/SupportPackages/R2022a/3P.instrset/cmsis.instrset/CMSIS/RTOS/RTX/LIB/GCC/libRTX_CM4.a(rt_cmsis.o)
                0x00006184                svcThreadCreate
 .text.svcThreadGetId
                0x00006200       0x18 C:/ProgramData/MATLAB/SupportPackages/R2022a/3P.instrset/cmsis.instrset/CMSIS/RTOS/RTX/LIB/GCC/libRTX_CM4.a(rt_cmsis.o)
                0x00006200                svcThreadGetId
 .text.svcThreadTerminate
                0x00006218       0x48 C:/ProgramData/MATLAB/SupportPackages/R2022a/3P.instrset/cmsis.instrset/CMSIS/RTOS/RTX/LIB/GCC/libRTX_CM4.a(rt_cmsis.o)
                0x00006218                svcThreadTerminate
 .text.osThreadCreate
                0x00006260       0xa4 C:/ProgramData/MATLAB/SupportPackages/R2022a/3P.instrset/cmsis.instrset/CMSIS/RTOS/RTX/LIB/GCC/libRTX_CM4.a(rt_cmsis.o)
                0x00006260                osThreadCreate
 .text.osThreadGetId
                0x00006304       0x18 C:/ProgramData/MATLAB/SupportPackages/R2022a/3P.instrset/cmsis.instrset/CMSIS/RTOS/RTX/LIB/GCC/libRTX_CM4.a(rt_cmsis.o)
                0x00006304                osThreadGetId
 .text.osThreadTerminate
                0x0000631c       0x18 C:/ProgramData/MATLAB/SupportPackages/R2022a/3P.instrset/cmsis.instrset/CMSIS/RTOS/RTX/LIB/GCC/libRTX_CM4.a(rt_cmsis.o)
                0x0000631c                osThreadTerminate
 .text.svcTimerCreate
                0x00006334       0x40 C:/ProgramData/MATLAB/SupportPackages/R2022a/3P.instrset/cmsis.instrset/CMSIS/RTOS/RTX/LIB/GCC/libRTX_CM4.a(rt_cmsis.o)
                0x00006334                svcTimerCreate
 .text.svcTimerStart
                0x00006374       0xdc C:/ProgramData/MATLAB/SupportPackages/R2022a/3P.instrset/cmsis.instrset/CMSIS/RTOS/RTX/LIB/GCC/libRTX_CM4.a(rt_cmsis.o)
                0x00006374                svcTimerStart
 .text.svcTimerCall
                0x00006450       0x18 C:/ProgramData/MATLAB/SupportPackages/R2022a/3P.instrset/cmsis.instrset/CMSIS/RTOS/RTX/LIB/GCC/libRTX_CM4.a(rt_cmsis.o)
                0x00006450                svcTimerCall
 .text.sysTimerTick
                0x00006468       0xc8 C:/ProgramData/MATLAB/SupportPackages/R2022a/3P.instrset/cmsis.instrset/CMSIS/RTOS/RTX/LIB/GCC/libRTX_CM4.a(rt_cmsis.o)
                0x00006468                sysTimerTick
 .text.osTimerCreate
                0x00006530       0x68 C:/ProgramData/MATLAB/SupportPackages/R2022a/3P.instrset/cmsis.instrset/CMSIS/RTOS/RTX/LIB/GCC/libRTX_CM4.a(rt_cmsis.o)
                0x00006530                osTimerCreate
 .text.osTimerStart
                0x00006598       0x18 C:/ProgramData/MATLAB/SupportPackages/R2022a/3P.instrset/cmsis.instrset/CMSIS/RTOS/RTX/LIB/GCC/libRTX_CM4.a(rt_cmsis.o)
                0x00006598                osTimerStart
 .text.osTimerThread
                0x000065b0       0x3c C:/ProgramData/MATLAB/SupportPackages/R2022a/3P.instrset/cmsis.instrset/CMSIS/RTOS/RTX/LIB/GCC/libRTX_CM4.a(rt_cmsis.o)
                0x000065b0                osTimerThread
 .text.svcSignalSet
                0x000065ec       0x2c C:/ProgramData/MATLAB/SupportPackages/R2022a/3P.instrset/cmsis.instrset/CMSIS/RTOS/RTX/LIB/GCC/libRTX_CM4.a(rt_cmsis.o)
                0x000065ec                svcSignalSet
 .text.svcSignalClear
                0x00006618       0x2c C:/ProgramData/MATLAB/SupportPackages/R2022a/3P.instrset/cmsis.instrset/CMSIS/RTOS/RTX/LIB/GCC/libRTX_CM4.a(rt_cmsis.o)
                0x00006618                svcSignalClear
 .text.svcSignalWait
                0x00006644      0x100 C:/ProgramData/MATLAB/SupportPackages/R2022a/3P.instrset/cmsis.instrset/CMSIS/RTOS/RTX/LIB/GCC/libRTX_CM4.a(rt_cmsis.o)
                0x00006644                svcSignalWait
 .text.osSignalSet
                0x00006744       0x40 C:/ProgramData/MATLAB/SupportPackages/R2022a/3P.instrset/cmsis.instrset/CMSIS/RTOS/RTX/LIB/GCC/libRTX_CM4.a(rt_cmsis.o)
                0x00006744                osSignalSet
 .text.osSignalClear
                0x00006784       0x1c C:/ProgramData/MATLAB/SupportPackages/R2022a/3P.instrset/cmsis.instrset/CMSIS/RTOS/RTX/LIB/GCC/libRTX_CM4.a(rt_cmsis.o)
                0x00006784                osSignalClear
 .text.osSignalWait
                0x000067a0       0x2c C:/ProgramData/MATLAB/SupportPackages/R2022a/3P.instrset/cmsis.instrset/CMSIS/RTOS/RTX/LIB/GCC/libRTX_CM4.a(rt_cmsis.o)
                0x000067a0                osSignalWait
 .text.svcMessageGet
                0x000067cc       0xbc C:/ProgramData/MATLAB/SupportPackages/R2022a/3P.instrset/cmsis.instrset/CMSIS/RTOS/RTX/LIB/GCC/libRTX_CM4.a(rt_cmsis.o)
                0x000067cc                svcMessageGet
 .text.rt_init_stack
                0x00006888       0xa8 C:/ProgramData/MATLAB/SupportPackages/R2022a/3P.instrset/cmsis.instrset/CMSIS/RTOS/RTX/LIB/GCC/libRTX_CM4.a(hal_cm.o)
                0x00006888                rt_init_stack
 .text.rt_ret_val
                0x00006930       0x14 C:/ProgramData/MATLAB/SupportPackages/R2022a/3P.instrset/cmsis.instrset/CMSIS/RTOS/RTX/LIB/GCC/libRTX_CM4.a(hal_cm.o)
                0x00006930                rt_ret_val
 .text.rt_ret_val2
                0x00006944       0x24 C:/ProgramData/MATLAB/SupportPackages/R2022a/3P.instrset/cmsis.instrset/CMSIS/RTOS/RTX/LIB/GCC/libRTX_CM4.a(hal_cm.o)
                0x00006944                rt_ret_val2
 .text.dbg_init
                0x00006968       0x34 C:/ProgramData/MATLAB/SupportPackages/R2022a/3P.instrset/cmsis.instrset/CMSIS/RTOS/RTX/LIB/GCC/libRTX_CM4.a(hal_cm.o)
                0x00006968                dbg_init
 .text.dbg_task_notify
                0x0000699c       0x2c C:/ProgramData/MATLAB/SupportPackages/R2022a/3P.instrset/cmsis.instrset/CMSIS/RTOS/RTX/LIB/GCC/libRTX_CM4.a(hal_cm.o)
                0x0000699c                dbg_task_notify
 .text.dbg_task_switch
                0x000069c8       0x14 C:/ProgramData/MATLAB/SupportPackages/R2022a/3P.instrset/cmsis.instrset/CMSIS/RTOS/RTX/LIB/GCC/libRTX_CM4.a(hal_cm.o)
                0x000069c8                dbg_task_switch
 .text.rt_init_mem
                0x000069dc       0x1c C:/ProgramData/MATLAB/SupportPackages/R2022a/3P.instrset/cmsis.instrset/CMSIS/RTOS/RTX/LIB/GCC/libRTX_CM4.a(rt_memory.o)
                0x000069dc                rt_init_mem
 .text.rt_alloc_mem
                0x000069f8       0x48 C:/ProgramData/MATLAB/SupportPackages/R2022a/3P.instrset/cmsis.instrset/CMSIS/RTOS/RTX/LIB/GCC/libRTX_CM4.a(rt_memory.o)
                0x000069f8                rt_alloc_mem
 .text.rt_free_mem
                0x00006a40       0x54 C:/ProgramData/MATLAB/SupportPackages/R2022a/3P.instrset/cmsis.instrset/CMSIS/RTOS/RTX/LIB/GCC/libRTX_CM4.a(rt_memory.o)
                0x00006a40                rt_free_mem
 .text._init_box
                0x00006a94       0x58 C:/ProgramData/MATLAB/SupportPackages/R2022a/3P.instrset/cmsis.instrset/CMSIS/RTOS/RTX/LIB/GCC/libRTX_CM4.a(rt_membox.o)
                0x00006a94                _init_box
 .text.rt_alloc_box
                0x00006aec       0x1c C:/ProgramData/MATLAB/SupportPackages/R2022a/3P.instrset/cmsis.instrset/CMSIS/RTOS/RTX/LIB/GCC/libRTX_CM4.a(rt_membox.o)
                0x00006aec                rt_alloc_box
 .text.rt_free_box
                0x00006b08       0x28 C:/ProgramData/MATLAB/SupportPackages/R2022a/3P.instrset/cmsis.instrset/CMSIS/RTOS/RTX/LIB/GCC/libRTX_CM4.a(rt_membox.o)
                0x00006b08                rt_free_box
 .text.rt_sem_psh
                0x00006b30       0x34 C:/ProgramData/MATLAB/SupportPackages/R2022a/3P.instrset/cmsis.instrset/CMSIS/RTOS/RTX/LIB/GCC/libRTX_CM4.a(rt_semaphore.o)
                0x00006b30                rt_sem_psh
 .text.rt_mbx_init
                0x00006b64       0x18 C:/ProgramData/MATLAB/SupportPackages/R2022a/3P.instrset/cmsis.instrset/CMSIS/RTOS/RTX/LIB/GCC/libRTX_CM4.a(rt_mailbox.o)
                0x00006b64                rt_mbx_init
 .text.rt_mbx_wait
                0x00006b7c       0xa8 C:/ProgramData/MATLAB/SupportPackages/R2022a/3P.instrset/cmsis.instrset/CMSIS/RTOS/RTX/LIB/GCC/libRTX_CM4.a(rt_mailbox.o)
                0x00006b7c                rt_mbx_wait
 .text.rt_mbx_check
                0x00006c24        0x8 C:/ProgramData/MATLAB/SupportPackages/R2022a/3P.instrset/cmsis.instrset/CMSIS/RTOS/RTX/LIB/GCC/libRTX_CM4.a(rt_mailbox.o)
                0x00006c24                rt_mbx_check
 .text.isr_mbx_send
                0x00006c2c       0x10 C:/ProgramData/MATLAB/SupportPackages/R2022a/3P.instrset/cmsis.instrset/CMSIS/RTOS/RTX/LIB/GCC/libRTX_CM4.a(rt_mailbox.o)
                0x00006c2c                isr_mbx_send
 .text.rt_mbx_psh
                0x00006c3c       0xe8 C:/ProgramData/MATLAB/SupportPackages/R2022a/3P.instrset/cmsis.instrset/CMSIS/RTOS/RTX/LIB/GCC/libRTX_CM4.a(rt_mailbox.o)
                0x00006c3c                rt_mbx_psh
 .text.rt_put_prio
                0x00006d24       0x50 C:/ProgramData/MATLAB/SupportPackages/R2022a/3P.instrset/cmsis.instrset/CMSIS/RTOS/RTX/LIB/GCC/libRTX_CM4.a(rt_list.o)
                0x00006d24                rt_put_prio
 .text.rt_get_first
                0x00006d74       0x28 C:/ProgramData/MATLAB/SupportPackages/R2022a/3P.instrset/cmsis.instrset/CMSIS/RTOS/RTX/LIB/GCC/libRTX_CM4.a(rt_list.o)
                0x00006d74                rt_get_first
 .text.rt_put_rdy_first
                0x00006d9c       0x14 C:/ProgramData/MATLAB/SupportPackages/R2022a/3P.instrset/cmsis.instrset/CMSIS/RTOS/RTX/LIB/GCC/libRTX_CM4.a(rt_list.o)
                0x00006d9c                rt_put_rdy_first
 .text.rt_resort_prio
                0x00006db0       0xac C:/ProgramData/MATLAB/SupportPackages/R2022a/3P.instrset/cmsis.instrset/CMSIS/RTOS/RTX/LIB/GCC/libRTX_CM4.a(rt_list.o)
                0x00006db0                rt_resort_prio
 .text.rt_put_dly
                0x00006e5c       0x60 C:/ProgramData/MATLAB/SupportPackages/R2022a/3P.instrset/cmsis.instrset/CMSIS/RTOS/RTX/LIB/GCC/libRTX_CM4.a(rt_list.o)
                0x00006e5c                rt_put_dly
 .text.rt_dec_dly
                0x00006ebc       0xbc C:/ProgramData/MATLAB/SupportPackages/R2022a/3P.instrset/cmsis.instrset/CMSIS/RTOS/RTX/LIB/GCC/libRTX_CM4.a(rt_list.o)
                0x00006ebc                rt_dec_dly
 .text.rt_rmv_list
                0x00006f78       0x2c C:/ProgramData/MATLAB/SupportPackages/R2022a/3P.instrset/cmsis.instrset/CMSIS/RTOS/RTX/LIB/GCC/libRTX_CM4.a(rt_list.o)
                0x00006f78                rt_rmv_list
 .text.rt_rmv_dly
                0x00006fa4       0x30 C:/ProgramData/MATLAB/SupportPackages/R2022a/3P.instrset/cmsis.instrset/CMSIS/RTOS/RTX/LIB/GCC/libRTX_CM4.a(rt_list.o)
                0x00006fa4                rt_rmv_dly
 .text.rt_psq_enq
                0x00006fd4       0x44 C:/ProgramData/MATLAB/SupportPackages/R2022a/3P.instrset/cmsis.instrset/CMSIS/RTOS/RTX/LIB/GCC/libRTX_CM4.a(rt_list.o)
                0x00006fd4                rt_psq_enq
 .text.rt_evt_wait
                0x00007018       0x44 C:/ProgramData/MATLAB/SupportPackages/R2022a/3P.instrset/cmsis.instrset/CMSIS/RTOS/RTX/LIB/GCC/libRTX_CM4.a(rt_event.o)
                0x00007018                rt_evt_wait
 .text.rt_evt_set
                0x0000705c       0x58 C:/ProgramData/MATLAB/SupportPackages/R2022a/3P.instrset/cmsis.instrset/CMSIS/RTOS/RTX/LIB/GCC/libRTX_CM4.a(rt_event.o)
                0x0000705c                rt_evt_set
 .text.rt_evt_clr
                0x000070b4       0x18 C:/ProgramData/MATLAB/SupportPackages/R2022a/3P.instrset/cmsis.instrset/CMSIS/RTOS/RTX/LIB/GCC/libRTX_CM4.a(rt_event.o)
                0x000070b4                rt_evt_clr
 .text.isr_evt_set
                0x000070cc       0x24 C:/ProgramData/MATLAB/SupportPackages/R2022a/3P.instrset/cmsis.instrset/CMSIS/RTOS/RTX/LIB/GCC/libRTX_CM4.a(rt_event.o)
                0x000070cc                isr_evt_set
 .text.rt_evt_psh
                0x000070f0       0x50 C:/ProgramData/MATLAB/SupportPackages/R2022a/3P.instrset/cmsis.instrset/CMSIS/RTOS/RTX/LIB/GCC/libRTX_CM4.a(rt_event.o)
                0x000070f0                rt_evt_psh
 .text.rt_psh_req
                0x00007140       0x20 C:/ProgramData/MATLAB/SupportPackages/R2022a/3P.instrset/cmsis.instrset/CMSIS/RTOS/RTX/LIB/GCC/libRTX_CM4.a(rt_system.o)
                0x00007140                rt_psh_req
 .text.rt_pop_req
                0x00007160       0x9c C:/ProgramData/MATLAB/SupportPackages/R2022a/3P.instrset/cmsis.instrset/CMSIS/RTOS/RTX/LIB/GCC/libRTX_CM4.a(rt_system.o)
                0x00007160                rt_pop_req
 .text.os_tick_init
                0x000071fc       0x40 C:/ProgramData/MATLAB/SupportPackages/R2022a/3P.instrset/cmsis.instrset/CMSIS/RTOS/RTX/LIB/GCC/libRTX_CM4.a(rt_system.o)
                0x000071fc                os_tick_init
 .text.os_tick_irqack
                0x0000723c        0x4 C:/ProgramData/MATLAB/SupportPackages/R2022a/3P.instrset/cmsis.instrset/CMSIS/RTOS/RTX/LIB/GCC/libRTX_CM4.a(rt_system.o)
                0x0000723c                os_tick_irqack
 .text.rt_systick
                0x00007240       0x3c C:/ProgramData/MATLAB/SupportPackages/R2022a/3P.instrset/cmsis.instrset/CMSIS/RTOS/RTX/LIB/GCC/libRTX_CM4.a(rt_system.o)
                0x00007240                rt_systick
 .text.rt_stk_check
                0x0000727c       0x24 C:/ProgramData/MATLAB/SupportPackages/R2022a/3P.instrset/cmsis.instrset/CMSIS/RTOS/RTX/LIB/GCC/libRTX_CM4.a(rt_system.o)
                0x0000727c                rt_stk_check
 .text.rt_switch_req
                0x000072a0       0x24 C:/ProgramData/MATLAB/SupportPackages/R2022a/3P.instrset/cmsis.instrset/CMSIS/RTOS/RTX/LIB/GCC/libRTX_CM4.a(rt_task.o)
                0x000072a0                rt_switch_req
 .text.rt_dispatch
                0x000072c4       0x78 C:/ProgramData/MATLAB/SupportPackages/R2022a/3P.instrset/cmsis.instrset/CMSIS/RTOS/RTX/LIB/GCC/libRTX_CM4.a(rt_task.o)
                0x000072c4                rt_dispatch
 .text.rt_block
                0x0000733c       0x50 C:/ProgramData/MATLAB/SupportPackages/R2022a/3P.instrset/cmsis.instrset/CMSIS/RTOS/RTX/LIB/GCC/libRTX_CM4.a(rt_task.o)
                0x0000733c                rt_block
 .text.rt_tsk_self
                0x0000738c       0x10 C:/ProgramData/MATLAB/SupportPackages/R2022a/3P.instrset/cmsis.instrset/CMSIS/RTOS/RTX/LIB/GCC/libRTX_CM4.a(rt_task.o)
                0x0000738c                rt_tsk_self
 .text.rt_tsk_prio
                0x0000739c       0xa0 C:/ProgramData/MATLAB/SupportPackages/R2022a/3P.instrset/cmsis.instrset/CMSIS/RTOS/RTX/LIB/GCC/libRTX_CM4.a(rt_task.o)
                0x0000739c                rt_tsk_prio
 .text.rt_tsk_create
                0x0000743c       0xc8 C:/ProgramData/MATLAB/SupportPackages/R2022a/3P.instrset/cmsis.instrset/CMSIS/RTOS/RTX/LIB/GCC/libRTX_CM4.a(rt_task.o)
                0x0000743c                rt_tsk_create
 .text.rt_tsk_delete
                0x00007504      0x1bc C:/ProgramData/MATLAB/SupportPackages/R2022a/3P.instrset/cmsis.instrset/CMSIS/RTOS/RTX/LIB/GCC/libRTX_CM4.a(rt_task.o)
                0x00007504                rt_tsk_delete
 .text.rt_sys_init
                0x000076c0       0xdc C:/ProgramData/MATLAB/SupportPackages/R2022a/3P.instrset/cmsis.instrset/CMSIS/RTOS/RTX/LIB/GCC/libRTX_CM4.a(rt_task.o)
                0x000076c0                rt_sys_init
 .text.rt_sys_start
                0x0000779c       0x8c C:/ProgramData/MATLAB/SupportPackages/R2022a/3P.instrset/cmsis.instrset/CMSIS/RTOS/RTX/LIB/GCC/libRTX_CM4.a(rt_task.o)
                0x0000779c                rt_sys_start
 .text.OSA_TimeInit
                0x00007828       0x40 C:/ProgramData/MATLAB/SupportPackages/R2022a/toolbox/target/supportpackages/freedomk64f/src/ksdk_armgcc_lib/bm/libksdk_platform.a(fsl_os_abstraction_bm.o)
                0x00007828                OSA_TimeInit
 .text.OSA_SemaCreate
                0x00007868       0x2c C:/ProgramData/MATLAB/SupportPackages/R2022a/toolbox/target/supportpackages/freedomk64f/src/ksdk_armgcc_lib/bm/libksdk_platform.a(fsl_os_abstraction_bm.o)
                0x00007868                OSA_SemaCreate
 .text.OSA_SemaPost
                0x00007894       0x3c C:/ProgramData/MATLAB/SupportPackages/R2022a/toolbox/target/supportpackages/freedomk64f/src/ksdk_armgcc_lib/bm/libksdk_platform.a(fsl_os_abstraction_bm.o)
                0x00007894                OSA_SemaPost
 .text.task_init
                0x000078d0       0x38 C:/ProgramData/MATLAB/SupportPackages/R2022a/toolbox/target/supportpackages/freedomk64f/src/ksdk_armgcc_lib/bm/libksdk_platform.a(fsl_os_abstraction_bm.o)
                0x000078d0                task_init
 .text.OSA_Init
                0x00007908        0xe C:/ProgramData/MATLAB/SupportPackages/R2022a/toolbox/target/supportpackages/freedomk64f/src/ksdk_armgcc_lib/bm/libksdk_platform.a(fsl_os_abstraction_bm.o)
                0x00007908                OSA_Init
 *fill*         0x00007916        0x2 
 .text.CLOCK_SYS_SetMcgPeeToFbe
                0x00007918       0x34 C:/ProgramData/MATLAB/SupportPackages/R2022a/toolbox/target/supportpackages/freedomk64f/src/ksdk_armgcc_lib/bm/libksdk_platform.a(fsl_clock_manager.o)
 .text.CLOCK_SYS_SetMcgMode
                0x0000794c      0x124 C:/ProgramData/MATLAB/SupportPackages/R2022a/toolbox/target/supportpackages/freedomk64f/src/ksdk_armgcc_lib/bm/libksdk_platform.a(fsl_clock_manager.o)
                0x0000794c                CLOCK_SYS_SetMcgMode
 .text.CLOCK_SYS_SetOscerConfigration
                0x00007a70       0x20 C:/ProgramData/MATLAB/SupportPackages/R2022a/toolbox/target/supportpackages/freedomk64f/src/ksdk_armgcc_lib/bm/libksdk_platform.a(fsl_clock_manager.o)
                0x00007a70                CLOCK_SYS_SetOscerConfigration
 .text.CLOCK_SYS_OscInit
                0x00007a90       0x98 C:/ProgramData/MATLAB/SupportPackages/R2022a/toolbox/target/supportpackages/freedomk64f/src/ksdk_armgcc_lib/bm/libksdk_platform.a(fsl_clock_manager.o)
                0x00007a90                CLOCK_SYS_OscInit
 .text.CLOCK_SYS_RtcOscInit
                0x00007b28       0x6c C:/ProgramData/MATLAB/SupportPackages/R2022a/toolbox/target/supportpackages/freedomk64f/src/ksdk_armgcc_lib/bm/libksdk_platform.a(fsl_clock_manager.o)
                0x00007b28                CLOCK_SYS_RtcOscInit
 .text.SIM_HAL_EnableClock.constprop.0
                0x00007b94       0x1c C:/ProgramData/MATLAB/SupportPackages/R2022a/toolbox/target/supportpackages/freedomk64f/src/ksdk_armgcc_lib/bm/libksdk_platform.a(fsl_clock_MK64F12.o)
 .text.CLOCK_SYS_GetCoreClockFreq
                0x00007bb0       0x24 C:/ProgramData/MATLAB/SupportPackages/R2022a/toolbox/target/supportpackages/freedomk64f/src/ksdk_armgcc_lib/bm/libksdk_platform.a(fsl_clock_MK64F12.o)
                0x00007bb0                CLOCK_SYS_GetCoreClockFreq
 .text.CLOCK_SYS_SetConfiguration
                0x00007bd4       0x94 C:/ProgramData/MATLAB/SupportPackages/R2022a/toolbox/target/supportpackages/freedomk64f/src/ksdk_armgcc_lib/bm/libksdk_platform.a(fsl_clock_MK64F12.o)
                0x00007bd4                CLOCK_SYS_SetConfiguration
 .text.CLOCK_SYS_FllStableDelay
                0x00007c68       0x18 C:/ProgramData/MATLAB/SupportPackages/R2022a/toolbox/target/supportpackages/freedomk64f/src/ksdk_armgcc_lib/bm/libksdk_platform.a(fsl_clock_MK64F12.o)
 .text.CLOCK_SYS_GetBusClockFreq
                0x00007c80       0x24 C:/ProgramData/MATLAB/SupportPackages/R2022a/toolbox/target/supportpackages/freedomk64f/src/ksdk_armgcc_lib/bm/libksdk_platform.a(fsl_clock_MK64F12.o)
                0x00007c80                CLOCK_SYS_GetBusClockFreq
 .text.CLOCK_SYS_GetUartFreq
                0x00007ca4       0x16 C:/ProgramData/MATLAB/SupportPackages/R2022a/toolbox/target/supportpackages/freedomk64f/src/ksdk_armgcc_lib/bm/libksdk_platform.a(fsl_clock_MK64F12.o)
                0x00007ca4                CLOCK_SYS_GetUartFreq
 *fill*         0x00007cba        0x2 
 .text.CLOCK_SYS_GetFtmExternalFreq
                0x00007cbc       0x20 C:/ProgramData/MATLAB/SupportPackages/R2022a/toolbox/target/supportpackages/freedomk64f/src/ksdk_armgcc_lib/bm/libksdk_platform.a(fsl_clock_MK64F12.o)
                0x00007cbc                CLOCK_SYS_GetFtmExternalFreq
 .text.CLOCK_SYS_EnablePortClock
                0x00007cdc       0x30 C:/ProgramData/MATLAB/SupportPackages/R2022a/toolbox/target/supportpackages/freedomk64f/src/ksdk_armgcc_lib/bm/libksdk_platform.a(fsl_clock_MK64F12.o)
                0x00007cdc                CLOCK_SYS_EnablePortClock
 .text.CLOCK_SYS_EnableFtmClock
                0x00007d0c       0x30 C:/ProgramData/MATLAB/SupportPackages/R2022a/toolbox/target/supportpackages/freedomk64f/src/ksdk_armgcc_lib/bm/libksdk_platform.a(fsl_clock_MK64F12.o)
                0x00007d0c                CLOCK_SYS_EnableFtmClock
 .text.CLOCK_SYS_EnableUartClock
                0x00007d3c       0x30 C:/ProgramData/MATLAB/SupportPackages/R2022a/toolbox/target/supportpackages/freedomk64f/src/ksdk_armgcc_lib/bm/libksdk_platform.a(fsl_clock_MK64F12.o)
                0x00007d3c                CLOCK_SYS_EnableUartClock
 .text.INT_SYS_EnableIRQGlobal
                0x00007d6c       0x14 C:/ProgramData/MATLAB/SupportPackages/R2022a/toolbox/target/supportpackages/freedomk64f/src/ksdk_armgcc_lib/bm/libksdk_platform.a(fsl_interrupt_manager.o)
                0x00007d6c                INT_SYS_EnableIRQGlobal
 .text.INT_SYS_DisableIRQGlobal
                0x00007d80       0x10 C:/ProgramData/MATLAB/SupportPackages/R2022a/toolbox/target/supportpackages/freedomk64f/src/ksdk_armgcc_lib/bm/libksdk_platform.a(fsl_interrupt_manager.o)
                0x00007d80                INT_SYS_DisableIRQGlobal
 .text.EDMA_HAL_SetErrorIntCmd
                0x00007d90        0xa C:/ProgramData/MATLAB/SupportPackages/R2022a/toolbox/target/supportpackages/freedomk64f/src/ksdk_armgcc_lib/bm/libksdk_platform.a(fsl_edma_hal.o)
                0x00007d90                EDMA_HAL_SetErrorIntCmd
 .text.EDMA_HAL_SetDmaRequestCmd
                0x00007d9a        0xa C:/ProgramData/MATLAB/SupportPackages/R2022a/toolbox/target/supportpackages/freedomk64f/src/ksdk_armgcc_lib/bm/libksdk_platform.a(fsl_edma_hal.o)
                0x00007d9a                EDMA_HAL_SetDmaRequestCmd
 .text.EDMA_HAL_HTCDClearReg
                0x00007da4       0x4a C:/ProgramData/MATLAB/SupportPackages/R2022a/toolbox/target/supportpackages/freedomk64f/src/ksdk_armgcc_lib/bm/libksdk_platform.a(fsl_edma_hal.o)
                0x00007da4                EDMA_HAL_HTCDClearReg
 .text.EDMA_HAL_Init
                0x00007dee       0x28 C:/ProgramData/MATLAB/SupportPackages/R2022a/toolbox/target/supportpackages/freedomk64f/src/ksdk_armgcc_lib/bm/libksdk_platform.a(fsl_edma_hal.o)
                0x00007dee                EDMA_HAL_Init
 *fill*         0x00007e16        0x2 
 .text.EDMA_HAL_HTCDSetAttribute
                0x00007e18       0x48 C:/ProgramData/MATLAB/SupportPackages/R2022a/toolbox/target/supportpackages/freedomk64f/src/ksdk_armgcc_lib/bm/libksdk_platform.a(fsl_edma_hal.o)
                0x00007e18                EDMA_HAL_HTCDSetAttribute
 .text.EDMA_HAL_HTCDSetNbytes
                0x00007e60       0x7c C:/ProgramData/MATLAB/SupportPackages/R2022a/toolbox/target/supportpackages/freedomk64f/src/ksdk_armgcc_lib/bm/libksdk_platform.a(fsl_edma_hal.o)
                0x00007e60                EDMA_HAL_HTCDSetNbytes
 .text.EDMA_HAL_HTCDGetNbytes
                0x00007edc       0x68 C:/ProgramData/MATLAB/SupportPackages/R2022a/toolbox/target/supportpackages/freedomk64f/src/ksdk_armgcc_lib/bm/libksdk_platform.a(fsl_edma_hal.o)
                0x00007edc                EDMA_HAL_HTCDGetNbytes
 .text.EDMA_HAL_HTCDSetChannelMinorLink
                0x00007f44       0x80 C:/ProgramData/MATLAB/SupportPackages/R2022a/toolbox/target/supportpackages/freedomk64f/src/ksdk_armgcc_lib/bm/libksdk_platform.a(fsl_edma_hal.o)
                0x00007f44                EDMA_HAL_HTCDSetChannelMinorLink
 .text.EDMA_HAL_HTCDSetMajorCount
                0x00007fc4       0x78 C:/ProgramData/MATLAB/SupportPackages/R2022a/toolbox/target/supportpackages/freedomk64f/src/ksdk_armgcc_lib/bm/libksdk_platform.a(fsl_edma_hal.o)
                0x00007fc4                EDMA_HAL_HTCDSetMajorCount
 .text.EDMA_HAL_HTCDGetUnfinishedBytes
                0x0000803c       0x54 C:/ProgramData/MATLAB/SupportPackages/R2022a/toolbox/target/supportpackages/freedomk64f/src/ksdk_armgcc_lib/bm/libksdk_platform.a(fsl_edma_hal.o)
                0x0000803c                EDMA_HAL_HTCDGetUnfinishedBytes
 .text.INT_SYS_EnableIRQ
                0x00008090       0x48 C:/ProgramData/MATLAB/SupportPackages/R2022a/toolbox/target/supportpackages/freedomk64f/src/ksdk_armgcc_lib/bm/libksdk_platform.a(fsl_edma_driver.o)
 .text.EDMA_DRV_ClaimChannel
                0x000080d8       0x70 C:/ProgramData/MATLAB/SupportPackages/R2022a/toolbox/target/supportpackages/freedomk64f/src/ksdk_armgcc_lib/bm/libksdk_platform.a(fsl_edma_driver.o)
 .text.EDMA_DRV_Init
                0x00008148       0x84 C:/ProgramData/MATLAB/SupportPackages/R2022a/toolbox/target/supportpackages/freedomk64f/src/ksdk_armgcc_lib/bm/libksdk_platform.a(fsl_edma_driver.o)
                0x00008148                EDMA_DRV_Init
 .text.EDMA_DRV_InstallCallback
                0x000081cc        0x8 C:/ProgramData/MATLAB/SupportPackages/R2022a/toolbox/target/supportpackages/freedomk64f/src/ksdk_armgcc_lib/bm/libksdk_platform.a(fsl_edma_driver.o)
                0x000081cc                EDMA_DRV_InstallCallback
 .text.EDMA_DRV_RequestChannel
                0x000081d4       0x70 C:/ProgramData/MATLAB/SupportPackages/R2022a/toolbox/target/supportpackages/freedomk64f/src/ksdk_armgcc_lib/bm/libksdk_platform.a(fsl_edma_driver.o)
                0x000081d4                EDMA_DRV_RequestChannel
 .text.EDMA_DRV_IRQHandler
                0x00008244       0x30 C:/ProgramData/MATLAB/SupportPackages/R2022a/toolbox/target/supportpackages/freedomk64f/src/ksdk_armgcc_lib/bm/libksdk_platform.a(fsl_edma_driver.o)
                0x00008244                EDMA_DRV_IRQHandler
 .text.EDMA_DRV_ErrorIRQHandler
                0x00008274       0x8c C:/ProgramData/MATLAB/SupportPackages/R2022a/toolbox/target/supportpackages/freedomk64f/src/ksdk_armgcc_lib/bm/libksdk_platform.a(fsl_edma_driver.o)
                0x00008274                EDMA_DRV_ErrorIRQHandler
 .text.FTM_HAL_SetClockSource
                0x00008300       0x12 C:/ProgramData/MATLAB/SupportPackages/R2022a/toolbox/target/supportpackages/freedomk64f/src/ksdk_armgcc_lib/bm/libksdk_platform.a(fsl_ftm_driver.o)
 *fill*         0x00008312        0x2 
 .text.FTM_HAL_SetChnCountVal.part.0
                0x00008314       0x1c C:/ProgramData/MATLAB/SupportPackages/R2022a/toolbox/target/supportpackages/freedomk64f/src/ksdk_armgcc_lib/bm/libksdk_platform.a(fsl_ftm_driver.o)
 .text.FTM_DRV_Init
                0x00008330      0x10c C:/ProgramData/MATLAB/SupportPackages/R2022a/toolbox/target/supportpackages/freedomk64f/src/ksdk_armgcc_lib/bm/libksdk_platform.a(fsl_ftm_driver.o)
                0x00008330                FTM_DRV_Init
 .text.FTM_DRV_SetClock
                0x0000843c       0x54 C:/ProgramData/MATLAB/SupportPackages/R2022a/toolbox/target/supportpackages/freedomk64f/src/ksdk_armgcc_lib/bm/libksdk_platform.a(fsl_ftm_driver.o)
                0x0000843c                FTM_DRV_SetClock
 .text.FTM_DRV_GetClock
                0x00008490       0x68 C:/ProgramData/MATLAB/SupportPackages/R2022a/toolbox/target/supportpackages/freedomk64f/src/ksdk_armgcc_lib/bm/libksdk_platform.a(fsl_ftm_driver.o)
                0x00008490                FTM_DRV_GetClock
 .text.FTM_DRV_PwmStart
                0x000084f8      0x1cc C:/ProgramData/MATLAB/SupportPackages/R2022a/toolbox/target/supportpackages/freedomk64f/src/ksdk_armgcc_lib/bm/libksdk_platform.a(fsl_ftm_driver.o)
                0x000084f8                FTM_DRV_PwmStart
 .text.PORT_HAL_SetMuxMode.part.0
                0x000086c4       0x1c C:/ProgramData/MATLAB/SupportPackages/R2022a/toolbox/target/supportpackages/freedomk64f/src/ksdk_armgcc_lib/bm/libksdk_platform.a(fsl_gpio_driver.o)
 .text.GPIO_DRV_InputPinInit
                0x000086e0       0xe4 C:/ProgramData/MATLAB/SupportPackages/R2022a/toolbox/target/supportpackages/freedomk64f/src/ksdk_armgcc_lib/bm/libksdk_platform.a(fsl_gpio_driver.o)
                0x000086e0                GPIO_DRV_InputPinInit
 .text.GPIO_DRV_OutputPinInit
                0x000087c4       0x78 C:/ProgramData/MATLAB/SupportPackages/R2022a/toolbox/target/supportpackages/freedomk64f/src/ksdk_armgcc_lib/bm/libksdk_platform.a(fsl_gpio_driver.o)
                0x000087c4                GPIO_DRV_OutputPinInit
 .text.GPIO_DRV_WritePinOutput
                0x0000883c       0x1c C:/ProgramData/MATLAB/SupportPackages/R2022a/toolbox/target/supportpackages/freedomk64f/src/ksdk_armgcc_lib/bm/libksdk_platform.a(fsl_gpio_driver.o)
                0x0000883c                GPIO_DRV_WritePinOutput
 .text.GPIO_DRV_ReadPinInput
                0x00008858       0x3c C:/ProgramData/MATLAB/SupportPackages/R2022a/toolbox/target/supportpackages/freedomk64f/src/ksdk_armgcc_lib/bm/libksdk_platform.a(fsl_gpio_driver.o)
                0x00008858                GPIO_DRV_ReadPinInput
 .text.LPTMR_HAL_SetTimerWorkingMode
                0x00008894       0x3c C:/ProgramData/MATLAB/SupportPackages/R2022a/toolbox/target/supportpackages/freedomk64f/src/ksdk_armgcc_lib/bm/libksdk_platform.a(fsl_lptmr_hal.o)
                0x00008894                LPTMR_HAL_SetTimerWorkingMode
 .text.LPTMR_HAL_SetPrescalerMode
                0x000088d0       0x1c C:/ProgramData/MATLAB/SupportPackages/R2022a/toolbox/target/supportpackages/freedomk64f/src/ksdk_armgcc_lib/bm/libksdk_platform.a(fsl_lptmr_hal.o)
                0x000088d0                LPTMR_HAL_SetPrescalerMode
 .text.CLOCK_HAL_TestOscFreq
                0x000088ec       0x28 C:/ProgramData/MATLAB/SupportPackages/R2022a/toolbox/target/supportpackages/freedomk64f/src/ksdk_armgcc_lib/bm/libksdk_platform.a(fsl_mcg_hal.o)
                0x000088ec                CLOCK_HAL_TestOscFreq
 .text.CLOCK_HAL_GetMcgExternalClkFreq
                0x00008914        0xa C:/ProgramData/MATLAB/SupportPackages/R2022a/toolbox/target/supportpackages/freedomk64f/src/ksdk_armgcc_lib/bm/libksdk_platform.a(fsl_mcg_hal.o)
 .text.CLOCK_HAL_TestFllExternalRefFreq
                0x0000891e       0x2c C:/ProgramData/MATLAB/SupportPackages/R2022a/toolbox/target/supportpackages/freedomk64f/src/ksdk_armgcc_lib/bm/libksdk_platform.a(fsl_mcg_hal.o)
                0x0000891e                CLOCK_HAL_TestFllExternalRefFreq
 *fill*         0x0000894a        0x2 
 .text.CLOCK_HAL_GetFllRefClk
                0x0000894c       0x40 C:/ProgramData/MATLAB/SupportPackages/R2022a/toolbox/target/supportpackages/freedomk64f/src/ksdk_armgcc_lib/bm/libksdk_platform.a(fsl_mcg_hal.o)
                0x0000894c                CLOCK_HAL_GetFllRefClk
 .text.CLOCK_HAL_TestFllFreq
                0x0000898c       0x34 C:/ProgramData/MATLAB/SupportPackages/R2022a/toolbox/target/supportpackages/freedomk64f/src/ksdk_armgcc_lib/bm/libksdk_platform.a(fsl_mcg_hal.o)
                0x0000898c                CLOCK_HAL_TestFllFreq
 .text.CLOCK_HAL_GetFllClk
                0x000089c0       0x3c C:/ProgramData/MATLAB/SupportPackages/R2022a/toolbox/target/supportpackages/freedomk64f/src/ksdk_armgcc_lib/bm/libksdk_platform.a(fsl_mcg_hal.o)
                0x000089c0                CLOCK_HAL_GetFllClk
 .text.CLOCK_HAL_UpdateFastClkInternalRefDiv
                0x000089fc       0x58 C:/ProgramData/MATLAB/SupportPackages/R2022a/toolbox/target/supportpackages/freedomk64f/src/ksdk_armgcc_lib/bm/libksdk_platform.a(fsl_mcg_hal.o)
                0x000089fc                CLOCK_HAL_UpdateFastClkInternalRefDiv
 .text.CLOCK_HAL_GetPll0Clk
                0x00008a54       0x48 C:/ProgramData/MATLAB/SupportPackages/R2022a/toolbox/target/supportpackages/freedomk64f/src/ksdk_armgcc_lib/bm/libksdk_platform.a(fsl_mcg_hal.o)
                0x00008a54                CLOCK_HAL_GetPll0Clk
 .text.CLOCK_HAL_EnablePll0InFllMode
                0x00008a9c       0x38 C:/ProgramData/MATLAB/SupportPackages/R2022a/toolbox/target/supportpackages/freedomk64f/src/ksdk_armgcc_lib/bm/libksdk_platform.a(fsl_mcg_hal.o)
                0x00008a9c                CLOCK_HAL_EnablePll0InFllMode
 .text.CLOCK_HAL_GetInternalRefClk
                0x00008ad4       0x40 C:/ProgramData/MATLAB/SupportPackages/R2022a/toolbox/target/supportpackages/freedomk64f/src/ksdk_armgcc_lib/bm/libksdk_platform.a(fsl_mcg_hal.o)
                0x00008ad4                CLOCK_HAL_GetInternalRefClk
 .text.CLOCK_HAL_GetOutClk
                0x00008b14       0x22 C:/ProgramData/MATLAB/SupportPackages/R2022a/toolbox/target/supportpackages/freedomk64f/src/ksdk_armgcc_lib/bm/libksdk_platform.a(fsl_mcg_hal.o)
                0x00008b14                CLOCK_HAL_GetOutClk
 .text.CLOCK_HAL_GetFixedFreqClk
                0x00008b36       0x20 C:/ProgramData/MATLAB/SupportPackages/R2022a/toolbox/target/supportpackages/freedomk64f/src/ksdk_armgcc_lib/bm/libksdk_platform.a(fsl_mcg_hal.o)
                0x00008b36                CLOCK_HAL_GetFixedFreqClk
 .text.CLOCK_HAL_SetOsc0Mode
                0x00008b56       0x24 C:/ProgramData/MATLAB/SupportPackages/R2022a/toolbox/target/supportpackages/freedomk64f/src/ksdk_armgcc_lib/bm/libksdk_platform.a(fsl_mcg_hal.o)
                0x00008b56                CLOCK_HAL_SetOsc0Mode
 *fill*         0x00008b7a        0x2 
 .text.CLOCK_HAL_PrepareOsc
                0x00008b7c       0x30 C:/ProgramData/MATLAB/SupportPackages/R2022a/toolbox/target/supportpackages/freedomk64f/src/ksdk_armgcc_lib/bm/libksdk_platform.a(fsl_mcg_hal_modes.o)
 .text.CLOCK_HAL_GetMcgMode
                0x00008bac       0x7c C:/ProgramData/MATLAB/SupportPackages/R2022a/toolbox/target/supportpackages/freedomk64f/src/ksdk_armgcc_lib/bm/libksdk_platform.a(fsl_mcg_hal_modes.o)
                0x00008bac                CLOCK_HAL_GetMcgMode
 .text.CLOCK_HAL_SetFbiMode
                0x00008c28       0xc0 C:/ProgramData/MATLAB/SupportPackages/R2022a/toolbox/target/supportpackages/freedomk64f/src/ksdk_armgcc_lib/bm/libksdk_platform.a(fsl_mcg_hal_modes.o)
                0x00008c28                CLOCK_HAL_SetFbiMode
 .text.CLOCK_HAL_SetFbeMode
                0x00008ce8       0xf0 C:/ProgramData/MATLAB/SupportPackages/R2022a/toolbox/target/supportpackages/freedomk64f/src/ksdk_armgcc_lib/bm/libksdk_platform.a(fsl_mcg_hal_modes.o)
                0x00008ce8                CLOCK_HAL_SetFbeMode
 .text.CLOCK_HAL_SetPbeMode
                0x00008dd8       0xd8 C:/ProgramData/MATLAB/SupportPackages/R2022a/toolbox/target/supportpackages/freedomk64f/src/ksdk_armgcc_lib/bm/libksdk_platform.a(fsl_mcg_hal_modes.o)
                0x00008dd8                CLOCK_HAL_SetPbeMode
 .text.OSC_HAL_SetCapacitor
                0x00008eb0        0xe C:/ProgramData/MATLAB/SupportPackages/R2022a/toolbox/target/supportpackages/freedomk64f/src/ksdk_armgcc_lib/bm/libksdk_platform.a(fsl_osc_hal.o)
                0x00008eb0                OSC_HAL_SetCapacitor
 .text.CLOCK_HAL_SetOutDiv
                0x00008ebe       0x28 C:/ProgramData/MATLAB/SupportPackages/R2022a/toolbox/target/supportpackages/freedomk64f/src/ksdk_armgcc_lib/bm/libksdk_platform.a(fsl_sim_hal_MK64F12.o)
                0x00008ebe                CLOCK_HAL_SetOutDiv
 *fill*         0x00008ee6        0x2 
 .text.SIM_HAL_GetFtmExternalClkPinMode
                0x00008ee8       0x70 C:/ProgramData/MATLAB/SupportPackages/R2022a/toolbox/target/supportpackages/freedomk64f/src/ksdk_armgcc_lib/bm/libksdk_platform.a(fsl_sim_hal_MK64F12.o)
                0x00008ee8                SIM_HAL_GetFtmExternalClkPinMode
 .text.UART_DRV_CompleteSendData
                0x00008f58       0x54 C:/ProgramData/MATLAB/SupportPackages/R2022a/toolbox/target/supportpackages/freedomk64f/src/ksdk_armgcc_lib/bm/libksdk_platform.a(fsl_uart_driver.o)
 .text.UART_DRV_CompleteReceiveData
                0x00008fac       0x5c C:/ProgramData/MATLAB/SupportPackages/R2022a/toolbox/target/supportpackages/freedomk64f/src/ksdk_armgcc_lib/bm/libksdk_platform.a(fsl_uart_driver.o)
 .text.UART_DRV_IRQHandler
                0x00009008       0xdc C:/ProgramData/MATLAB/SupportPackages/R2022a/toolbox/target/supportpackages/freedomk64f/src/ksdk_armgcc_lib/bm/libksdk_platform.a(fsl_uart_driver.o)
                0x00009008                UART_DRV_IRQHandler
 .text.EDMA_HAL_HTCDSetIntCmd
                0x000090e4       0x14 C:/ProgramData/MATLAB/SupportPackages/R2022a/toolbox/target/supportpackages/freedomk64f/src/ksdk_armgcc_lib/bm/libksdk_platform.a(fsl_uart_edma_driver.o)
 .text.UART_DRV_EdmaCompleteSendData
                0x000090f8       0x60 C:/ProgramData/MATLAB/SupportPackages/R2022a/toolbox/target/supportpackages/freedomk64f/src/ksdk_armgcc_lib/bm/libksdk_platform.a(fsl_uart_edma_driver.o)
 .text.UART_DRV_EdmaTxCallback
                0x00009158        0x4 C:/ProgramData/MATLAB/SupportPackages/R2022a/toolbox/target/supportpackages/freedomk64f/src/ksdk_armgcc_lib/bm/libksdk_platform.a(fsl_uart_edma_driver.o)
 .text.UART_DRV_EdmaCompleteReceiveData
                0x0000915c       0x64 C:/ProgramData/MATLAB/SupportPackages/R2022a/toolbox/target/supportpackages/freedomk64f/src/ksdk_armgcc_lib/bm/libksdk_platform.a(fsl_uart_edma_driver.o)
 .text.UART_DRV_EdmaRxCallback
                0x000091c0        0x4 C:/ProgramData/MATLAB/SupportPackages/R2022a/toolbox/target/supportpackages/freedomk64f/src/ksdk_armgcc_lib/bm/libksdk_platform.a(fsl_uart_edma_driver.o)
 .text.UART_DRV_EdmaStartSendData
                0x000091c4       0x78 C:/ProgramData/MATLAB/SupportPackages/R2022a/toolbox/target/supportpackages/freedomk64f/src/ksdk_armgcc_lib/bm/libksdk_platform.a(fsl_uart_edma_driver.o)
 .text.UART_DRV_EdmaInit
                0x0000923c      0x260 C:/ProgramData/MATLAB/SupportPackages/R2022a/toolbox/target/supportpackages/freedomk64f/src/ksdk_armgcc_lib/bm/libksdk_platform.a(fsl_uart_edma_driver.o)
                0x0000923c                UART_DRV_EdmaInit
 .text.UART_DRV_EdmaSendData
                0x0000949c       0x48 C:/ProgramData/MATLAB/SupportPackages/R2022a/toolbox/target/supportpackages/freedomk64f/src/ksdk_armgcc_lib/bm/libksdk_platform.a(fsl_uart_edma_driver.o)
                0x0000949c                UART_DRV_EdmaSendData
 .text.UART_DRV_EdmaGetTransmitStatus
                0x000094e4       0x58 C:/ProgramData/MATLAB/SupportPackages/R2022a/toolbox/target/supportpackages/freedomk64f/src/ksdk_armgcc_lib/bm/libksdk_platform.a(fsl_uart_edma_driver.o)
                0x000094e4                UART_DRV_EdmaGetTransmitStatus
 .text.DMAMUX_HAL_Init
                0x0000953c       0x22 C:/ProgramData/MATLAB/SupportPackages/R2022a/toolbox/target/supportpackages/freedomk64f/src/ksdk_armgcc_lib/bm/libksdk_platform.a(fsl_dmamux_hal.o)
                0x0000953c                DMAMUX_HAL_Init
 *fill*         0x0000955e        0x2 
 .text.FTM_HAL_SetChnEdgeLevel.part.0
                0x00009560       0x1c C:/ProgramData/MATLAB/SupportPackages/R2022a/toolbox/target/supportpackages/freedomk64f/src/ksdk_armgcc_lib/bm/libksdk_platform.a(fsl_ftm_hal.o)
 .text.FTM_HAL_Init
                0x0000957c       0x3c C:/ProgramData/MATLAB/SupportPackages/R2022a/toolbox/target/supportpackages/freedomk64f/src/ksdk_armgcc_lib/bm/libksdk_platform.a(fsl_ftm_hal.o)
                0x0000957c                FTM_HAL_Init
 .text.FTM_HAL_SetSyncMode
                0x000095b8       0x98 C:/ProgramData/MATLAB/SupportPackages/R2022a/toolbox/target/supportpackages/freedomk64f/src/ksdk_armgcc_lib/bm/libksdk_platform.a(fsl_ftm_hal.o)
                0x000095b8                FTM_HAL_SetSyncMode
 .text.FTM_HAL_Reset
                0x00009650       0x3e C:/ProgramData/MATLAB/SupportPackages/R2022a/toolbox/target/supportpackages/freedomk64f/src/ksdk_armgcc_lib/bm/libksdk_platform.a(fsl_ftm_hal.o)
                0x00009650                FTM_HAL_Reset
 .text.FTM_HAL_GetChnPairIndex
                0x0000968e       0x1e C:/ProgramData/MATLAB/SupportPackages/R2022a/toolbox/target/supportpackages/freedomk64f/src/ksdk_armgcc_lib/bm/libksdk_platform.a(fsl_ftm_hal.o)
                0x0000968e                FTM_HAL_GetChnPairIndex
 .text.FTM_HAL_EnablePwmMode
                0x000096ac       0xd8 C:/ProgramData/MATLAB/SupportPackages/R2022a/toolbox/target/supportpackages/freedomk64f/src/ksdk_armgcc_lib/bm/libksdk_platform.a(fsl_ftm_hal.o)
                0x000096ac                FTM_HAL_EnablePwmMode
 .text.GPIO_HAL_SetPinDir
                0x00009784       0x34 C:/ProgramData/MATLAB/SupportPackages/R2022a/toolbox/target/supportpackages/freedomk64f/src/ksdk_armgcc_lib/bm/libksdk_platform.a(fsl_gpio_hal.o)
                0x00009784                GPIO_HAL_SetPinDir
 .text.GPIO_HAL_WritePinOutput
                0x000097b8       0x30 C:/ProgramData/MATLAB/SupportPackages/R2022a/toolbox/target/supportpackages/freedomk64f/src/ksdk_armgcc_lib/bm/libksdk_platform.a(fsl_gpio_hal.o)
                0x000097b8                GPIO_HAL_WritePinOutput
 .text.UART_HAL_Init
                0x000097e8       0x2a C:/ProgramData/MATLAB/SupportPackages/R2022a/toolbox/target/supportpackages/freedomk64f/src/ksdk_armgcc_lib/bm/libksdk_platform.a(fsl_uart_hal.o)
                0x000097e8                UART_HAL_Init
 .text.UART_HAL_SetBaudRate
                0x00009812       0x42 C:/ProgramData/MATLAB/SupportPackages/R2022a/toolbox/target/supportpackages/freedomk64f/src/ksdk_armgcc_lib/bm/libksdk_platform.a(fsl_uart_hal.o)
                0x00009812                UART_HAL_SetBaudRate
 .text.UART_HAL_SetParityMode
                0x00009854       0x18 C:/ProgramData/MATLAB/SupportPackages/R2022a/toolbox/target/supportpackages/freedomk64f/src/ksdk_armgcc_lib/bm/libksdk_platform.a(fsl_uart_hal.o)
                0x00009854                UART_HAL_SetParityMode
 .text.UART_HAL_Putchar
                0x0000986c        0x6 C:/ProgramData/MATLAB/SupportPackages/R2022a/toolbox/target/supportpackages/freedomk64f/src/ksdk_armgcc_lib/bm/libksdk_platform.a(fsl_uart_hal.o)
                0x0000986c                UART_HAL_Putchar
 .text.UART_HAL_Getchar
                0x00009872        0x8 C:/ProgramData/MATLAB/SupportPackages/R2022a/toolbox/target/supportpackages/freedomk64f/src/ksdk_armgcc_lib/bm/libksdk_platform.a(fsl_uart_hal.o)
                0x00009872                UART_HAL_Getchar
 .text.UART_HAL_SetIntMode
                0x0000987a       0x66 C:/ProgramData/MATLAB/SupportPackages/R2022a/toolbox/target/supportpackages/freedomk64f/src/ksdk_armgcc_lib/bm/libksdk_platform.a(fsl_uart_hal.o)
                0x0000987a                UART_HAL_SetIntMode
 .text.UART_HAL_SetTxDmaCmd
                0x000098e0       0x28 C:/ProgramData/MATLAB/SupportPackages/R2022a/toolbox/target/supportpackages/freedomk64f/src/ksdk_armgcc_lib/bm/libksdk_platform.a(fsl_uart_hal.o)
                0x000098e0                UART_HAL_SetTxDmaCmd
 .text.UART_HAL_SetRxDmaCmd
                0x00009908       0x1c C:/ProgramData/MATLAB/SupportPackages/R2022a/toolbox/target/supportpackages/freedomk64f/src/ksdk_armgcc_lib/bm/libksdk_platform.a(fsl_uart_hal.o)
                0x00009908                UART_HAL_SetRxDmaCmd
 .text.UART_HAL_GetStatusFlag
                0x00009924       0x30 C:/ProgramData/MATLAB/SupportPackages/R2022a/toolbox/target/supportpackages/freedomk64f/src/ksdk_armgcc_lib/bm/libksdk_platform.a(fsl_uart_hal.o)
                0x00009924                UART_HAL_GetStatusFlag
 .text.UART_HAL_ClearStatusFlag
                0x00009954       0x7a C:/ProgramData/MATLAB/SupportPackages/R2022a/toolbox/target/supportpackages/freedomk64f/src/ksdk_armgcc_lib/bm/libksdk_platform.a(fsl_uart_hal.o)
                0x00009954                UART_HAL_ClearStatusFlag
 *fill*         0x000099ce        0x2 
 .text.ceil     0x000099d0      0x100 c:/progra~3/matlab/suppor~1/r2022a/3p778c~1.ins/gnuarm~1.ins/win/bin/../lib/gcc/arm-none-eabi/9.3.1/../../../../arm-none-eabi/lib/thumb/v7e-m+fp/hard\libm.a(lib_a-s_ceil.o)
                0x000099d0                ceil
 .text.fabs     0x00009ad0       0x14 c:/progra~3/matlab/suppor~1/r2022a/3p778c~1.ins/gnuarm~1.ins/win/bin/../lib/gcc/arm-none-eabi/9.3.1/../../../../arm-none-eabi/lib/thumb/v7e-m+fp/hard\libm.a(lib_a-s_fabs.o)
                0x00009ad0                fabs
 *fill*         0x00009ae4        0x4 
 .text.floor    0x00009ae8      0x108 c:/progra~3/matlab/suppor~1/r2022a/3p778c~1.ins/gnuarm~1.ins/win/bin/../lib/gcc/arm-none-eabi/9.3.1/../../../../arm-none-eabi/lib/thumb/v7e-m+fp/hard\libm.a(lib_a-s_floor.o)
                0x00009ae8                floor
 .text.fmod     0x00009bf0       0x88 c:/progra~3/matlab/suppor~1/r2022a/3p778c~1.ins/gnuarm~1.ins/win/bin/../lib/gcc/arm-none-eabi/9.3.1/../../../../arm-none-eabi/lib/thumb/v7e-m+fp/hard\libm.a(lib_a-w_fmod.o)
                0x00009bf0                fmod
 .text.__ieee754_fmod
                0x00009c78      0x280 c:/progra~3/matlab/suppor~1/r2022a/3p778c~1.ins/gnuarm~1.ins/win/bin/../lib/gcc/arm-none-eabi/9.3.1/../../../../arm-none-eabi/lib/thumb/v7e-m+fp/hard\libm.a(lib_a-e_fmod.o)
                0x00009c78                __ieee754_fmod
 .text.abort    0x00009ef8       0x10 c:/progra~3/matlab/suppor~1/r2022a/3p778c~1.ins/gnuarm~1.ins/win/bin/../lib/gcc/arm-none-eabi/9.3.1/../../../../arm-none-eabi/lib/thumb/v7e-m+fp/hard\libg.a(lib_a-abort.o)
                0x00009ef8                abort
 .text.__assert_func
                0x00009f08       0x3c c:/progra~3/matlab/suppor~1/r2022a/3p778c~1.ins/gnuarm~1.ins/win/bin/../lib/gcc/arm-none-eabi/9.3.1/../../../../arm-none-eabi/lib/thumb/v7e-m+fp/hard\libg.a(lib_a-assert.o)
                0x00009f08                __assert_func
 .text.atexit   0x00009f44        0xc c:/progra~3/matlab/suppor~1/r2022a/3p778c~1.ins/gnuarm~1.ins/win/bin/../lib/gcc/arm-none-eabi/9.3.1/../../../../arm-none-eabi/lib/thumb/v7e-m+fp/hard\libg.a(lib_a-atexit.o)
                0x00009f44                atexit
 .text.__errno  0x00009f50        0xc c:/progra~3/matlab/suppor~1/r2022a/3p778c~1.ins/gnuarm~1.ins/win/bin/../lib/gcc/arm-none-eabi/9.3.1/../../../../arm-none-eabi/lib/thumb/v7e-m+fp/hard\libg.a(lib_a-errno.o)
                0x00009f50                __errno
 .text.exit     0x00009f5c       0x20 c:/progra~3/matlab/suppor~1/r2022a/3p778c~1.ins/gnuarm~1.ins/win/bin/../lib/gcc/arm-none-eabi/9.3.1/../../../../arm-none-eabi/lib/thumb/v7e-m+fp/hard\libg.a(lib_a-exit.o)
                0x00009f5c                exit
 .text.__libc_fini_array
                0x00009f7c       0x2c c:/progra~3/matlab/suppor~1/r2022a/3p778c~1.ins/gnuarm~1.ins/win/bin/../lib/gcc/arm-none-eabi/9.3.1/../../../../arm-none-eabi/lib/thumb/v7e-m+fp/hard\libg.a(lib_a-fini.o)
                0x00009f7c                __libc_fini_array
 .text.fiprintf
                0x00009fa8       0x28 c:/progra~3/matlab/suppor~1/r2022a/3p778c~1.ins/gnuarm~1.ins/win/bin/../lib/gcc/arm-none-eabi/9.3.1/../../../../arm-none-eabi/lib/thumb/v7e-m+fp/hard\libg.a(lib_a-fiprintf.o)
                0x00009fa8                fiprintf
 .text.__libc_init_array
                0x00009fd0       0x48 c:/progra~3/matlab/suppor~1/r2022a/3p778c~1.ins/gnuarm~1.ins/win/bin/../lib/gcc/arm-none-eabi/9.3.1/../../../../arm-none-eabi/lib/thumb/v7e-m+fp/hard\libg.a(lib_a-init.o)
                0x00009fd0                __libc_init_array
 .text._malloc_r
                0x0000a018      0x574 c:/progra~3/matlab/suppor~1/r2022a/3p778c~1.ins/gnuarm~1.ins/win/bin/../lib/gcc/arm-none-eabi/9.3.1/../../../../arm-none-eabi/lib/thumb/v7e-m+fp/hard\libg.a(lib_a-mallocr.o)
                0x0000a018                _malloc_r
 .text.memset   0x0000a58c       0xa0 c:/progra~3/matlab/suppor~1/r2022a/3p778c~1.ins/gnuarm~1.ins/win/bin/../lib/gcc/arm-none-eabi/9.3.1/../../../../arm-none-eabi/lib/thumb/v7e-m+fp/hard\libg.a(lib_a-memset.o)
                0x0000a58c                memset
 .text.__malloc_lock
                0x0000a62c        0xc c:/progra~3/matlab/suppor~1/r2022a/3p778c~1.ins/gnuarm~1.ins/win/bin/../lib/gcc/arm-none-eabi/9.3.1/../../../../arm-none-eabi/lib/thumb/v7e-m+fp/hard\libg.a(lib_a-mlock.o)
                0x0000a62c                __malloc_lock
 .text.__malloc_unlock
                0x0000a638        0xc c:/progra~3/matlab/suppor~1/r2022a/3p778c~1.ins/gnuarm~1.ins/win/bin/../lib/gcc/arm-none-eabi/9.3.1/../../../../arm-none-eabi/lib/thumb/v7e-m+fp/hard\libg.a(lib_a-mlock.o)
                0x0000a638                __malloc_unlock
 .text._sbrk_r  0x0000a644       0x24 c:/progra~3/matlab/suppor~1/r2022a/3p778c~1.ins/gnuarm~1.ins/win/bin/../lib/gcc/arm-none-eabi/9.3.1/../../../../arm-none-eabi/lib/thumb/v7e-m+fp/hard\libg.a(lib_a-sbrkr.o)
                0x0000a644                _sbrk_r
 .text._raise_r
                0x0000a668       0x58 c:/progra~3/matlab/suppor~1/r2022a/3p778c~1.ins/gnuarm~1.ins/win/bin/../lib/gcc/arm-none-eabi/9.3.1/../../../../arm-none-eabi/lib/thumb/v7e-m+fp/hard\libg.a(lib_a-signal.o)
                0x0000a668                _raise_r
 .text.raise    0x0000a6c0       0x10 c:/progra~3/matlab/suppor~1/r2022a/3p778c~1.ins/gnuarm~1.ins/win/bin/../lib/gcc/arm-none-eabi/9.3.1/../../../../arm-none-eabi/lib/thumb/v7e-m+fp/hard\libg.a(lib_a-signal.o)
                0x0000a6c0                raise
 .text._kill_r  0x0000a6d0       0x2c c:/progra~3/matlab/suppor~1/r2022a/3p778c~1.ins/gnuarm~1.ins/win/bin/../lib/gcc/arm-none-eabi/9.3.1/../../../../arm-none-eabi/lib/thumb/v7e-m+fp/hard\libg.a(lib_a-signalr.o)
                0x0000a6d0                _kill_r
 .text._getpid_r
                0x0000a6fc        0x4 c:/progra~3/matlab/suppor~1/r2022a/3p778c~1.ins/gnuarm~1.ins/win/bin/../lib/gcc/arm-none-eabi/9.3.1/../../../../arm-none-eabi/lib/thumb/v7e-m+fp/hard\libg.a(lib_a-signalr.o)
                0x0000a6fc                _getpid_r
 .text.__sprint_r.part.0
                0x0000a700       0x78 c:/progra~3/matlab/suppor~1/r2022a/3p778c~1.ins/gnuarm~1.ins/win/bin/../lib/gcc/arm-none-eabi/9.3.1/../../../../arm-none-eabi/lib/thumb/v7e-m+fp/hard\libg.a(lib_a-vfiprintf.o)
 .text._vfiprintf_r
                0x0000a778      0xd4c c:/progra~3/matlab/suppor~1/r2022a/3p778c~1.ins/gnuarm~1.ins/win/bin/../lib/gcc/arm-none-eabi/9.3.1/../../../../arm-none-eabi/lib/thumb/v7e-m+fp/hard\libg.a(lib_a-vfiprintf.o)
                0x0000a778                _vfiprintf_r
 .text.__sbprintf
                0x0000b4c4       0x84 c:/progra~3/matlab/suppor~1/r2022a/3p778c~1.ins/gnuarm~1.ins/win/bin/../lib/gcc/arm-none-eabi/9.3.1/../../../../arm-none-eabi/lib/thumb/v7e-m+fp/hard\libg.a(lib_a-vfiprintf.o)
 .text.__swsetup_r
                0x0000b548       0xd0 c:/progra~3/matlab/suppor~1/r2022a/3p778c~1.ins/gnuarm~1.ins/win/bin/../lib/gcc/arm-none-eabi/9.3.1/../../../../arm-none-eabi/lib/thumb/v7e-m+fp/hard\libg.a(lib_a-wsetup.o)
                0x0000b548                __swsetup_r
 .text.__register_exitproc
                0x0000b618       0x8c c:/progra~3/matlab/suppor~1/r2022a/3p778c~1.ins/gnuarm~1.ins/win/bin/../lib/gcc/arm-none-eabi/9.3.1/../../../../arm-none-eabi/lib/thumb/v7e-m+fp/hard\libg.a(lib_a-__atexit.o)
                0x0000b618                __register_exitproc
 .text.startup.register_fini
                0x0000b6a4       0x14 c:/progra~3/matlab/suppor~1/r2022a/3p778c~1.ins/gnuarm~1.ins/win/bin/../lib/gcc/arm-none-eabi/9.3.1/../../../../arm-none-eabi/lib/thumb/v7e-m+fp/hard\libg.a(lib_a-__call_atexit.o)
 .text.__call_exitprocs
                0x0000b6b8       0xcc c:/progra~3/matlab/suppor~1/r2022a/3p778c~1.ins/gnuarm~1.ins/win/bin/../lib/gcc/arm-none-eabi/9.3.1/../../../../arm-none-eabi/lib/thumb/v7e-m+fp/hard\libg.a(lib_a-__call_atexit.o)
                0x0000b6b8                __call_exitprocs
 .text.__sflush_r
                0x0000b784      0x130 c:/progra~3/matlab/suppor~1/r2022a/3p778c~1.ins/gnuarm~1.ins/win/bin/../lib/gcc/arm-none-eabi/9.3.1/../../../../arm-none-eabi/lib/thumb/v7e-m+fp/hard\libg.a(lib_a-fflush.o)
                0x0000b784                __sflush_r
 .text._fflush_r
                0x0000b8b4       0x5c c:/progra~3/matlab/suppor~1/r2022a/3p778c~1.ins/gnuarm~1.ins/win/bin/../lib/gcc/arm-none-eabi/9.3.1/../../../../arm-none-eabi/lib/thumb/v7e-m+fp/hard\libg.a(lib_a-fflush.o)
                0x0000b8b4                _fflush_r
 .text.std      0x0000b910       0x50 c:/progra~3/matlab/suppor~1/r2022a/3p778c~1.ins/gnuarm~1.ins/win/bin/../lib/gcc/arm-none-eabi/9.3.1/../../../../arm-none-eabi/lib/thumb/v7e-m+fp/hard\libg.a(lib_a-findfp.o)
 .text._cleanup_r
                0x0000b960        0xc c:/progra~3/matlab/suppor~1/r2022a/3p778c~1.ins/gnuarm~1.ins/win/bin/../lib/gcc/arm-none-eabi/9.3.1/../../../../arm-none-eabi/lib/thumb/v7e-m+fp/hard\libg.a(lib_a-findfp.o)
                0x0000b960                _cleanup_r
 .text.__sinit  0x0000b96c       0x54 c:/progra~3/matlab/suppor~1/r2022a/3p778c~1.ins/gnuarm~1.ins/win/bin/../lib/gcc/arm-none-eabi/9.3.1/../../../../arm-none-eabi/lib/thumb/v7e-m+fp/hard\libg.a(lib_a-findfp.o)
                0x0000b96c                __sinit
 .text.__sfp_lock_acquire
                0x0000b9c0        0xc c:/progra~3/matlab/suppor~1/r2022a/3p778c~1.ins/gnuarm~1.ins/win/bin/../lib/gcc/arm-none-eabi/9.3.1/../../../../arm-none-eabi/lib/thumb/v7e-m+fp/hard\libg.a(lib_a-findfp.o)
                0x0000b9c0                __sfp_lock_acquire
 .text.__sfp_lock_release
                0x0000b9cc        0xc c:/progra~3/matlab/suppor~1/r2022a/3p778c~1.ins/gnuarm~1.ins/win/bin/../lib/gcc/arm-none-eabi/9.3.1/../../../../arm-none-eabi/lib/thumb/v7e-m+fp/hard\libg.a(lib_a-findfp.o)
                0x0000b9cc                __sfp_lock_release
 .text.__fputwc
                0x0000b9d8       0xa8 c:/progra~3/matlab/suppor~1/r2022a/3p778c~1.ins/gnuarm~1.ins/win/bin/../lib/gcc/arm-none-eabi/9.3.1/../../../../arm-none-eabi/lib/thumb/v7e-m+fp/hard\libg.a(lib_a-fputwc.o)
                0x0000b9d8                __fputwc
 .text._fputwc_r
                0x0000ba80       0x68 c:/progra~3/matlab/suppor~1/r2022a/3p778c~1.ins/gnuarm~1.ins/win/bin/../lib/gcc/arm-none-eabi/9.3.1/../../../../arm-none-eabi/lib/thumb/v7e-m+fp/hard\libg.a(lib_a-fputwc.o)
                0x0000ba80                _fputwc_r
 .text._malloc_trim_r
                0x0000bae8       0xa0 c:/progra~3/matlab/suppor~1/r2022a/3p778c~1.ins/gnuarm~1.ins/win/bin/../lib/gcc/arm-none-eabi/9.3.1/../../../../arm-none-eabi/lib/thumb/v7e-m+fp/hard\libg.a(lib_a-freer.o)
                0x0000bae8                _malloc_trim_r
 .text._free_r  0x0000bb88      0x208 c:/progra~3/matlab/suppor~1/r2022a/3p778c~1.ins/gnuarm~1.ins/win/bin/../lib/gcc/arm-none-eabi/9.3.1/../../../../arm-none-eabi/lib/thumb/v7e-m+fp/hard\libg.a(lib_a-freer.o)
                0x0000bb88                _free_r
 .text.__sfvwrite_r
                0x0000bd90      0x2e0 c:/progra~3/matlab/suppor~1/r2022a/3p778c~1.ins/gnuarm~1.ins/win/bin/../lib/gcc/arm-none-eabi/9.3.1/../../../../arm-none-eabi/lib/thumb/v7e-m+fp/hard\libg.a(lib_a-fvwrite.o)
                0x0000bd90                __sfvwrite_r
 .text._fwalk_reent
                0x0000c070       0x48 c:/progra~3/matlab/suppor~1/r2022a/3p778c~1.ins/gnuarm~1.ins/win/bin/../lib/gcc/arm-none-eabi/9.3.1/../../../../arm-none-eabi/lib/thumb/v7e-m+fp/hard\libg.a(lib_a-fwalk.o)
                0x0000c070                _fwalk_reent
 .text.__locale_mb_cur_max
                0x0000c0b8        0xc c:/progra~3/matlab/suppor~1/r2022a/3p778c~1.ins/gnuarm~1.ins/win/bin/../lib/gcc/arm-none-eabi/9.3.1/../../../../arm-none-eabi/lib/thumb/v7e-m+fp/hard\libg.a(lib_a-locale.o)
                0x0000c0b8                __locale_mb_cur_max
 .text._localeconv_r
                0x0000c0c4        0x8 c:/progra~3/matlab/suppor~1/r2022a/3p778c~1.ins/gnuarm~1.ins/win/bin/../lib/gcc/arm-none-eabi/9.3.1/../../../../arm-none-eabi/lib/thumb/v7e-m+fp/hard\libg.a(lib_a-localeconv.o)
                0x0000c0c4                _localeconv_r
 .text.__retarget_lock_init_recursive
                0x0000c0cc        0x4 c:/progra~3/matlab/suppor~1/r2022a/3p778c~1.ins/gnuarm~1.ins/win/bin/../lib/gcc/arm-none-eabi/9.3.1/../../../../arm-none-eabi/lib/thumb/v7e-m+fp/hard\libg.a(lib_a-lock.o)
                0x0000c0cc                __retarget_lock_init_recursive
 .text.__retarget_lock_close_recursive